Archive member included to satisfy reference by file (symbol)

C:/devkitPro/libnx/lib\libnx.a(random.o)
                              main.o (randomGet64)
C:/devkitPro/libnx/lib\libnx.a(mutex.o)
                              C:/devkitPro/libnx/lib\libnx.a(random.o) (mutexLock)
C:/devkitPro/libnx/lib\libnx.a(detect.o)
                              main.o (kernelAbove200)
C:/devkitPro/libnx/lib\libnx.a(console.o)
                              main.o (consoleInit)
C:/devkitPro/libnx/lib\libnx.a(fs.o)
                              main.o (fsInitialize)
C:/devkitPro/libnx/lib\libnx.a(pm.o)
                              main.o (pmshellInitialize)
C:/devkitPro/libnx/lib\libnx.a(fatal.o)
                              main.o (fatalSimple)
C:/devkitPro/libnx/lib\libnx.a(sm.o)
                              C:/devkitPro/libnx/lib\libnx.a(fatal.o) (smHasInitialized)
C:/devkitPro/libnx/lib\libnx.a(hid.o)
                              main.o (hidKeysDown)
C:/devkitPro/libnx/lib\libnx.a(applet.o)
                              C:/devkitPro/libnx/lib\libnx.a(hid.o) (appletGetAppletResourceUserId)
C:/devkitPro/libnx/lib\libnx.a(gfx.o)
                              C:/devkitPro/libnx/lib\libnx.a(console.o) (g_gfx_framebuf_display_height)
C:/devkitPro/libnx/lib\libnx.a(binder.o)
                              C:/devkitPro/libnx/lib\libnx.a(gfx.o) (binderCreateSession)
C:/devkitPro/libnx/lib\libnx.a(buffer_producer.o)
                              C:/devkitPro/libnx/lib\libnx.a(gfx.o) (bufferProducerInitialize)
C:/devkitPro/libnx/lib\libnx.a(cache.o)
                              C:/devkitPro/libnx/lib\libnx.a(gfx.o) (armDCacheFlush)
C:/devkitPro/libnx/lib\libnx.a(switch_crt0.o)
                              (_start)
C:/devkitPro/libnx/lib\libnx.a(svc.o)
                              main.o (svcQueryMemory)
C:/devkitPro/libnx/lib\libnx.a(default_font.bin.o)
                              C:/devkitPro/libnx/lib\libnx.a(console.o) (default_font_bin)
C:/devkitPro/libnx/lib\libnx.a(argv.o)
                              C:/devkitPro/libnx/lib\libnx.a(switch_crt0.o) (__system_argc)
C:/devkitPro/libnx/lib\libnx.a(env.o)
                              C:/devkitPro/libnx/lib\libnx.a(argv.o) (envIsNso)
C:/devkitPro/libnx/lib\libnx.a(nxlink.o)
                              C:/devkitPro/libnx/lib\libnx.a(argv.o) (nxlinkSetup)
C:/devkitPro/libnx/lib\libnx.a(init.o)
                              C:/devkitPro/libnx/lib\libnx.a(switch_crt0.o) (__libnx_init)
C:/devkitPro/libnx/lib\libnx.a(dynamic.o)
                              C:/devkitPro/libnx/lib\libnx.a(switch_crt0.o) (__nx_dynamic)
C:/devkitPro/libnx/lib\libnx.a(virtmem.o)
                              C:/devkitPro/libnx/lib\libnx.a(init.o) (virtmemSetup)
C:/devkitPro/libnx/lib\libnx.a(rwlock.o)
                              C:/devkitPro/libnx/lib\libnx.a(hid.o) (rwlockReadLock)
C:/devkitPro/libnx/lib\libnx.a(shmem.o)
                              C:/devkitPro/libnx/lib\libnx.a(hid.o) (shmemLoadRemote)
C:/devkitPro/libnx/lib\libnx.a(fs_dev.o)
                              C:/devkitPro/libnx/lib\libnx.a(init.o) (fsdevMountSdmc)
C:/devkitPro/libnx/lib\libnx.a(nv.o)
                              C:/devkitPro/libnx/lib\libnx.a(gfx.o) (nvExit)
C:/devkitPro/libnx/lib\libnx.a(apm.o)
                              C:/devkitPro/libnx/lib\libnx.a(applet.o) (apmExit)
C:/devkitPro/libnx/lib\libnx.a(vi.o)
                              C:/devkitPro/libnx/lib\libnx.a(gfx.o) (viExit)
C:/devkitPro/libnx/lib\libnx.a(time.o)
                              C:/devkitPro/libnx/lib\libnx.a(init.o) (timeExit)
C:/devkitPro/libnx/lib\libnx.a(nvgfx.o)
                              C:/devkitPro/libnx/lib\libnx.a(gfx.o) (nvgfxInitialize)
C:/devkitPro/libnx/lib\libnx.a(parcel.o)
                              C:/devkitPro/libnx/lib\libnx.a(buffer_producer.o) (parcelInitialize)
C:/devkitPro/libnx/lib\libnx.a(nvmap.o)
                              C:/devkitPro/libnx/lib\libnx.a(nvgfx.o) (nvioctlNvmap_Create)
C:/devkitPro/libnx/lib\libnx.a(nvhost-as-gpu.o)
                              C:/devkitPro/libnx/lib\libnx.a(nvgfx.o) (nvioctlNvhostAsGpu_BindChannel)
C:/devkitPro/libnx/lib\libnx.a(nvhost-ctrl-gpu.o)
                              C:/devkitPro/libnx/lib\libnx.a(nvgfx.o) (nvioctlNvhostCtrlGpu_ZCullGetCtxSize)
C:/devkitPro/libnx/lib\libnx.a(nvhost-ctrl.o)
                              C:/devkitPro/libnx/lib\libnx.a(nvgfx.o) (nvioctlNvhostCtrl_EventWait)
C:/devkitPro/libnx/lib\libnx.a(channel.o)
                              C:/devkitPro/libnx/lib\libnx.a(nvgfx.o) (nvioctlChannel_SetNvmapFd)
C:/devkitPro/libnx/lib\libnx.a(decode_utf8.o)
                              C:/devkitPro/libnx/lib\libnx.a(fs_dev.o) (decode_utf8)
C:/devkitPro/libnx/lib\libnx.a(readtp.o)
                              C:/devkitPro/libnx/lib\libnx.a(fs_dev.o) (__aarch64_read_tp)
C:/devkitPro/libnx/lib\libnx.a(newlib.o)
                              C:/devkitPro/libnx/lib\libnx.a(init.o) (newlibSetup)
C:/devkitPro/libnx/lib\libnx.a(tmem.o)
[...]
Memory Configuration

Name             Origin             Length             Attributes
*default*        0x0000000000000000 0xffffffffffffffff

Linker script and memory map

                0x0000000000000000                PROVIDE (__start__ = 0x0)
                0x0000000000000000                . = __start__

.crt0           0x0000000000000000      0x118
 *(.crt0)
 .crt0          0x0000000000000000      0x114 C:/devkitPro/libnx/lib\libnx.a(switch_crt0.o)
                0x0000000000000000                _start
                0x0000000000000104                __nx_exit
                0x0000000000000118                . = ALIGN (0x8)
 *fill*         0x0000000000000114        0x4 

.init           0x0000000000000118       0x38
 *(.init)
 .init          0x0000000000000118       0x18 c:/devkitpro/devkita64/bin/../lib/gcc/aarch64-none-elf/7.3.0/pic/crti.o
                0x0000000000000118                _init
 .init          0x0000000000000130       0x1c c:/devkitpro/devkita64/bin/../lib/gcc/aarch64-none-elf/7.3.0/pic/crtn.o
                0x0000000000000150                . = ALIGN (0x8)
 *fill*         0x000000000000014c        0x4 

.plt            0x0000000000000150        0x0
 *(.plt)
 .plt           0x0000000000000150        0x0 c:/devkitpro/devkita64/bin/../lib/gcc/aarch64-none-elf/7.3.0/pic/crti.o
 *(.iplt)
                0x0000000000000150                . = ALIGN (0x8)

.text           0x0000000000000180    0x260b0
 *(.text.unlikely .text.*_unlikely .text.unlikely.*)
 .text.unlikely.sulp
                0x0000000000000180       0x54 c:/devkitpro/devkita64/bin/../lib/gcc/aarch64-none-elf/7.3.0/../../../../aarch64-none-elf/lib/pic\libg.a(lib_a-strtod.o)
 *(.text.exit .text.exit.*)
 *(.text.startup .text.startup.*)
 *fill*         0x00000000000001d4        0xc 
 .text.startup.main
                0x00000000000001e0      0x234 main.o
                0x00000000000001e0                main
 *(.text.hot .text.hot.*)
 *(.text .stub .text.* .gnu.linkonce.t.*)
 *fill*         0x0000000000000414        0x4 
 .text.deregister_tm_clones
                0x0000000000000418       0x2c c:/devkitpro/devkita64/bin/../lib/gcc/aarch64-none-elf/7.3.0/pic/crtbegin.o
 *fill*         0x0000000000000444        0x4 
 .text.register_tm_clones
                0x0000000000000448       0x3c c:/devkitpro/devkita64/bin/../lib/gcc/aarch64-none-elf/7.3.0/pic/crtbegin.o
 *fill*         0x0000000000000484        0x4 
 .text.__do_global_dtors_aux
                0x0000000000000488       0x48 c:/devkitpro/devkita64/bin/../lib/gcc/aarch64-none-elf/7.3.0/pic/crtbegin.o
 .text.frame_dummy
                0x00000000000004d0       0x34 c:/devkitpro/devkita64/bin/../lib/gcc/aarch64-none-elf/7.3.0/pic/crtbegin.o
 *fill*         0x0000000000000504        0xc 
 .text._Z5printcccPKcz
                0x0000000000000510       0xd0 main.o
                0x0000000000000510                print(char, char, char, char const*, ...)
 .text._Z19GetAddressSpaceInfoP16AddressSpaceInfoj
                0x00000000000005e0       0xd0 main.o
                0x00000000000005e0                GetAddressSpaceInfo(AddressSpaceInfo*, unsigned int)
 .text._Z17LocateSpaceForMapPmm
                0x00000000000006b0      0x184 main.o
                0x00000000000006b0                LocateSpaceForMap(unsigned long*, unsigned long)
 *fill*         0x0000000000000834        0xc 
 .text._Z12buildProcessPKcS0_
                0x0000000000000840      0x5fc main.o
                0x0000000000000840                buildProcess(char const*, char const*)
 *fill*         0x0000000000000e3c        0x4 
 .text.randomGet
                0x0000000000000e40      0x398 C:/devkitPro/libnx/lib\libnx.a(random.o)
                0x0000000000000e40                randomGet
 *fill*         0x00000000000011d8        0x8 
 .text.randomGet64
                0x00000000000011e0       0x20 C:/devkitPro/libnx/lib\libnx.a(random.o)
                0x00000000000011e0                randomGet64
 .text.mutexLock
                0x0000000000001200       0x94 C:/devkitPro/libnx/lib\libnx.a(mutex.o)
                0x0000000000001200                mutexLock
 *fill*         0x0000000000001294        0xc 
 .text.mutexUnlock
                0x00000000000012a0       0x24 C:/devkitPro/libnx/lib\libnx.a(mutex.o)
                0x00000000000012a0                mutexUnlock
 *fill*         0x00000000000012c4        0xc 
 .text.rmutexLock
                0x00000000000012d0       0x4c C:/devkitPro/libnx/lib\libnx.a(mutex.o)
                0x00000000000012d0                rmutexLock
 *fill*         0x000000000000131c        0x4 
 .text.rmutexUnlock
                0x0000000000001320       0x20 C:/devkitPro/libnx/lib\libnx.a(mutex.o)
                0x0000000000001320                rmutexUnlock
 .text._CacheValues
                0x0000000000001340      0x150 C:/devkitPro/libnx/lib\libnx.a(detect.o)
 .text.kernelAbove200
                0x0000000000001490       0x1c C:/devkitPro/libnx/lib\libnx.a(detect.o)
                0x0000000000001490                kernelAbove200
 *fill*         0x00000000000014ac        0x4 
 .text.kernelAbove300
                0x00000000000014b0       0x1c C:/devkitPro/libnx/lib\libnx.a(detect.o)
                0x00000000000014b0                kernelAbove300
 *fill*         0x00000000000014cc        0x4 
 .text.detectDebugger
                0x00000000000014d0       0x30 C:/devkitPro/libnx/lib\libnx.a(detect.o)
                0x00000000000014d0                detectDebugger
 .text.consoleDrawChar
                0x0000000000001500      0x2b4 C:/devkitPro/libnx/lib\libnx.a(console.o)
                0x0000000000001500                consoleDrawChar
 *fill*         0x00000000000017b4        0xc 
 .text.consolePrintChar
                0x00000000000017c0      0x164 C:/devkitPro/libnx/lib\libnx.a(console.o)
                0x00000000000017c0                consolePrintChar
 *fill*         0x0000000000001924        0xc 
 .text.consoleClearLine
                0x0000000000001930      0x18c C:/devkitPro/libnx/lib\libnx.a(console.o)
 *fill*         0x0000000000001abc        0x4 
 .text.newRow   0x0000000000001ac0      0x1c4 C:/devkitPro/libnx/lib\libnx.a(console.o)
 *fill*         0x0000000000001c84        0xc 
 .text.consoleCls
                0x0000000000001c90      0x1bc C:/devkitPro/libnx/lib\libnx.a(console.o)
 *fill*         0x0000000000001e4c        0x4 
 .text.consoleInit
                0x0000000000001e50       0xf4 C:/devkitPro/libnx/lib\libnx.a(console.o)
                0x0000000000001e50                consoleInit
 *fill*         0x0000000000001f44        0xc 
 .text.con_write
                0x0000000000001f50      0x864 C:/devkitPro/libnx/lib\libnx.a(console.o)
 *fill*         0x00000000000027b4        0xc 
 .text.ipcCloseObjectById
                0x00000000000027c0       0x34 C:/devkitPro/libnx/lib\libnx.a(fs.o)
 *fill*         0x00000000000027f4        0xc 
 .text.fsInitialize
                0x0000000000002800      0x120 C:/devkitPro/libnx/lib\libnx.a(fs.o)
                0x0000000000002800                fsInitialize
 .text.fsExit   0x0000000000002920       0xa0 C:/devkitPro/libnx/lib\libnx.a(fs.o)
                0x0000000000002920                fsExit
 .text.fsMountSdcard
                0x00000000000029c0      0x13c C:/devkitPro/libnx/lib\libnx.a(fs.o)
                0x00000000000029c0                fsMountSdcard
 *fill*         0x0000000000002afc        0x4 
 .text.fsFsCreateFile
                0x0000000000002b00       0xf0 C:/devkitPro/libnx/lib\libnx.a(fs.o)
                0x0000000000002b00                fsFsCreateFile
 .text.fsFsDeleteFile
                0x0000000000002bf0       0xf0 C:/devkitPro/libnx/lib\libnx.a(fs.o)
                0x0000000000002bf0                fsFsDeleteFile
 .text.fsFsCreateDirectory
                0x0000000000002ce0       0xf0 C:/devkitPro/libnx/lib\libnx.a(fs.o)
                0x0000000000002ce0                fsFsCreateDirectory
 .text.fsFsDeleteDirectory
                0x0000000000002dd0       0xf0 C:/devkitPro/libnx/lib\libnx.a(fs.o)
                0x0000000000002dd0                fsFsDeleteDirectory
 .text.fsFsRenameFile
                0x0000000000002ec0      0x118 C:/devkitPro/libnx/lib\libnx.a(fs.o)
                0x0000000000002ec0                fsFsRenameFile
 *fill*         0x0000000000002fd8        0x8 
 .text.fsFsRenameDirectory
                0x0000000000002fe0      0x118 C:/devkitPro/libnx/lib\libnx.a(fs.o)
                0x0000000000002fe0                fsFsRenameDirectory
 *fill*         0x00000000000030f8        0x8 
 .text.fsFsGetEntryType
                0x0000000000003100      0x100 C:/devkitPro/libnx/lib\libnx.a(fs.o)
                0x0000000000003100                fsFsGetEntryType
 .text.fsFsOpenFile
                0x0000000000003200      0x15c C:/devkitPro/libnx/lib\libnx.a(fs.o)
                0x0000000000003200                fsFsOpenFile
 *fill*         0x000000000000335c        0x4 
 .text.fsFsOpenDirectory
                0x0000000000003360      0x15c C:/devkitPro/libnx/lib\libnx.a(fs.o)
                0x0000000000003360                fsFsOpenDirectory
 *fill*         0x00000000000034bc        0x4 
 .text.fsFsGetFreeSpace
                0x00000000000034c0      0x100 C:/devkitPro/libnx/lib\libnx.a(fs.o)
                0x00000000000034c0                fsFsGetFreeSpace
 .text.fsFsGetTotalSpace
                0x00000000000035c0      0x100 C:/devkitPro/libnx/lib\libnx.a(fs.o)
                0x00000000000035c0                fsFsGetTotalSpace
 .text.fsFsClose
                0x00000000000036c0       0x6c C:/devkitPro/libnx/lib\libnx.a(fs.o)
                0x00000000000036c0                fsFsClose
 *fill*         0x000000000000372c        0x4 
 .text.fsFileRead
                0x0000000000003730      0x104 C:/devkitPro/libnx/lib\libnx.a(fs.o)
                0x0000000000003730                fsFileRead
 *fill*         0x0000000000003834        0xc 
 .text.fsFileWrite
                0x0000000000003840       0xf4 C:/devkitPro/libnx/lib\libnx.a(fs.o)
                0x0000000000003840                fsFileWrite
 *fill*         0x0000000000003934        0xc 
 .text.fsFileFlush
                0x0000000000003940       0xc4 C:/devkitPro/libnx/lib\libnx.a(fs.o)
                0x0000000000003940                fsFileFlush
 *fill*         0x0000000000003a04        0xc 
 .text.fsFileSetSize
                0x0000000000003a10       0xc4 C:/devkitPro/libnx/lib\libnx.a(fs.o)
                0x0000000000003a10                fsFileSetSize
 *fill*         0x0000000000003ad4        0xc 
 .text.fsFileGetSize
                0x0000000000003ae0       0xec C:/devkitPro/libnx/lib\libnx.a(fs.o)
                0x0000000000003ae0                fsFileGetSize
 *fill*         0x0000000000003bcc        0x4 
 .text.fsFileClose
                0x0000000000003bd0       0x6c C:/devkitPro/libnx/lib\libnx.a(fs.o)
                0x0000000000003bd0                fsFileClose
 *fill*         0x0000000000003c3c        0x4 
 .text.fsDirClose
                0x0000000000003c40       0x6c C:/devkitPro/libnx/lib\libnx.a(fs.o)
                0x0000000000003c40                fsDirClose
 *fill*         0x0000000000003cac        0x4 
 .text.fsDirRead
                0x0000000000003cb0      0x110 C:/devkitPro/libnx/lib\libnx.a(fs.o)
                0x0000000000003cb0                fsDirRead
 .text.fatalSimple
                0x0000000000003dc0       0xbc C:/devkitPro/libnx/lib\libnx.a(fatal.o)
                0x0000000000003dc0                fatalSimple
 *fill*         0x0000000000003e7c        0x4 
 .text.smAddOverrideHandle
                0x0000000000003e80       0x44 C:/devkitPro/libnx/lib\libnx.a(sm.o)
                0x0000000000003e80                smAddOverrideHandle
 *fill*         0x0000000000003ec4        0xc 
 .text.smGetServiceOverride
                0x0000000000003ed0       0x64 C:/devkitPro/libnx/lib\libnx.a(sm.o)
                0x0000000000003ed0                smGetServiceOverride
 *fill*         0x0000000000003f34        0xc 
 .text.smHasInitialized
                0x0000000000003f40       0x14 C:/devkitPro/libnx/lib\libnx.a(sm.o)
                0x0000000000003f40                smHasInitialized
 *fill*         0x0000000000003f54        0xc 
 .text.smExit   0x0000000000003f60       0x48 C:/devkitPro/libnx/lib\libnx.a(sm.o)
                0x0000000000003f60                smExit
 *fill*         0x0000000000003fa8        0x8 
 .text.smEncodeName
                0x0000000000003fb0       0x34 C:/devkitPro/libnx/lib\libnx.a(sm.o)
                0x0000000000003fb0                smEncodeName
 *fill*         0x0000000000003fe4        0xc 
 .text.smGetServiceOriginal
                0x0000000000003ff0      0x12c C:/devkitPro/libnx/lib\libnx.a(sm.o)
                0x0000000000003ff0                smGetServiceOriginal
 *fill*         0x000000000000411c        0x4 
 .text.smInitialize
                0x0000000000004120      0x160 C:/devkitPro/libnx/lib\libnx.a(sm.o)
                0x0000000000004120                smInitialize
 .text.smGetService
                0x0000000000004280       0x74 C:/devkitPro/libnx/lib\libnx.a(sm.o)
                0x0000000000004280                smGetService
 *fill*         0x00000000000042f4        0xc 
 .text.ipcCloseObjectById
                0x0000000000004300       0x34 C:/devkitPro/libnx/lib\libnx.a(hid.o)
 *fill*         0x0000000000004334        0xc 
 .text._hidGetSharedMemoryHandle.constprop.8
                0x0000000000004340      0x12c C:/devkitPro/libnx/lib\libnx.a(hid.o)
 *fill*         0x000000000000446c        0x4 
 .text._hidCreateAppletResource.constprop.7
                0x0000000000004470      0x13c C:/devkitPro/libnx/lib\libnx.a(hid.o)
 *fill*         0x00000000000045ac        0x4 
 .text.hidReset
                0x00000000000045b0      0x1bc C:/devkitPro/libnx/lib\libnx.a(hid.o)
                0x00000000000045b0                hidReset
 *fill*         0x000000000000476c        0x4 
 .text.hidGetSharedmemAddr
                0x0000000000004770        0xc C:/devkitPro/libnx/lib\libnx.a(hid.o)
                0x0000000000004770                hidGetSharedmemAddr
 *fill*         0x000000000000477c        0x4 
 .text.hidKeysDown
                0x0000000000004780       0x6c C:/devkitPro/libnx/lib\libnx.a(hid.o)
                0x0000000000004780                hidKeysDown
 *fill*         0x00000000000047ec        0x4 
 .text.hidTouchCount
                0x00000000000047f0        0xc C:/devkitPro/libnx/lib\libnx.a(hid.o)
                0x00000000000047f0                hidTouchCount
 *fill*         0x00000000000047fc        0x4 
 .text.hidScanInput
                0x0000000000004800      0x4a8 C:/devkitPro/libnx/lib\libnx.a(hid.o)
                0x0000000000004800                hidScanInput
 *fill*         0x0000000000004ca8        0x8 
 .text.hidSetNpadJoyAssignmentModeDual
                0x0000000000004cb0      0x108 C:/devkitPro/libnx/lib\libnx.a(hid.o)
                0x0000000000004cb0                hidSetNpadJoyAssignmentModeDual
 *fill*         0x0000000000004db8        0x8 
 .text.hidExit  0x0000000000004dc0      0x138 C:/devkitPro/libnx/lib\libnx.a(hid.o)
                0x0000000000004dc0                hidExit
 *fill*         0x0000000000004ef8        0x8 
 .text.hidInitialize
                0x0000000000004f00       0xe4 C:/devkitPro/libnx/lib\libnx.a(hid.o)
                0x0000000000004f00                hidInitialize
 *fill*         0x0000000000004fe4        0xc 
 .text.ipcCloseObjectById
                0x0000000000004ff0       0x34 C:/devkitPro/libnx/lib\libnx.a(applet.o)
 *fill*         0x0000000000005024        0xc 
 .text._appletGetHandle
                0x0000000000005030      0x124 C:/devkitPro/libnx/lib\libnx.a(applet.o)
 *fill*         0x0000000000005154        0xc 
 .text._appletGetOperationMode.constprop.13
                0x0000000000005160       0xe0 C:/devkitPro/libnx/lib\libnx.a(applet.o)
 .text._appletGetPerformanceMode.constprop.14
                0x0000000000005240       0xe0 C:/devkitPro/libnx/lib\libnx.a(applet.o)
 .text._appletReceiveMessage
                0x0000000000005320       0xe8 C:/devkitPro/libnx/lib\libnx.a(applet.o)
 *fill*         0x0000000000005408        0x8 
 .text._appletGetCurrentFocusState.constprop.15
                0x0000000000005410       0xe0 C:/devkitPro/libnx/lib\libnx.a(applet.o)
 .text._appletAcquireForegroundRights
                0x00000000000054f0       0xcc C:/devkitPro/libnx/lib\libnx.a(applet.o)
 *fill*         0x00000000000055bc        0x4 
 .text._appletSetOperationModeChangedNotification.constprop.16
                0x00000000000055c0       0xd4 C:/devkitPro/libnx/lib\libnx.a(applet.o)
 *fill*         0x0000000000005694        0xc 
 .text._appletSetOutOfFocusSuspendingEnabled
                0x00000000000056a0       0xcc C:/devkitPro/libnx/lib\libnx.a(applet.o)
 *fill*         0x000000000000576c        0x4 
 .text._appletSetPerformanceModeChangedNotification.constprop.17
                0x0000000000005770       0xd4 C:/devkitPro/libnx/lib\libnx.a(applet.o)
 *fill*         0x0000000000005844        0xc 
 .text._appletSetFocusHandlingMode
                0x0000000000005850       0xd4 C:/devkitPro/libnx/lib\libnx.a(applet.o)
 *fill*         0x0000000000005924        0xc 
 .text._appletGetAppletResourceUserId.constprop.11
                0x0000000000005930       0xe0 C:/devkitPro/libnx/lib\libnx.a(applet.o)
 .text._appletGetSessionProxy.constprop.10
                0x0000000000005a10      0x14c C:/devkitPro/libnx/lib\libnx.a(applet.o)
 *fill*         0x0000000000005b5c        0x4 
 .text.appletExit
                0x0000000000005b60      0x4b8 C:/devkitPro/libnx/lib\libnx.a(applet.o)
                0x0000000000005b60                appletExit
 *fill*         0x0000000000006018        0x8 
 .text.appletHook
                0x0000000000006020       0x28 C:/devkitPro/libnx/lib\libnx.a(applet.o)
                0x0000000000006020                appletHook
 *fill*         0x0000000000006048        0x8 
 .text.appletUnhook
                0x0000000000006050       0x34 C:/devkitPro/libnx/lib\libnx.a(applet.o)
                0x0000000000006050                appletUnhook
 *fill*         0x0000000000006084        0xc 
 .text.appletGetAppletResourceUserId
                0x0000000000006090       0x28 C:/devkitPro/libnx/lib\libnx.a(applet.o)
                0x0000000000006090                appletGetAppletResourceUserId
 *fill*         0x00000000000060b8        0x8 
 .text.appletNotifyRunning
                0x00000000000060c0      0x120 C:/devkitPro/libnx/lib\libnx.a(applet.o)
                0x00000000000060c0                appletNotifyRunning
 .text.appletInitialize
                0x00000000000061e0      0x578 C:/devkitPro/libnx/lib\libnx.a(applet.o)
                0x00000000000061e0                appletInitialize
 *fill*         0x0000000000006758        0x8 
 .text.appletCreateManagedDisplayLayer
                0x0000000000006760       0xe8 C:/devkitPro/libnx/lib\libnx.a(applet.o)
                0x0000000000006760                appletCreateManagedDisplayLayer
 *fill*         0x0000000000006848        0x8 
 .text.appletGetOperationMode
                0x0000000000006850        0xc C:/devkitPro/libnx/lib\libnx.a(applet.o)
                0x0000000000006850                appletGetOperationMode
 *fill*         0x000000000000685c        0x4 
 .text.appletMainLoop
                0x0000000000006860      0x15c C:/devkitPro/libnx/lib\libnx.a(applet.o)
                0x0000000000006860                appletMainLoop
 *fill*         0x00000000000069bc        0x4 
 .text._gfxDequeueBuffer.part.0
                0x00000000000069c0       0xbc C:/devkitPro/libnx/lib\libnx.a(gfx.o)
 *fill*         0x0000000000006a7c        0x4 
 .text._gfxQueueBuffer.part.1
                0x0000000000006a80       0x38 C:/devkitPro/libnx/lib\libnx.a(gfx.o)
 *fill*         0x0000000000006ab8        0x8 
 .text.gfxConfigureCrop
                0x0000000000006ac0       0xe8 C:/devkitPro/libnx/lib\libnx.a(gfx.o)
                0x0000000000006ac0                gfxConfigureCrop
 *fill*         0x0000000000006ba8        0x8 
 .text.gfxConfigureResolution
                0x0000000000006bb0       0x14 C:/devkitPro/libnx/lib\libnx.a(gfx.o)
                0x0000000000006bb0                gfxConfigureResolution
 *fill*         0x0000000000006bc4        0xc 
 .text._gfxAutoResolutionAppletHook
                0x0000000000006bd0       0x68 C:/devkitPro/libnx/lib\libnx.a(gfx.o)
 *fill*         0x0000000000006c38        0x8 
 .text.gfxConfigureAutoResolution
                0x0000000000006c40      0x11c C:/devkitPro/libnx/lib\libnx.a(gfx.o)
                0x0000000000006c40                gfxConfigureAutoResolution
 *fill*         0x0000000000006d5c        0x4 
 .text.gfxExit  0x0000000000006d60      0x194 C:/devkitPro/libnx/lib\libnx.a(gfx.o)
                0x0000000000006d60                gfxExit
 *fill*         0x0000000000006ef4        0xc 
 .text._gfxGraphicBufferInit
                0x0000000000006f00       0x54 C:/devkitPro/libnx/lib\libnx.a(gfx.o)
                0x0000000000006f00                _gfxGraphicBufferInit
 *fill*         0x0000000000006f54        0xc 
 .text.gfxWaitForVsync
                0x0000000000006f60       0x80 C:/devkitPro/libnx/lib\libnx.a(gfx.o)
                0x0000000000006f60                gfxWaitForVsync
 .text.gfxInitDefault
                0x0000000000006fe0      0x5e8 C:/devkitPro/libnx/lib\libnx.a(gfx.o)
                0x0000000000006fe0                gfxInitDefault
 *fill*         0x00000000000075c8        0x8 
 .text.gfxSwapBuffers
                0x00000000000075d0       0x60 C:/devkitPro/libnx/lib\libnx.a(gfx.o)
                0x00000000000075d0                gfxSwapBuffers
 .text.gfxGetFramebuffer
                0x0000000000007630       0x6c C:/devkitPro/libnx/lib\libnx.a(gfx.o)
                0x0000000000007630                gfxGetFramebuffer
 *fill*         0x000000000000769c        0x4 
 .text.gfxSetMode
                0x00000000000076a0        0xc C:/devkitPro/libnx/lib\libnx.a(gfx.o)
                0x00000000000076a0                gfxSetMode
 *fill*         0x00000000000076ac        0x4 
 .text.gfxFlushBuffers
                0x00000000000076b0      0x124 C:/devkitPro/libnx/lib\libnx.a(gfx.o)
                0x00000000000076b0                gfxFlushBuffers
 *fill*         0x00000000000077d4        0xc 
 .text._binderTransactParcel
                0x00000000000077e0      0x13c C:/devkitPro/libnx/lib\libnx.a(binder.o)
 *fill*         0x000000000000791c        0x4 
 .text.ipcQueryPointerBufferSize
                0x0000000000007920       0xc8 C:/devkitPro/libnx/lib\libnx.a(binder.o)
 *fill*         0x00000000000079e8        0x8 
 .text._binderTransactParcelAuto
                0x00000000000079f0      0x29c C:/devkitPro/libnx/lib\libnx.a(binder.o)
 *fill*         0x0000000000007c8c        0x4 
 .text.binderCreateSession
                0x0000000000007c90       0x18 C:/devkitPro/libnx/lib\libnx.a(binder.o)
                0x0000000000007c90                binderCreateSession
 *fill*         0x0000000000007ca8        0x8 
 .text.binderTransactParcel
                0x0000000000007cb0       0x14 C:/devkitPro/libnx/lib\libnx.a(binder.o)
                0x0000000000007cb0                binderTransactParcel
 *fill*         0x0000000000007cc4        0xc 
 .text.binderAdjustRefcount
                0x0000000000007cd0       0xe4 C:/devkitPro/libnx/lib\libnx.a(binder.o)
                0x0000000000007cd0                binderAdjustRefcount
 *fill*         0x0000000000007db4        0xc 
 .text.binderExitSession
                0x0000000000007dc0       0x70 C:/devkitPro/libnx/lib\libnx.a(binder.o)
                0x0000000000007dc0                binderExitSession
 .text.binderGetNativeHandle
                0x0000000000007e30      0x134 C:/devkitPro/libnx/lib\libnx.a(binder.o)
                0x0000000000007e30                binderGetNativeHandle
 *fill*         0x0000000000007f64        0xc 
 .text.binderInitSession
                0x0000000000007f70      0x144 C:/devkitPro/libnx/lib\libnx.a(binder.o)
                0x0000000000007f70                binderInitSession
 *fill*         0x00000000000080b4        0xc 
 .text.bufferProducerInitialize
                0x00000000000080c0       0x10 C:/devkitPro/libnx/lib\libnx.a(buffer_producer.o)
                0x00000000000080c0                bufferProducerInitialize
 .text.bufferProducerExit
                0x00000000000080d0        0xc C:/devkitPro/libnx/lib\libnx.a(buffer_producer.o)
                0x00000000000080d0                bufferProducerExit
 *fill*         0x00000000000080dc        0x4 
 .text.bufferProducerRequestBuffer
                0x00000000000080e0      0x134 C:/devkitPro/libnx/lib\libnx.a(buffer_producer.o)
                0x00000000000080e0                bufferProducerRequestBuffer
 *fill*         0x0000000000008214        0xc 
 .text.bufferProducerDequeueBuffer
                0x0000000000008220      0x1a0 C:/devkitPro/libnx/lib\libnx.a(buffer_producer.o)
                0x0000000000008220                bufferProducerDequeueBuffer
 .text.bufferProducerDetachBuffer
                0x00000000000083c0       0x9c C:/devkitPro/libnx/lib\libnx.a(buffer_producer.o)
                0x00000000000083c0                bufferProducerDetachBuffer
 *fill*         0x000000000000845c        0x4 
 .text.bufferProducerQueueBuffer
                0x0000000000008460      0x120 C:/devkitPro/libnx/lib\libnx.a(buffer_producer.o)
                0x0000000000008460                bufferProducerQueueBuffer
 .text.bufferProducerQuery
                0x0000000000008580       0xdc C:/devkitPro/libnx/lib\libnx.a(buffer_producer.o)
                0x0000000000008580                bufferProducerQuery
 *fill*         0x000000000000865c        0x4 
 .text.bufferProducerConnect
                0x0000000000008660      0x12c C:/devkitPro/libnx/lib\libnx.a(buffer_producer.o)
                0x0000000000008660                bufferProducerConnect
 *fill*         0x000000000000878c        0x4 
 .text.bufferProducerDisconnect
                0x0000000000008790       0x9c C:/devkitPro/libnx/lib\libnx.a(buffer_producer.o)
                0x0000000000008790                bufferProducerDisconnect
 *fill*         0x000000000000882c        0x4 
 .text.bufferProducerGraphicBufferInit
                0x0000000000008830      0x110 C:/devkitPro/libnx/lib\libnx.a(buffer_producer.o)
                0x0000000000008830                bufferProducerGraphicBufferInit
 .text.armDCacheFlush
                0x0000000000008940       0x3c C:/devkitPro/libnx/lib\libnx.a(cache.o)
                0x0000000000008940                armDCacheFlush
 .text.svcSetHeapSize
                0x000000000000897c       0x14 C:/devkitPro/libnx/lib\libnx.a(svc.o)
                0x000000000000897c                svcSetHeapSize
 .text.svcUnmapMemory
                0x0000000000008990        0x8 C:/devkitPro/libnx/lib\libnx.a(svc.o)
                0x0000000000008990                svcUnmapMemory
 .text.svcQueryMemory
                0x0000000000008998       0x14 C:/devkitPro/libnx/lib\libnx.a(svc.o)
                0x0000000000008998                svcQueryMemory
 .text.svcExitProcess
                0x00000000000089ac        0x8 C:/devkitPro/libnx/lib\libnx.a(svc.o)
                0x00000000000089ac                svcExitProcess
 .text.svcSleepThread
                0x00000000000089b4        0x8 C:/devkitPro/libnx/lib\libnx.a(svc.o)
                0x00000000000089b4                svcSleepThread
 .text.svcMapSharedMemory
                0x00000000000089bc        0x8 C:/devkitPro/libnx/lib\libnx.a(svc.o)
                0x00000000000089bc                svcMapSharedMemory
 .text.svcUnmapSharedMemory
                0x00000000000089c4        0x8 C:/devkitPro/libnx/lib\libnx.a(svc.o)
                0x00000000000089c4                svcUnmapSharedMemory
 .text.svcCreateTransferMemory
                0x00000000000089cc       0x14 C:/devkitPro/libnx/lib\libnx.a(svc.o)
                0x00000000000089cc                svcCreateTransferMemory
 .text.svcCloseHandle
                0x00000000000089e0        0x8 C:/devkitPro/libnx/lib\libnx.a(svc.o)
                0x00000000000089e0                svcCloseHandle
 .text.svcResetSignal
                0x00000000000089e8        0x8 C:/devkitPro/libnx/lib\libnx.a(svc.o)
                0x00000000000089e8                svcResetSignal
 .text.svcWaitSynchronization
                0x00000000000089f0       0x14 C:/devkitPro/libnx/lib\libnx.a(svc.o)
                0x00000000000089f0                svcWaitSynchronization
 .text.svcArbitrateLock
                0x0000000000008a04        0x8 C:/devkitPro/libnx/lib\libnx.a(svc.o)
                0x0000000000008a04                svcArbitrateLock
 .text.svcArbitrateUnlock
                0x0000000000008a0c        0x8 C:/devkitPro/libnx/lib\libnx.a(svc.o)
                0x0000000000008a0c                svcArbitrateUnlock
 .text.svcGetSystemTick
                0x0000000000008a14        0x8 C:/devkitPro/libnx/lib\libnx.a(svc.o)
                0x0000000000008a14                svcGetSystemTick
 .text.svcConnectToNamedPort
                0x0000000000008a1c       0x14 C:/devkitPro/libnx/lib\libnx.a(svc.o)
                0x0000000000008a1c                svcConnectToNamedPort
 .text.svcSendSyncRequest
                0x0000000000008a30        0x8 C:/devkitPro/libnx/lib\libnx.a(svc.o)
                0x0000000000008a30                svcSendSyncRequest
 .text.svcBreak
                0x0000000000008a38        0x8 C:/devkitPro/libnx/lib\libnx.a(svc.o)
                0x0000000000008a38                svcBreak
 .text.svcGetInfo
                0x0000000000008a40       0x14 C:/devkitPro/libnx/lib\libnx.a(svc.o)
                0x0000000000008a40                svcGetInfo
 .text.svcUnmapTransferMemory
                0x0000000000008a54        0x8 C:/devkitPro/libnx/lib\libnx.a(svc.o)
                0x0000000000008a54                svcUnmapTransferMemory
 .text.svcSetProcessMemoryPermission
                0x0000000000008a5c        0x8 C:/devkitPro/libnx/lib\libnx.a(svc.o)
                0x0000000000008a5c                svcSetProcessMemoryPermission
 .text.svcMapProcessMemory
                0x0000000000008a64        0x8 C:/devkitPro/libnx/lib\libnx.a(svc.o)
                0x0000000000008a64                svcMapProcessMemory
 .text.svcCreateProcess
                0x0000000000008a6c       0x14 C:/devkitPro/libnx/lib\libnx.a(svc.o)
                0x0000000000008a6c                svcCreateProcess
 .text.svcStartProcess
                0x0000000000008a80        0x8 C:/devkitPro/libnx/lib\libnx.a(svc.o)
                0x0000000000008a80                svcStartProcess
 .text.svcCreateResourceLimit
                0x0000000000008a88       0x14 C:/devkitPro/libnx/lib\libnx.a(svc.o)
                0x0000000000008a88                svcCreateResourceLimit
 .text.svcSetResourceLimitLimitValue
                0x0000000000008a9c        0x8 C:/devkitPro/libnx/lib\libnx.a(svc.o)
                0x0000000000008a9c                svcSetResourceLimitLimitValue
 *fill*         0x0000000000008aa4        0xc 
 .text.argvSetup
                0x0000000000008ab0      0x380 C:/devkitPro/libnx/lib\libnx.a(argv.o)
                0x0000000000008ab0                argvSetup
 .text.envSetup
                0x0000000000008e30      0x1bc C:/devkitPro/libnx/lib\libnx.a(env.o)
                0x0000000000008e30                envSetup
 *fill*         0x0000000000008fec        0x4 
 .text.envGetMainThreadHandle
                0x0000000000008ff0       0x20 C:/devkitPro/libnx/lib\libnx.a(env.o)
                0x0000000000008ff0                envGetMainThreadHandle
 .text.envIsNso
                0x0000000000009010        0xc C:/devkitPro/libnx/lib\libnx.a(env.o)
                0x0000000000009010                envIsNso
 *fill*         0x000000000000901c        0x4 
 .text.envHasHeapOverride
                0x0000000000009020       0x14 C:/devkitPro/libnx/lib\libnx.a(env.o)
                0x0000000000009020                envHasHeapOverride
 *fill*         0x0000000000009034        0xc 
 .text.envGetHeapOverrideAddr
                0x0000000000009040        0xc C:/devkitPro/libnx/lib\libnx.a(env.o)
                0x0000000000009040                envGetHeapOverrideAddr
 *fill*         0x000000000000904c        0x4 
 .text.envGetHeapOverrideSize
                0x0000000000009050        0xc C:/devkitPro/libnx/lib\libnx.a(env.o)
                0x0000000000009050                envGetHeapOverrideSize
 *fill*         0x000000000000905c        0x4 
 .text.envHasArgv
                0x0000000000009060       0x14 C:/devkitPro/libnx/lib\libnx.a(env.o)
                0x0000000000009060                envHasArgv
 *fill*         0x0000000000009074        0xc 
 .text.envGetArgv
                0x0000000000009080        0xc C:/devkitPro/libnx/lib\libnx.a(env.o)
                0x0000000000009080                envGetArgv
 *fill*         0x000000000000908c        0x4 
 .text.envGetExitFuncPtr
                0x0000000000009090        0xc C:/devkitPro/libnx/lib\libnx.a(env.o)
                0x0000000000009090                envGetExitFuncPtr
 *fill*         0x000000000000909c        0x4 
 .text.nxlinkSetup
                0x00000000000090a0       0xc8 C:/devkitPro/libnx/lib\libnx.a(nxlink.o)
                0x00000000000090a0                nxlinkSetup
 *fill*         0x0000000000009168        0x8 
 .text.__libnx_initheap
                0x0000000000009170       0xdc C:/devkitPro/libnx/lib\libnx.a(init.o)
                0x0000000000009170                __libnx_initheap
 *fill*         0x000000000000924c        0x4 
 .text.__appInit
                0x0000000000009250       0x74 C:/devkitPro/libnx/lib\libnx.a(init.o)
                0x0000000000009250                __appInit
 *fill*         0x00000000000092c4        0xc 
 .text.__appExit
                0x00000000000092d0       0x24 C:/devkitPro/libnx/lib\libnx.a(init.o)
                0x00000000000092d0                __appExit
 *fill*         0x00000000000092f4        0xc 
 .text.__libnx_init
                0x0000000000009300       0x28 C:/devkitPro/libnx/lib\libnx.a(init.o)
                0x0000000000009300                __libnx_init
 *fill*         0x0000000000009328        0x8 
 .text.__libnx_exit
                0x0000000000009330       0x20 C:/devkitPro/libnx/lib\libnx.a(init.o)
                0x0000000000009330                __libnx_exit
 .text.__nx_dynamic
                0x0000000000009350       0xac C:/devkitPro/libnx/lib\libnx.a(dynamic.o)
                0x0000000000009350                __nx_dynamic
 *fill*         0x00000000000093fc        0x4 
 .text._GetRegionFromInfo
                0x0000000000009400       0x68 C:/devkitPro/libnx/lib\libnx.a(virtmem.o)
 *fill*         0x0000000000009468        0x8 
 .text.virtmemSetup
                0x0000000000009470       0xd4 C:/devkitPro/libnx/lib\libnx.a(virtmem.o)
                0x0000000000009470                virtmemSetup
 *fill*         0x0000000000009544        0xc 
 .text.virtmemReserve
                0x0000000000009550      0x13c C:/devkitPro/libnx/lib\libnx.a(virtmem.o)
                0x0000000000009550                virtmemReserve
 *fill*         0x000000000000968c        0x4 
 .text.virtmemFree
                0x0000000000009690        0x4 C:/devkitPro/libnx/lib\libnx.a(virtmem.o)
                0x0000000000009690                virtmemFree
 *fill*         0x0000000000009694        0xc 
 .text.rwlockReadLock
                0x00000000000096a0       0x3c C:/devkitPro/libnx/lib\libnx.a(rwlock.o)
                0x00000000000096a0                rwlockReadLock
 *fill*         0x00000000000096dc        0x4 
 .text.rwlockReadUnlock
                0x00000000000096e0       0x50 C:/devkitPro/libnx/lib\libnx.a(rwlock.o)
                0x00000000000096e0                rwlockReadUnlock
 .text.rwlockWriteLock
                0x0000000000009730        0x8 C:/devkitPro/libnx/lib\libnx.a(rwlock.o)
                0x0000000000009730                rwlockWriteLock
 *fill*         0x0000000000009738        0x8 
 .text.rwlockWriteUnlock
                0x0000000000009740        0x8 C:/devkitPro/libnx/lib\libnx.a(rwlock.o)
                0x0000000000009740                rwlockWriteUnlock
 *fill*         0x0000000000009748        0x8 
 .text.shmemLoadRemote
                0x0000000000009750       0x14 C:/devkitPro/libnx/lib\libnx.a(shmem.o)
                0x0000000000009750                shmemLoadRemote
 *fill*         0x0000000000009764        0xc 
 .text.shmemMap
                0x0000000000009770       0x9c C:/devkitPro/libnx/lib\libnx.a(shmem.o)
                0x0000000000009770                shmemMap
 *fill*         0x000000000000980c        0x4 
 .text.shmemUnmap
                0x0000000000009810       0x48 C:/devkitPro/libnx/lib\libnx.a(shmem.o)
                0x0000000000009810                shmemUnmap
 *fill*         0x0000000000009858        0x8 
 .text.shmemClose
                0x0000000000009860       0x40 C:/devkitPro/libnx/lib\libnx.a(shmem.o)
                0x0000000000009860                shmemClose
 .text.fsdev_link
                0x00000000000098a0       0x10 C:/devkitPro/libnx/lib\libnx.a(fs_dev.o)
 .text.fsdev_dirreset
                0x00000000000098b0       0x10 C:/devkitPro/libnx/lib\libnx.a(fs_dev.o)
 .text.fsdev_chmod
                0x00000000000098c0       0x10 C:/devkitPro/libnx/lib\libnx.a(fs_dev.o)
 .text.error_cmp
                0x00000000000098d0       0x20 C:/devkitPro/libnx/lib\libnx.a(fs_dev.o)
 .text.fsdev_translate_error
                0x00000000000098f0       0x60 C:/devkitPro/libnx/lib\libnx.a(fs_dev.o)
 .text.fsdev_fsync
                0x0000000000009950       0x40 C:/devkitPro/libnx/lib\libnx.a(fs_dev.o)
 .text.fsdev_ftruncate
                0x0000000000009990       0x64 C:/devkitPro/libnx/lib\libnx.a(fs_dev.o)
 *fill*         0x00000000000099f4        0xc 
 .text.fsdev_dirclose
                0x0000000000009a00       0x20 C:/devkitPro/libnx/lib\libnx.a(fs_dev.o)
 .text.fsdev_dirnext
                0x0000000000009a20      0x1a8 C:/devkitPro/libnx/lib\libnx.a(fs_dev.o)
 *fill*         0x0000000000009bc8        0x8 
 .text.fsdev_close
                0x0000000000009bd0       0x1c C:/devkitPro/libnx/lib\libnx.a(fs_dev.o)
 *fill*         0x0000000000009bec        0x4 
 .text.fsdev_fstat
                0x0000000000009bf0       0x80 C:/devkitPro/libnx/lib\libnx.a(fs_dev.o)
 .text.fsdev_seek
                0x0000000000009c70       0xb8 C:/devkitPro/libnx/lib\libnx.a(fs_dev.o)
 *fill*         0x0000000000009d28        0x8 
 .text.fsdev_read
                0x0000000000009d30      0x1b4 C:/devkitPro/libnx/lib\libnx.a(fs_dev.o)
 *fill*         0x0000000000009ee4        0xc 
 .text.fsdev_write
                0x0000000000009ef0      0x1d0 C:/devkitPro/libnx/lib\libnx.a(fs_dev.o)
 .text.fsdevFindDevice
                0x000000000000a0c0      0x12c C:/devkitPro/libnx/lib\libnx.a(fs_dev.o)
 *fill*         0x000000000000a1ec        0x4 
 .text._fsdevMountDevice
                0x000000000000a1f0      0x190 C:/devkitPro/libnx/lib\libnx.a(fs_dev.o)
 .text.fsdev_getfspath
                0x000000000000a380      0x214 C:/devkitPro/libnx/lib\libnx.a(fs_dev.o)
 *fill*         0x000000000000a594        0xc 
 .text.fsdev_rmdir
                0x000000000000a5a0       0x70 C:/devkitPro/libnx/lib\libnx.a(fs_dev.o)
 .text.fsdev_statvfs
                0x000000000000a610       0xd8 C:/devkitPro/libnx/lib\libnx.a(fs_dev.o)
 *fill*         0x000000000000a6e8        0x8 
 .text.fsdev_diropen
                0x000000000000a6f0       0xc8 C:/devkitPro/libnx/lib\libnx.a(fs_dev.o)
 *fill*         0x000000000000a7b8        0x8 
 .text.fsdev_mkdir
                0x000000000000a7c0       0x70 C:/devkitPro/libnx/lib\libnx.a(fs_dev.o)
 .text.fsdev_rename
                0x000000000000a830      0x13c C:/devkitPro/libnx/lib\libnx.a(fs_dev.o)
 *fill*         0x000000000000a96c        0x4 
 .text.fsdev_chdir
                0x000000000000a970       0xcc C:/devkitPro/libnx/lib\libnx.a(fs_dev.o)
 *fill*         0x000000000000aa3c        0x4 
 .text.fsdev_unlink
                0x000000000000aa40       0x70 C:/devkitPro/libnx/lib\libnx.a(fs_dev.o)
 .text.fsdev_stat
                0x000000000000aab0      0x17c C:/devkitPro/libnx/lib\libnx.a(fs_dev.o)
 *fill*         0x000000000000ac2c        0x4 
 .text.fsdev_open
                0x000000000000ac30      0x1b4 C:/devkitPro/libnx/lib\libnx.a(fs_dev.o)
 *fill*         0x000000000000ade4        0xc 
 .text._fsdevUnmountDeviceStruct.part.4
                0x000000000000adf0       0xb8 C:/devkitPro/libnx/lib\libnx.a(fs_dev.o)
 *fill*         0x000000000000aea8        0x8 
 .text.fsdev_fchmod
                0x000000000000aeb0       0x10 C:/devkitPro/libnx/lib\libnx.a(fs_dev.o)
 .text.fsdevMountSdmc
                0x000000000000aec0      0x164 C:/devkitPro/libnx/lib\libnx.a(fs_dev.o)
                0x000000000000aec0                fsdevMountSdmc
 *fill*         0x000000000000b024        0xc 
 .text.fsdevUnmountAll
                0x000000000000b030       0x70 C:/devkitPro/libnx/lib\libnx.a(fs_dev.o)
                0x000000000000b030                fsdevUnmountAll
 .text.ipcCloseObjectById
                0x000000000000b0a0       0x34 C:/devkitPro/libnx/lib\libnx.a(nv.o)
 *fill*         0x000000000000b0d4        0xc 
 .text._nvSetClientPID
                0x000000000000b0e0       0xd4 C:/devkitPro/libnx/lib\libnx.a(nv.o)
 *fill*         0x000000000000b1b4        0xc 
 .text.ipcQueryPointerBufferSize.constprop.6
                0x000000000000b1c0       0xc4 C:/devkitPro/libnx/lib\libnx.a(nv.o)
 *fill*         0x000000000000b284        0xc 
 .text._nvInitialize.constprop.5
                0x000000000000b290       0xec C:/devkitPro/libnx/lib\libnx.a(nv.o)
 *fill*         0x000000000000b37c        0x4 
 .text.nvExit   0x000000000000b380       0xb0 C:/devkitPro/libnx/lib\libnx.a(nv.o)
                0x000000000000b380                nvExit
 .text.nvInitialize
                0x000000000000b430      0x198 C:/devkitPro/libnx/lib\libnx.a(nv.o)
                0x000000000000b430                nvInitialize
 *fill*         0x000000000000b5c8        0x8 
 .text.nvConvertError
                0x000000000000b5d0      0x120 C:/devkitPro/libnx/lib\libnx.a(nv.o)
                0x000000000000b5d0                nvConvertError
 .text.nvOpen   0x000000000000b6f0      0x124 C:/devkitPro/libnx/lib\libnx.a(nv.o)
                0x000000000000b6f0                nvOpen
 *fill*         0x000000000000b814        0xc 
 .text.nvIoctl  0x000000000000b820      0x240 C:/devkitPro/libnx/lib\libnx.a(nv.o)
                0x000000000000b820                nvIoctl
 .text.nvClose  0x000000000000ba60       0xd8 C:/devkitPro/libnx/lib\libnx.a(nv.o)
                0x000000000000ba60                nvClose
 *fill*         0x000000000000bb38        0x8 
 .text.nvQueryEvent
                0x000000000000bb40      0x144 C:/devkitPro/libnx/lib\libnx.a(nv.o)
                0x000000000000bb40                nvQueryEvent
 *fill*         0x000000000000bc84        0xc 
 .text.ipcCloseObjectById
                0x000000000000bc90       0x34 C:/devkitPro/libnx/lib\libnx.a(apm.o)
 *fill*         0x000000000000bcc4        0xc 
 .text._apmGetSession.constprop.4
                0x000000000000bcd0      0x12c C:/devkitPro/libnx/lib\libnx.a(apm.o)
 *fill*         0x000000000000bdfc        0x4 
 .text.apmExit  0x000000000000be00       0xf0 C:/devkitPro/libnx/lib\libnx.a(apm.o)
                0x000000000000be00                apmExit
 .text.apmInitialize
                0x000000000000bef0       0xa4 C:/devkitPro/libnx/lib\libnx.a(apm.o)
                0x000000000000bef0                apmInitialize
 *fill*         0x000000000000bf94        0xc 
 .text.apmSetPerformanceConfiguration
                0x000000000000bfa0       0xcc C:/devkitPro/libnx/lib\libnx.a(apm.o)
                0x000000000000bfa0                apmSetPerformanceConfiguration
 *fill*         0x000000000000c06c        0x4 
 .text.ipcCloseObjectById
                0x000000000000c070       0x34 C:/devkitPro/libnx/lib\libnx.a(vi.o)
 *fill*         0x000000000000c0a4        0xc 
 .text._viGetSession.constprop.6
                0x000000000000c0b0      0x144 C:/devkitPro/libnx/lib\libnx.a(vi.o)
 *fill*         0x000000000000c1f4        0xc 
 .text._viCreatestray_layer.isra.4
                0x000000000000c200      0x130 C:/devkitPro/libnx/lib\libnx.a(vi.o)
 .text._viOpenLayer
                0x000000000000c330      0x138 C:/devkitPro/libnx/lib\libnx.a(vi.o)
 *fill*         0x000000000000c468        0x8 
 .text.viExit   0x000000000000c470      0x1d8 C:/devkitPro/libnx/lib\libnx.a(vi.o)
                0x000000000000c470                viExit
 *fill*         0x000000000000c648        0x8 
 .text.viInitialize
                0x000000000000c650      0x29c C:/devkitPro/libnx/lib\libnx.a(vi.o)
                0x000000000000c650                viInitialize
 *fill*         0x000000000000c8ec        0x4 
 .text.viGetSession_IHOSBinderDriverRelay
                0x000000000000c8f0        0xc C:/devkitPro/libnx/lib\libnx.a(vi.o)
                0x000000000000c8f0                viGetSession_IHOSBinderDriverRelay
 *fill*         0x000000000000c8fc        0x4 
 .text.viOpenDisplay
                0x000000000000c900      0x140 C:/devkitPro/libnx/lib\libnx.a(vi.o)
                0x000000000000c900                viOpenDisplay
 .text.viCloseDisplay
                0x000000000000ca40       0xf4 C:/devkitPro/libnx/lib\libnx.a(vi.o)
                0x000000000000ca40                viCloseDisplay
 *fill*         0x000000000000cb34        0xc 
 .text.viOpenLayer
                0x000000000000cb40       0xe0 C:/devkitPro/libnx/lib\libnx.a(vi.o)
                0x000000000000cb40                viOpenLayer
 .text.viCloseLayer
                0x000000000000cc20      0x104 C:/devkitPro/libnx/lib\libnx.a(vi.o)
                0x000000000000cc20                viCloseLayer
 *fill*         0x000000000000cd24        0xc 
 .text.viSetLayerScalingMode
                0x000000000000cd30       0xe4 C:/devkitPro/libnx/lib\libnx.a(vi.o)
                0x000000000000cd30                viSetLayerScalingMode
 *fill*         0x000000000000ce14        0xc 
 .text.viGetDisplayVsyncEvent
                0x000000000000ce20      0x134 C:/devkitPro/libnx/lib\libnx.a(vi.o)
                0x000000000000ce20                viGetDisplayVsyncEvent
 *fill*         0x000000000000cf54        0xc 
 .text.ipcCloseObjectById
                0x000000000000cf60       0x34 C:/devkitPro/libnx/lib\libnx.a(time.o)
 *fill*         0x000000000000cf94        0xc 
 .text._timeGetSession
                0x000000000000cfa0      0x13c C:/devkitPro/libnx/lib\libnx.a(time.o)
 *fill*         0x000000000000d0dc        0x4 
 .text.timeExit
                0x000000000000d0e0      0x1f0 C:/devkitPro/libnx/lib\libnx.a(time.o)
                0x000000000000d0e0                timeExit
 .text.timeInitialize
                0x000000000000d2d0       0xe0 C:/devkitPro/libnx/lib\libnx.a(time.o)
                0x000000000000d2d0                timeInitialize
 .text.timeGetCurrentTime
                0x000000000000d3b0      0x128 C:/devkitPro/libnx/lib\libnx.a(time.o)
                0x000000000000d3b0                timeGetCurrentTime
 *fill*         0x000000000000d4d8        0x8 
 .text.nvmapobjClose
                0x000000000000d4e0       0x3c C:/devkitPro/libnx/lib\libnx.a(nvgfx.o)
 *fill*         0x000000000000d51c        0x4 
 .text.nvmapobjInitialize.part.0
                0x000000000000d520       0x70 C:/devkitPro/libnx/lib\libnx.a(nvgfx.o)
 .text.nvmapobjSetup.constprop.2
                0x000000000000d590       0x74 C:/devkitPro/libnx/lib\libnx.a(nvgfx.o)
 *fill*         0x000000000000d604        0xc 
 .text.nvgfxInitialize
                0x000000000000d610      0xbd4 C:/devkitPro/libnx/lib\libnx.a(nvgfx.o)
                0x000000000000d610                nvgfxInitialize
 *fill*         0x000000000000e1e4        0xc 
 .text.nvgfxExit
                0x000000000000e1f0      0x12c C:/devkitPro/libnx/lib\libnx.a(nvgfx.o)
                0x000000000000e1f0                nvgfxExit
 *fill*         0x000000000000e31c        0x4 
 .text.nvgfxEventWait
                0x000000000000e320       0x68 C:/devkitPro/libnx/lib\libnx.a(nvgfx.o)
                0x000000000000e320                nvgfxEventWait
 *fill*         0x000000000000e388        0x8 
 .text.nvgfxGetFramebuffer
                0x000000000000e390       0x40 C:/devkitPro/libnx/lib\libnx.a(nvgfx.o)
                0x000000000000e390                nvgfxGetFramebuffer
 .text.parcelInitialize
                0x000000000000e3d0       0x28 C:/devkitPro/libnx/lib\libnx.a(parcel.o)
                0x000000000000e3d0                parcelInitialize
 *fill*         0x000000000000e3f8        0x8 
 .text.parcelTransact
                0x000000000000e400      0x1d0 C:/devkitPro/libnx/lib\libnx.a(parcel.o)
                0x000000000000e400                parcelTransact
 .text.parcelWriteData
                0x000000000000e5d0       0x88 C:/devkitPro/libnx/lib\libnx.a(parcel.o)
                0x000000000000e5d0                parcelWriteData
 *fill*         0x000000000000e658        0x8 
 .text.parcelReadData
                0x000000000000e660       0x8c C:/devkitPro/libnx/lib\libnx.a(parcel.o)
                0x000000000000e660                parcelReadData
 *fill*         0x000000000000e6ec        0x4 
 .text.parcelWriteInt32
                0x000000000000e6f0       0x24 C:/devkitPro/libnx/lib\libnx.a(parcel.o)
                0x000000000000e6f0                parcelWriteInt32
 *fill*         0x000000000000e714        0xc 
 .text.parcelWriteUInt32
                0x000000000000e720       0x24 C:/devkitPro/libnx/lib\libnx.a(parcel.o)
                0x000000000000e720                parcelWriteUInt32
 *fill*         0x000000000000e744        0xc 
 .text.parcelWriteString16
                0x000000000000e750       0x74 C:/devkitPro/libnx/lib\libnx.a(parcel.o)
                0x000000000000e750                parcelWriteString16
 *fill*         0x000000000000e7c4        0xc 
 .text.parcelWriteInterfaceToken
                0x000000000000e7d0       0x30 C:/devkitPro/libnx/lib\libnx.a(parcel.o)
                0x000000000000e7d0                parcelWriteInterfaceToken
 .text.parcelReadInt32
                0x000000000000e800       0x24 C:/devkitPro/libnx/lib\libnx.a(parcel.o)
                0x000000000000e800                parcelReadInt32
 *fill*         0x000000000000e824        0xc 
 .text.parcelReadFlattenedObject
                0x000000000000e830       0x6c C:/devkitPro/libnx/lib\libnx.a(parcel.o)
                0x000000000000e830                parcelReadFlattenedObject
 *fill*         0x000000000000e89c        0x4 
 .text.parcelWriteFlattenedObject
                0x000000000000e8a0       0x4c C:/devkitPro/libnx/lib\libnx.a(parcel.o)
                0x000000000000e8a0                parcelWriteFlattenedObject
 *fill*         0x000000000000e8ec        0x4 
 .text.nvioctlNvmap_Create
                0x000000000000e8f0       0x3c C:/devkitPro/libnx/lib\libnx.a(nvmap.o)
                0x000000000000e8f0                nvioctlNvmap_Create
 *fill*         0x000000000000e92c        0x4 
 .text.nvioctlNvmap_FromId
                0x000000000000e930       0x3c C:/devkitPro/libnx/lib\libnx.a(nvmap.o)
                0x000000000000e930                nvioctlNvmap_FromId
 *fill*         0x000000000000e96c        0x4 
 .text.nvioctlNvmap_Alloc
                0x000000000000e970       0x30 C:/devkitPro/libnx/lib\libnx.a(nvmap.o)
                0x000000000000e970                nvioctlNvmap_Alloc
 .text.nvioctlNvmap_GetId
                0x000000000000e9a0       0x3c C:/devkitPro/libnx/lib\libnx.a(nvmap.o)
                0x000000000000e9a0                nvioctlNvmap_GetId
 *fill*         0x000000000000e9dc        0x4 
 .text.nvioctlNvhostAsGpu_BindChannel
                0x000000000000e9e0       0x24 C:/devkitPro/libnx/lib\libnx.a(nvhost-as-gpu.o)
                0x000000000000e9e0                nvioctlNvhostAsGpu_BindChannel
 *fill*         0x000000000000ea04        0xc 
 .text.nvioctlNvhostAsGpu_AllocSpace
                0x000000000000ea10       0x44 C:/devkitPro/libnx/lib\libnx.a(nvhost-as-gpu.o)
                0x000000000000ea10                nvioctlNvhostAsGpu_AllocSpace
 *fill*         0x000000000000ea54        0xc 
 .text.nvioctlNvhostAsGpu_MapBufferEx
                0x000000000000ea60       0x50 C:/devkitPro/libnx/lib\libnx.a(nvhost-as-gpu.o)
                0x000000000000ea60                nvioctlNvhostAsGpu_MapBufferEx
 .text.nvioctlNvhostAsGpu_GetVARegions
                0x000000000000eab0       0x64 C:/devkitPro/libnx/lib\libnx.a(nvhost-as-gpu.o)
                0x000000000000eab0                nvioctlNvhostAsGpu_GetVARegions
 *fill*         0x000000000000eb14        0xc 
 .text.nvioctlNvhostAsGpu_InitializeEx
                0x000000000000eb20       0x3c C:/devkitPro/libnx/lib\libnx.a(nvhost-as-gpu.o)
                0x000000000000eb20                nvioctlNvhostAsGpu_InitializeEx
 *fill*         0x000000000000eb5c        0x4 
 .text.nvioctlNvhostCtrlGpu_ZCullGetCtxSize
                0x000000000000eb60       0x3c C:/devkitPro/libnx/lib\libnx.a(nvhost-ctrl-gpu.o)
                0x000000000000eb60                nvioctlNvhostCtrlGpu_ZCullGetCtxSize
 *fill*         0x000000000000eb9c        0x4 
 .text.nvioctlNvhostCtrlGpu_ZCullGetInfo
                0x000000000000eba0       0x54 C:/devkitPro/libnx/lib\libnx.a(nvhost-ctrl-gpu.o)
                0x000000000000eba0                nvioctlNvhostCtrlGpu_ZCullGetInfo
 *fill*         0x000000000000ebf4        0xc 
 .text.nvioctlNvhostCtrlGpu_GetCharacteristics
                0x000000000000ec00       0x88 C:/devkitPro/libnx/lib\libnx.a(nvhost-ctrl-gpu.o)
                0x000000000000ec00                nvioctlNvhostCtrlGpu_GetCharacteristics
 *fill*         0x000000000000ec88        0x8 
 .text.nvioctlNvhostCtrlGpu_GetTpcMasks
                0x000000000000ec90       0x5c C:/devkitPro/libnx/lib\libnx.a(nvhost-ctrl-gpu.o)
                0x000000000000ec90                nvioctlNvhostCtrlGpu_GetTpcMasks
 *fill*         0x000000000000ecec        0x4 
 .text.nvioctlNvhostCtrlGpu_GetL2State
                0x000000000000ecf0       0x3c C:/devkitPro/libnx/lib\libnx.a(nvhost-ctrl-gpu.o)
                0x000000000000ecf0                nvioctlNvhostCtrlGpu_GetL2State
 *fill*         0x000000000000ed2c        0x4 
 .text.nvioctlNvhostCtrl_EventWait
                0x000000000000ed30       0x40 C:/devkitPro/libnx/lib\libnx.a(nvhost-ctrl.o)
                0x000000000000ed30                nvioctlNvhostCtrl_EventWait
 .text.nvioctlChannel_SetNvmapFd
                0x000000000000ed70       0x24 C:/devkitPro/libnx/lib\libnx.a(channel.o)
                0x000000000000ed70                nvioctlChannel_SetNvmapFd
 *fill*         0x000000000000ed94        0xc 
 .text.nvioctlChannel_AllocObjCtx
                0x000000000000eda0       0x30 C:/devkitPro/libnx/lib\libnx.a(channel.o)
                0x000000000000eda0                nvioctlChannel_AllocObjCtx
 .text.nvioctlChannel_ZCullBind
                0x000000000000edd0       0x28 C:/devkitPro/libnx/lib\libnx.a(channel.o)
                0x000000000000edd0                nvioctlChannel_ZCullBind
 *fill*         0x000000000000edf8        0x8 
 .text.nvioctlChannel_SetErrorNotifier
                0x000000000000ee00       0x28 C:/devkitPro/libnx/lib\libnx.a(channel.o)
                0x000000000000ee00                nvioctlChannel_SetErrorNotifier
 *fill*         0x000000000000ee28        0x8 
 .text.nvioctlChannel_SetPriority
                0x000000000000ee30       0x24 C:/devkitPro/libnx/lib\libnx.a(channel.o)
                0x000000000000ee30                nvioctlChannel_SetPriority
 *fill*         0x000000000000ee54        0xc 
 .text.nvioctlChannel_AllocGpfifoEx2
                0x000000000000ee60       0x54 C:/devkitPro/libnx/lib\libnx.a(channel.o)
                0x000000000000ee60                nvioctlChannel_AllocGpfifoEx2
 *fill*         0x000000000000eeb4        0xc 
 .text.nvioctlChannel_SetUserData
                0x000000000000eec0       0x24 C:/devkitPro/libnx/lib\libnx.a(channel.o)
                0x000000000000eec0                nvioctlChannel_SetUserData
 *fill*         0x000000000000eee4        0xc 
 .text.decode_utf8
                0x000000000000eef0      0x130 C:/devkitPro/libnx/lib\libnx.a(decode_utf8.o)
                0x000000000000eef0                decode_utf8
 .text.__aarch64_read_tp
                0x000000000000f020        0xc C:/devkitPro/libnx/lib\libnx.a(readtp.o)
                0x000000000000f020                __aarch64_read_tp
 *fill*         0x000000000000f02c        0x4 
 .text.mutexInit
                0x000000000000f030        0x8 C:/devkitPro/libnx/lib\libnx.a(newlib.o)
 *fill*         0x000000000000f038        0x8 
 .text.rmutexInit
                0x000000000000f040        0xc C:/devkitPro/libnx/lib\libnx.a(newlib.o)
 *fill*         0x000000000000f04c        0x4 
 .text.__libnx_gtod
                0x000000000000f050       0x90 C:/devkitPro/libnx/lib\libnx.a(newlib.o)
                0x000000000000f050                __libnx_gtod
 .text.__libnx_get_reent
                0x000000000000f0e0       0x34 C:/devkitPro/libnx/lib\libnx.a(newlib.o)
 *fill*         0x000000000000f114        0xc 
 .text.newlibSetup
                0x000000000000f120       0xec C:/devkitPro/libnx/lib\libnx.a(newlib.o)
                0x000000000000f120                newlibSetup
 *fill*         0x000000000000f20c        0x4 
 .text.tmemCreate
                0x000000000000f210       0x7c C:/devkitPro/libnx/lib\libnx.a(tmem.o)
                0x000000000000f210                tmemCreate
 *fill*         0x000000000000f28c        0x4 
 .text.tmemUnmap
                0x000000000000f290       0x48 C:/devkitPro/libnx/lib\libnx.a(tmem.o)
                0x000000000000f290                tmemUnmap
 *fill*         0x000000000000f2d8        0x8 
 .text.tmemClose
                0x000000000000f2e0       0x64 C:/devkitPro/libnx/lib\libnx.a(tmem.o)
                0x000000000000f2e0                tmemClose
 *fill*         0x000000000000f344        0x4 
 .text.bsearch  0x000000000000f348       0xc8 c:/devkitpro/devkita64/bin/../lib/gcc/aarch64-none-elf/7.3.0/../../../../aarch64-none-elf/lib/pic\libg.a(lib_a-bsearch.o)
                0x000000000000f348                bsearch
 .text.calloc   0x000000000000f410       0x2c c:/devkitpro/devkita64/bin/../lib/gcc/aarch64-none-elf/7.3.0/../../../../aarch64-none-elf/lib/pic\libg.a(lib_a-calloc.o)
                0x000000000000f410                calloc
 *fill*         0x000000000000f43c        0x4 
 .text._calloc_r
                0x000000000000f440       0x90 c:/devkitpro/devkita64/bin/../lib/gcc/aarch64-none-elf/7.3.0/../../../../aarch64-none-elf/lib/pic\libg.a(lib_a-callocr.o)
                0x000000000000f440                _calloc_r
 .text.__errno  0x000000000000f4d0       0x14 c:/devkitpro/devkita64/bin/../lib/gcc/aarch64-none-elf/7.3.0/../../../../aarch64-none-elf/lib/pic\libg.a(lib_a-errno.o)
                0x000000000000f4d0                __errno
 *fill*         0x000000000000f4e4        0x4 
 .text._fclose_r
                0x000000000000f4e8      0x18c c:/devkitpro/devkita64/bin/../lib/gcc/aarch64-none-elf/7.3.0/../../../../aarch64-none-elf/lib/pic\libg.a(lib_a-fclose.o)
                0x000000000000f4e8                _fclose_r
 *fill*         0x000000000000f674        0x4 
 .text.fclose   0x000000000000f678       0x24 c:/devkitpro/devkita64/bin/../lib/gcc/aarch64-none-elf/7.3.0/../../../../aarch64-none-elf/lib/pic\libg.a(lib_a-fclose.o)
                0x000000000000f678                fclose
 *fill*         0x000000000000f69c        0x4 
 .text.__sflush_r
                0x000000000000f6a0      0x278 c:/devkitpro/devkita64/bin/../lib/gcc/aarch64-none-elf/7.3.0/../../../../aarch64-none-elf/lib/pic\libg.a(lib_a-fflush.o)
                0x000000000000f6a0                __sflush_r
 .text._fflush_r
                0x000000000000f918       0xa4 c:/devkitpro/devkita64/bin/../lib/gcc/aarch64-none-elf/7.3.0/../../../../aarch64-none-elf/lib/pic\libg.a(lib_a-fflush.o)
                0x000000000000f918                _fflush_r
 *fill*         0x000000000000f9bc        0x4 
 .text.fflush   0x000000000000f9c0       0x40 c:/devkitpro/devkita64/bin/../lib/gcc/aarch64-none-elf/7.3.0/../../../../aarch64-none-elf/lib/pic\libg.a(lib_a-fflush.o)
                0x000000000000f9c0                fflush
 .text.std      0x000000000000fa00       0x78 c:/devkitpro/devkita64/bin/../lib/gcc/aarch64-none-elf/7.3.0/../../../../aarch64-none-elf/lib/pic\libg.a(lib_a-findfp.o)
 .text._cleanup_r
                0x000000000000fa78        0xc c:/devkitpro/devkita64/bin/../lib/gcc/aarch64-none-elf/7.3.0/../../../../aarch64-none-elf/lib/pic\libg.a(lib_a-findfp.o)
                0x000000000000fa78                _cleanup_r
 *fill*         0x000000000000fa84        0x4 
 .text.__sfmoreglue
                0x000000000000fa88       0x60 c:/devkitpro/devkita64/bin/../lib/gcc/aarch64-none-elf/7.3.0/../../../../aarch64-none-elf/lib/pic\libg.a(lib_a-findfp.o)
                0x000000000000fa88                __sfmoreglue
 .text.__sfp_lock_acquire
                0x000000000000fae8        0xc c:/devkitpro/devkita64/bin/../lib/gcc/aarch64-none-elf/7.3.0/../../../../aarch64-none-elf/lib/pic\libg.a(lib_a-findfp.o)
                0x000000000000fae8                __sfp_lock_acquire
 *fill*         0x000000000000faf4        0x4 
 .text.__sfp_lock_release
                0x000000000000faf8        0xc c:/devkitpro/devkita64/bin/../lib/gcc/aarch64-none-elf/7.3.0/../../../../aarch64-none-elf/lib/pic\libg.a(lib_a-findfp.o)
                0x000000000000faf8                __sfp_lock_release
 *fill*         0x000000000000fb04        0x4 
 .text.__sinit_lock_acquire
                0x000000000000fb08        0xc c:/devkitpro/devkita64/bin/../lib/gcc/aarch64-none-elf/7.3.0/../../../../aarch64-none-elf/lib/pic\libg.a(lib_a-findfp.o)
                0x000000000000fb08                __sinit_lock_acquire
 *fill*         0x000000000000fb14        0x4 
 .text.__sinit_lock_release
                0x000000000000fb18        0xc c:/devkitpro/devkita64/bin/../lib/gcc/aarch64-none-elf/7.3.0/../../../../aarch64-none-elf/lib/pic\libg.a(lib_a-findfp.o)
                0x000000000000fb18                __sinit_lock_release
 *fill*         0x000000000000fb24        0x4 
 .text.__sinit  0x000000000000fb28       0x80 c:/devkitpro/devkita64/bin/../lib/gcc/aarch64-none-elf/7.3.0/../../../../aarch64-none-elf/lib/pic\libg.a(lib_a-findfp.o)
                0x000000000000fb28                __sinit
 .text.__sfp    0x000000000000fba8      0x128 c:/devkitpro/devkita64/bin/../lib/gcc/aarch64-none-elf/7.3.0/../../../../aarch64-none-elf/lib/pic\libg.a(lib_a-findfp.o)
                0x000000000000fba8                __sfp
 .text.__libc_fini_array
                0x000000000000fcd0       0x44 c:/devkitpro/devkita64/bin/../lib/gcc/aarch64-none-elf/7.3.0/../../../../aarch64-none-elf/lib/pic\libg.a(lib_a-fini.o)
                0x000000000000fcd0                __libc_fini_array
 *fill*         0x000000000000fd14        0x4 
 .text._fopen_r
                0x000000000000fd18      0x158 c:/devkitpro/devkita64/bin/../lib/gcc/aarch64-none-elf/7.3.0/../../../../aarch64-none-elf/lib/pic\libg.a(lib_a-fopen.o)
                0x000000000000fd18                _fopen_r
 .text.fopen    0x000000000000fe70       0x2c c:/devkitpro/devkita64/bin/../lib/gcc/aarch64-none-elf/7.3.0/../../../../aarch64-none-elf/lib/pic\libg.a(lib_a-fopen.o)
                0x000000000000fe70                fopen
 *fill*         0x000000000000fe9c        0x4 
 .text._fread_r
                0x000000000000fea0      0x2f0 c:/devkitpro/devkita64/bin/../lib/gcc/aarch64-none-elf/7.3.0/../../../../aarch64-none-elf/lib/pic\libg.a(lib_a-fread.o)
                0x000000000000fea0                _fread_r
 .text.fread    0x0000000000010190       0x44 c:/devkitpro/devkita64/bin/../lib/gcc/aarch64-none-elf/7.3.0/../../../../aarch64-none-elf/lib/pic\libg.a(lib_a-fread.o)
                0x0000000000010190                fread
 *fill*         0x00000000000101d4        0x4 
 .text._malloc_trim_r
                0x00000000000101d8      0x11c c:/devkitpro/devkita64/bin/../lib/gcc/aarch64-none-elf/7.3.0/../../../../aarch64-none-elf/lib/pic\libg.a(lib_a-freer.o)
                0x00000000000101d8                _malloc_trim_r
 *fill*         0x00000000000102f4        0x4 
 .text._free_r  0x00000000000102f8      0x314 c:/devkitpro/devkita64/bin/../lib/gcc/aarch64-none-elf/7.3.0/../../../../aarch64-none-elf/lib/pic\libg.a(lib_a-freer.o)
                0x00000000000102f8                _free_r
 *fill*         0x000000000001060c        0x4 
 .text._fseek_r
                0x0000000000010610        0x4 c:/devkitpro/devkita64/bin/../lib/gcc/aarch64-none-elf/7.3.0/../../../../aarch64-none-elf/lib/pic\libg.a(lib_a-fseek.o)
                0x0000000000010610                _fseek_r
 *fill*         0x0000000000010614        0x4 
 .text.fseek    0x0000000000010618       0x3c c:/devkitpro/devkita64/bin/../lib/gcc/aarch64-none-elf/7.3.0/../../../../aarch64-none-elf/lib/pic\libg.a(lib_a-fseek.o)
                0x0000000000010618                fseek
 *fill*         0x0000000000010654        0x4 
 .text._fseeko_r
                0x0000000000010658      0x504 c:/devkitpro/devkita64/bin/../lib/gcc/aarch64-none-elf/7.3.0/../../../../aarch64-none-elf/lib/pic\libg.a(lib_a-fseeko.o)
                0x0000000000010658                _fseeko_r
 *fill*         0x0000000000010b5c        0x4 
 .text._ftell_r
                0x0000000000010b60        0x4 c:/devkitpro/devkita64/bin/../lib/gcc/aarch64-none-elf/7.3.0/../../../../aarch64-none-elf/lib/pic\libg.a(lib_a-ftell.o)
                0x0000000000010b60                _ftell_r
 *fill*         0x0000000000010b64        0x4 
 .text.ftell    0x0000000000010b68       0x24 c:/devkitpro/devkita64/bin/../lib/gcc/aarch64-none-elf/7.3.0/../../../../aarch64-none-elf/lib/pic\libg.a(lib_a-ftell.o)
                0x0000000000010b68                ftell
 *fill*         0x0000000000010b8c        0x4 
 .text._ftello_r
                0x0000000000010b90      0x170 c:/devkitpro/devkita64/bin/../lib/gcc/aarch64-none-elf/7.3.0/../../../../aarch64-none-elf/lib/pic\libg.a(lib_a-ftello.o)
                0x0000000000010b90                _ftello_r
 .text._fwalk   0x0000000000010d00       0xbc c:/devkitpro/devkita64/bin/../lib/gcc/aarch64-none-elf/7.3.0/../../../../aarch64-none-elf/lib/pic\libg.a(lib_a-fwalk.o)
                0x0000000000010d00                _fwalk
 *fill*         0x0000000000010dbc        0x4 
 .text._fwalk_reent
                0x0000000000010dc0       0xcc c:/devkitpro/devkita64/bin/../lib/gcc/aarch64-none-elf/7.3.0/../../../../aarch64-none-elf/lib/pic\libg.a(lib_a-fwalk.o)
                0x0000000000010dc0                _fwalk_reent
 *fill*         0x0000000000010e8c        0x4 
 .text._fwrite_r
                0x0000000000010e90      0x104 c:/devkitpro/devkita64/bin/../lib/gcc/aarch64-none-elf/7.3.0/../../../../aarch64-none-elf/lib/pic\libg.a(lib_a-fwrite.o)
                0x0000000000010e90                _fwrite_r
 *fill*         0x0000000000010f94        0x4 
 .text.fwrite   0x0000000000010f98       0x44 c:/devkitpro/devkita64/bin/../lib/gcc/aarch64-none-elf/7.3.0/../../../../aarch64-none-elf/lib/pic\libg.a(lib_a-fwrite.o)
                0x0000000000010f98                fwrite
 *fill*         0x0000000000010fdc        0x4 
 .text.__libc_init_array
                0x0000000000010fe0       0x8c c:/devkitpro/devkita64/bin/../lib/gcc/aarch64-none-elf/7.3.0/../../../../aarch64-none-elf/lib/pic\libg.a(lib_a-init.o)
                0x0000000000010fe0                __libc_init_array
 *fill*         0x000000000001106c        0x4 
 .text.__locale_mb_cur_max
                0x0000000000011070       0x2c c:/devkitpro/devkita64/bin/../lib/gcc/aarch64-none-elf/7.3.0/../../../../aarch64-none-elf/lib/pic\libg.a(lib_a-locale.o)
                0x0000000000011070                __locale_mb_cur_max
 *fill*         0x000000000001109c        0x4 
 .text.__locale_ctype_ptr_l
                0x00000000000110a0        0x8 c:/devkitpro/devkita64/bin/../lib/gcc/aarch64-none-elf/7.3.0/../../../../aarch64-none-elf/lib/pic\libg.a(lib_a-locale.o)
                0x00000000000110a0                __locale_ctype_ptr_l
 .text.__locale_ctype_ptr
                0x00000000000110a8       0x2c c:/devkitpro/devkita64/bin/../lib/gcc/aarch64-none-elf/7.3.0/../../../../aarch64-none-elf/lib/pic\libg.a(lib_a-locale.o)
                0x00000000000110a8                __locale_ctype_ptr
 *fill*         0x00000000000110d4        0x4 
 .text.__swhatbuf_r
                0x00000000000110d8       0xac c:/devkitpro/devkita64/bin/../lib/gcc/aarch64-none-elf/7.3.0/../../../../aarch64-none-elf/lib/pic\libg.a(lib_a-makebuf.o)
                0x00000000000110d8                __swhatbuf_r
 *fill*         0x0000000000011184        0x4 
 .text.__smakebuf_r
                0x0000000000011188      0x110 c:/devkitpro/devkita64/bin/../lib/gcc/aarch64-none-elf/7.3.0/../../../../aarch64-none-elf/lib/pic\libg.a(lib_a-makebuf.o)
                0x0000000000011188                __smakebuf_r
 .text.memalign
                0x0000000000011298       0x2c c:/devkitpro/devkita64/bin/../lib/gcc/aarch64-none-elf/7.3.0/../../../../aarch64-none-elf/lib/pic\libg.a(lib_a-malign.o)
                0x0000000000011298                memalign
 *fill*         0x00000000000112c4        0x4 
 .text._memalign_r
                0x00000000000112c8      0x1ac c:/devkitpro/devkita64/bin/../lib/gcc/aarch64-none-elf/7.3.0/../../../../aarch64-none-elf/lib/pic\libg.a(lib_a-malignr.o)
                0x00000000000112c8                _memalign_r
 *fill*         0x0000000000011474        0x4 
 .text.malloc   0x0000000000011478       0x24 c:/devkitpro/devkita64/bin/../lib/gcc/aarch64-none-elf/7.3.0/../../../../aarch64-none-elf/lib/pic\libg.a(lib_a-malloc.o)
                0x0000000000011478                malloc
 *fill*         0x000000000001149c        0x4 
 .text.free     0x00000000000114a0       0x24 c:/devkitpro/devkita64/bin/../lib/gcc/aarch64-none-elf/7.3.0/../../../../aarch64-none-elf/lib/pic\libg.a(lib_a-malloc.o)
                0x00000000000114a0                free
 *fill*         0x00000000000114c4        0x4 
 .text._malloc_r
                0x00000000000114c8      0x8b4 c:/devkitpro/devkita64/bin/../lib/gcc/aarch64-none-elf/7.3.0/../../../../aarch64-none-elf/lib/pic\libg.a(lib_a-mallocr.o)
                0x00000000000114c8                _malloc_r
 *fill*         0x0000000000011d7c        0x4 
 .text.__utf8_mbtowc
                0x0000000000011d80      0x2d8 c:/devkitpro/devkita64/bin/../lib/gcc/aarch64-none-elf/7.3.0/../../../../aarch64-none-elf/lib/pic\libg.a(lib_a-mbtowc_r.o)
                0x0000000000011d80                __utf8_mbtowc
 .text          0x0000000000012058       0xd8 c:/devkitpro/devkita64/bin/../lib/gcc/aarch64-none-elf/7.3.0/../../../../aarch64-none-elf/lib/pic\libg.a(lib_a-memchr.o)
                0x0000000000012058                memchr
 *fill*         0x0000000000012130       0x10 
 .text          0x0000000000012140      0x16c c:/devkitpro/devkita64/bin/../lib/gcc/aarch64-none-elf/7.3.0/../../../../aarch64-none-elf/lib/pic\libg.a(lib_a-memcpy.o)
                0x0000000000012140                memcpy
 *fill*         0x00000000000122ac       0x14 
 .text          0x00000000000122c0      0x1d8 c:/devkitpro/devkita64/bin/../lib/gcc/aarch64-none-elf/7.3.0/../../../../aarch64-none-elf/lib/pic\libg.a(lib_a-memset.o)
                0x00000000000122c0                memset
 .text.__malloc_lock
                0x0000000000012498        0xc c:/devkitpro/devkita64/bin/../lib/gcc/aarch64-none-elf/7.3.0/../../../../aarch64-none-elf/lib/pic\libg.a(lib_a-mlock.o)
                0x0000000000012498                __malloc_lock
 *fill*         0x00000000000124a4        0x4 
 .text.__malloc_unlock
                0x00000000000124a8        0xc c:/devkitpro/devkita64/bin/../lib/gcc/aarch64-none-elf/7.3.0/../../../../aarch64-none-elf/lib/pic\libg.a(lib_a-mlock.o)
                0x00000000000124a8                __malloc_unlock
 *fill*         0x00000000000124b4        0x4 
 .text.printf   0x00000000000124b8       0x90 c:/devkitpro/devkita64/bin/../lib/gcc/aarch64-none-elf/7.3.0/../../../../aarch64-none-elf/lib/pic\libg.a(lib_a-printf.o)
                0x00000000000124b8                printf
 .text.lflush   0x0000000000012548       0x24 c:/devkitpro/devkita64/bin/../lib/gcc/aarch64-none-elf/7.3.0/../../../../aarch64-none-elf/lib/pic\libg.a(lib_a-refill.o)
 *fill*         0x000000000001256c        0x4 
 .text.__srefill_r
                0x0000000000012570      0x1e8 c:/devkitpro/devkita64/bin/../lib/gcc/aarch64-none-elf/7.3.0/../../../../aarch64-none-elf/lib/pic\libg.a(lib_a-refill.o)
                0x0000000000012570                __srefill_r
 .text._rewind_r
                0x0000000000012758       0x34 c:/devkitpro/devkita64/bin/../lib/gcc/aarch64-none-elf/7.3.0/../../../../aarch64-none-elf/lib/pic\libg.a(lib_a-rewind.o)
                0x0000000000012758                _rewind_r
 *fill*         0x000000000001278c        0x4 
 .text.rewind   0x0000000000012790       0x24 c:/devkitpro/devkita64/bin/../lib/gcc/aarch64-none-elf/7.3.0/../../../../aarch64-none-elf/lib/pic\libg.a(lib_a-rewind.o)
                0x0000000000012790                rewind
 *fill*         0x00000000000127b4        0x4 
 .text.setvbuf  0x00000000000127b8      0x270 c:/devkitpro/devkita64/bin/../lib/gcc/aarch64-none-elf/7.3.0/../../../../aarch64-none-elf/lib/pic\libg.a(lib_a-setvbuf.o)
                0x00000000000127b8                setvbuf
 .text.sscanf   0x0000000000012a28       0xc8 c:/devkitpro/devkita64/bin/../lib/gcc/aarch64-none-elf/7.3.0/../../../../aarch64-none-elf/lib/pic\libg.a(lib_a-sscanf.o)
                0x0000000000012a28                sscanf
 .text.__sread  0x0000000000012af0       0x50 c:/devkitpro/devkita64/bin/../lib/gcc/aarch64-none-elf/7.3.0/../../../../aarch64-none-elf/lib/pic\libg.a(lib_a-stdio.o)
                0x0000000000012af0                __sread
 .text.__seofread
                0x0000000000012b40        0x8 c:/devkitpro/devkita64/bin/../lib/gcc/aarch64-none-elf/7.3.0/../../../../aarch64-none-elf/lib/pic\libg.a(lib_a-stdio.o)
                0x0000000000012b40                __seofread
 .text.__swrite
                0x0000000000012b48       0x68 c:/devkitpro/devkita64/bin/../lib/gcc/aarch64-none-elf/7.3.0/../../../../aarch64-none-elf/lib/pic\libg.a(lib_a-stdio.o)
                0x0000000000012b48                __swrite
 .text.__sseek  0x0000000000012bb0       0x54 c:/devkitpro/devkita64/bin/../lib/gcc/aarch64-none-elf/7.3.0/../../../../aarch64-none-elf/lib/pic\libg.a(lib_a-stdio.o)
                0x0000000000012bb0                __sseek
 *fill*         0x0000000000012c04        0x4 
 .text.__sclose
                0x0000000000012c08        0x8 c:/devkitpro/devkita64/bin/../lib/gcc/aarch64-none-elf/7.3.0/../../../../aarch64-none-elf/lib/pic\libg.a(lib_a-stdio.o)
                0x0000000000012c08                __sclose
 .text          0x0000000000012c10       0xdc c:/devkitpro/devkita64/bin/../lib/gcc/aarch64-none-elf/7.3.0/../../../../aarch64-none-elf/lib/pic\libg.a(lib_a-strchr.o)
                0x0000000000012c10                strchr
 *fill*         0x0000000000012cec       0x14 
 .text          0x0000000000012d00       0xa4 c:/devkitpro/devkita64/bin/../lib/gcc/aarch64-none-elf/7.3.0/../../../../aarch64-none-elf/lib/pic\libg.a(lib_a-strcmp.o)
                0x0000000000012d00                strcmp
 *fill*         0x0000000000012da4       0x1c 
 .text          0x0000000000012dc0      0x140 c:/devkitpro/devkita64/bin/../lib/gcc/aarch64-none-elf/7.3.0/../../../../aarch64-none-elf/lib/pic\libg.a(lib_a-strlen.o)
                0x0000000000012dc0                strlen
 .text.strncat  0x0000000000012f00       0x88 c:/devkitpro/devkita64/bin/../lib/gcc/aarch64-none-elf/7.3.0/../../../../aarch64-none-elf/lib/pic\libg.a(lib_a-strncat.o)
                0x0000000000012f00                strncat
 *fill*         0x0000000000012f88       0x38 
 .text          0x0000000000012fc0      0x124 c:/devkitpro/devkita64/bin/../lib/gcc/aarch64-none-elf/7.3.0/../../../../aarch64-none-elf/lib/pic\libg.a(lib_a-strncmp.o)
                0x0000000000012fdc                strncmp
 *fill*         0x00000000000130e4        0x4 
 .text.strncpy  0x00000000000130e8       0xb4 c:/devkitpro/devkita64/bin/../lib/gcc/aarch64-none-elf/7.3.0/../../../../aarch64-none-elf/lib/pic\libg.a(lib_a-strncpy.o)
                0x00000000000130e8                strncpy
 *fill*         0x000000000001319c       0x24 
 .text          0x00000000000131c0       0xe0 c:/devkitpro/devkita64/bin/../lib/gcc/aarch64-none-elf/7.3.0/../../../../aarch64-none-elf/lib/pic\libg.a(lib_a-strnlen.o)
                0x00000000000131e4                strnlen
 .text._strtol_l.isra.0
                0x00000000000132a0      0x1d8 c:/devkitpro/devkita64/bin/../lib/gcc/aarch64-none-elf/7.3.0/../../../../aarch64-none-elf/lib/pic\libg.a(lib_a-strtol.o)
 .text._strtol_r
                0x0000000000013478       0x58 c:/devkitpro/devkita64/bin/../lib/gcc/aarch64-none-elf/7.3.0/../../../../aarch64-none-elf/lib/pic\libg.a(lib_a-strtol.o)
                0x0000000000013478                _strtol_r
 .text._strtoul_l.isra.0
                0x00000000000134d0      0x1e0 c:/devkitpro/devkita64/bin/../lib/gcc/aarch64-none-elf/7.3.0/../../../../aarch64-none-elf/lib/pic\libg.a(lib_a-strtoul.o)
 .text._strtoul_r
                0x00000000000136b0       0x58 c:/devkitpro/devkita64/bin/../lib/gcc/aarch64-none-elf/7.3.0/../../../../aarch64-none-elf/lib/pic\libg.a(lib_a-strtoul.o)
                0x00000000000136b0                _strtoul_r
 .text.strtoul  0x0000000000013708       0x5c c:/devkitpro/devkita64/bin/../lib/gcc/aarch64-none-elf/7.3.0/../../../../aarch64-none-elf/lib/pic\libg.a(lib_a-strtoul.o)
                0x0000000000013708                strtoul
 .text.get_arg  0x0000000000013764       0x5c c:/devkitpro/devkita64/bin/../lib/gcc/aarch64-none-elf/7.3.0/../../../../aarch64-none-elf/lib/pic\libg.a(lib_a-svfscanf.o)
 .text.__ssvfscanf_r
                0x00000000000137c0     0x2f30 c:/devkitpro/devkita64/bin/../lib/gcc/aarch64-none-elf/7.3.0/../../../../aarch64-none-elf/lib/pic\libg.a(lib_a-svfscanf.o)
                0x00000000000137c0                __ssvfscanf_r
 .text.__sprint_r
                0x00000000000166f0       0x3c c:/devkitpro/devkita64/bin/../lib/gcc/aarch64-none-elf/7.3.0/../../../../aarch64-none-elf/lib/pic\libg.a(lib_a-vfiprintf.o)
                0x00000000000166f0                __sprint_r
 .text.get_arg  0x000000000001672c      0x778 c:/devkitpro/devkita64/bin/../lib/gcc/aarch64-none-elf/7.3.0/../../../../aarch64-none-elf/lib/pic\libg.a(lib_a-vfprintf.o)
 .text._vfprintf_r
                0x0000000000016ea4     0x3bc0 c:/devkitpro/devkita64/bin/../lib/gcc/aarch64-none-elf/7.3.0/../../../../aarch64-none-elf/lib/pic\libg.a(lib_a-vfprintf.o)
                0x0000000000016ea4                _vfprintf_r
 .text.__sbprintf
                0x000000000001aa64       0xf4 c:/devkitpro/devkita64/bin/../lib/gcc/aarch64-none-elf/7.3.0/../../../../aarch64-none-elf/lib/pic\libg.a(lib_a-vfprintf.o)
 .text._vsprintf_r
                0x000000000001ab58       0x50 c:/devkitpro/devkita64/bin/../lib/gcc/aarch64-none-elf/7.3.0/../../../../aarch64-none-elf/lib/pic\libg.a(lib_a-vsprintf.o)
                0x000000000001ab58                _vsprintf_r
 .text.vsprintf
                0x000000000001aba8       0x50 c:/devkitpro/devkita64/bin/../lib/gcc/aarch64-none-elf/7.3.0/../../../../aarch64-none-elf/lib/pic\libg.a(lib_a-vsprintf.o)
                0x000000000001aba8                vsprintf
 .text._wcrtomb_r
                0x000000000001abf8       0xdc c:/devkitpro/devkita64/bin/../lib/gcc/aarch64-none-elf/7.3.0/../../../../aarch64-none-elf/lib/pic\libg.a(lib_a-wcrtomb.o)
                0x000000000001abf8                _wcrtomb_r
 *fill*         0x000000000001acd4        0x4 
 .text._wcsrtombs_r
                0x000000000001acd8       0x10 c:/devkitpro/devkita64/bin/../lib/gcc/aarch64-none-elf/7.3.0/../../../../aarch64-none-elf/lib/pic\libg.a(lib_a-wcsrtombs.o)
                0x000000000001acd8                _wcsrtombs_r
 .text.__utf8_wctomb
                0x000000000001ace8       0xe8 c:/devkitpro/devkita64/bin/../lib/gcc/aarch64-none-elf/7.3.0/../../../../aarch64-none-elf/lib/pic\libg.a(lib_a-wctomb_r.o)
                0x000000000001ace8                __utf8_wctomb
 .text.__swsetup_r
                0x000000000001add0      0x13c c:/devkitpro/devkita64/bin/../lib/gcc/aarch64-none-elf/7.3.0/../../../../aarch64-none-elf/lib/pic\libg.a(lib_a-wsetup.o)
                0x000000000001add0                __swsetup_r
 *fill*         0x000000000001af0c        0x4 
 .text.quorem   0x000000000001af10      0x1b0 c:/devkitpro/devkita64/bin/../lib/gcc/aarch64-none-elf/7.3.0/../../../../aarch64-none-elf/lib/pic\libg.a(lib_a-dtoa.o)
 .text._dtoa_r  0x000000000001b0c0     0x11c4 c:/devkitpro/devkita64/bin/../lib/gcc/aarch64-none-elf/7.3.0/../../../../aarch64-none-elf/lib/pic\libg.a(lib_a-dtoa.o)
                0x000000000001b0c0                _dtoa_r
 *fill*         0x000000000001c284        0x4 
 .text.__sflags
                0x000000000001c288       0xb0 c:/devkitpro/devkita64/bin/../lib/gcc/aarch64-none-elf/7.3.0/../../../../aarch64-none-elf/lib/pic\libg.a(lib_a-flags.o)
                0x000000000001c288                __sflags
 .text.__sfvwrite_r
                0x000000000001c338      0x4f4 c:/devkitpro/devkita64/bin/../lib/gcc/aarch64-none-elf/7.3.0/../../../../aarch64-none-elf/lib/pic\libg.a(lib_a-fvwrite.o)
                0x000000000001c338                __sfvwrite_r
 *fill*         0x000000000001c82c        0x4 
 .text.iswspace
                0x000000000001c830       0x80 c:/devkitpro/devkita64/bin/../lib/gcc/aarch64-none-elf/7.3.0/../../../../aarch64-none-elf/lib/pic\libg.a(lib_a-iswspace.o)
                0x000000000001c830                iswspace
 .text.__jp2uc  0x000000000001c8b0      0x24c c:/devkitpro/devkita64/bin/../lib/gcc/aarch64-none-elf/7.3.0/../../../../aarch64-none-elf/lib/pic\libg.a(lib_a-jp2uc.o)
 *fill*         0x000000000001cafc        0x4 
 .text._jp2uc   0x000000000001cb00       0xd0 c:/devkitpro/devkita64/bin/../lib/gcc/aarch64-none-elf/7.3.0/../../../../aarch64-none-elf/lib/pic\libg.a(lib_a-jp2uc.o)
                0x000000000001cb00                _jp2uc
 .text.__localeconv_l
                0x000000000001cbd0        0x8 c:/devkitpro/devkita64/bin/../lib/gcc/aarch64-none-elf/7.3.0/../../../../aarch64-none-elf/lib/pic\libg.a(lib_a-localeconv.o)
                0x000000000001cbd0                __localeconv_l
 .text._localeconv_r
                0x000000000001cbd8       0x28 c:/devkitpro/devkita64/bin/../lib/gcc/aarch64-none-elf/7.3.0/../../../../aarch64-none-elf/lib/pic\libg.a(lib_a-localeconv.o)
                0x000000000001cbd8                _localeconv_r
 .text._mbrtowc_r
                0x000000000001cc00       0xf4 c:/devkitpro/devkita64/bin/../lib/gcc/aarch64-none-elf/7.3.0/../../../../aarch64-none-elf/lib/pic\libg.a(lib_a-mbrtowc.o)
                0x000000000001cc00                _mbrtowc_r
 *fill*         0x000000000001ccf4        0xc 
 .text          0x000000000001cd00       0xac c:/devkitpro/devkita64/bin/../lib/gcc/aarch64-none-elf/7.3.0/../../../../aarch64-none-elf/lib/pic\libg.a(lib_a-memmove.o)
                0x000000000001cd00                memmove
 *fill*         0x000000000001cdac        0x4 
 .text._Balloc  0x000000000001cdb0       0xa4 c:/devkitpro/devkita64/bin/../lib/gcc/aarch64-none-elf/7.3.0/../../../../aarch64-none-elf/lib/pic\libg.a(lib_a-mprec.o)
                0x000000000001cdb0                _Balloc
 *fill*         0x000000000001ce54        0x4 
 .text._Bfree   0x000000000001ce58       0x1c c:/devkitpro/devkita64/bin/../lib/gcc/aarch64-none-elf/7.3.0/../../../../aarch64-none-elf/lib/pic\libg.a(lib_a-mprec.o)
                0x000000000001ce58                _Bfree
 *fill*         0x000000000001ce74        0x4 
 .text.__multadd
                0x000000000001ce78       0xe0 c:/devkitpro/devkita64/bin/../lib/gcc/aarch64-none-elf/7.3.0/../../../../aarch64-none-elf/lib/pic\libg.a(lib_a-mprec.o)
                0x000000000001ce78                __multadd
 .text.__s2b    0x000000000001cf58      0x120 c:/devkitpro/devkita64/bin/../lib/gcc/aarch64-none-elf/7.3.0/../../../../aarch64-none-elf/lib/pic\libg.a(lib_a-mprec.o)
                0x000000000001cf58                __s2b
 .text.__hi0bits
                0x000000000001d078       0x5c c:/devkitpro/devkita64/bin/../lib/gcc/aarch64-none-elf/7.3.0/../../../../aarch64-none-elf/lib/pic\libg.a(lib_a-mprec.o)
                0x000000000001d078                __hi0bits
 *fill*         0x000000000001d0d4        0x4 
 .text.__lo0bits
                0x000000000001d0d8       0xa8 c:/devkitpro/devkita64/bin/../lib/gcc/aarch64-none-elf/7.3.0/../../../../aarch64-none-elf/lib/pic\libg.a(lib_a-mprec.o)
                0x000000000001d0d8                __lo0bits
 .text.__i2b    0x000000000001d180       0x2c c:/devkitpro/devkita64/bin/../lib/gcc/aarch64-none-elf/7.3.0/../../../../aarch64-none-elf/lib/pic\libg.a(lib_a-mprec.o)
                0x000000000001d180                __i2b
 *fill*         0x000000000001d1ac        0x4 
 .text.__multiply
                0x000000000001d1b0      0x1d8 c:/devkitpro/devkita64/bin/../lib/gcc/aarch64-none-elf/7.3.0/../../../../aarch64-none-elf/lib/pic\libg.a(lib_a-mprec.o)
                0x000000000001d1b0                __multiply
 .text.__pow5mult
                0x000000000001d388      0x108 c:/devkitpro/devkita64/bin/../lib/gcc/aarch64-none-elf/7.3.0/../../../../aarch64-none-elf/lib/pic\libg.a(lib_a-mprec.o)
                0x000000000001d388                __pow5mult
 .text.__lshift
                0x000000000001d490      0x144 c:/devkitpro/devkita64/bin/../lib/gcc/aarch64-none-elf/7.3.0/../../../../aarch64-none-elf/lib/pic\libg.a(lib_a-mprec.o)
                0x000000000001d490                __lshift
 *fill*         0x000000000001d5d4        0x4 
 .text.__mcmp   0x000000000001d5d8       0x54 c:/devkitpro/devkita64/bin/../lib/gcc/aarch64-none-elf/7.3.0/../../../../aarch64-none-elf/lib/pic\libg.a(lib_a-mprec.o)
                0x000000000001d5d8                __mcmp
 *fill*         0x000000000001d62c        0x4 
 .text.__mdiff  0x000000000001d630      0x164 c:/devkitpro/devkita64/bin/../lib/gcc/aarch64-none-elf/7.3.0/../../../../aarch64-none-elf/lib/pic\libg.a(lib_a-mprec.o)
                0x000000000001d630                __mdiff
 *fill*         0x000000000001d794        0x4 
 .text.__ulp    0x000000000001d798       0x74 c:/devkitpro/devkita64/bin/../lib/gcc/aarch64-none-elf/7.3.0/../../../../aarch64-none-elf/lib/pic\libg.a(lib_a-mprec.o)
                0x000000000001d798                __ulp
 *fill*         0x000000000001d80c        0x4 
 .text.__b2d    0x000000000001d810      0x154 c:/devkitpro/devkita64/bin/../lib/gcc/aarch64-none-elf/7.3.0/../../../../aarch64-none-elf/lib/pic\libg.a(lib_a-mprec.o)
                0x000000000001d810                __b2d
 *fill*         0x000000000001d964        0x4 
 .text.__d2b    0x000000000001d968      0x12c c:/devkitpro/devkita64/bin/../lib/gcc/aarch64-none-elf/7.3.0/../../../../aarch64-none-elf/lib/pic\libg.a(lib_a-mprec.o)
                0x000000000001d968                __d2b
 *fill*         0x000000000001da94        0x4 
 .text.__ratio  0x000000000001da98       0xa0 c:/devkitpro/devkita64/bin/../lib/gcc/aarch64-none-elf/7.3.0/../../../../aarch64-none-elf/lib/pic\libg.a(lib_a-mprec.o)
                0x000000000001da98                __ratio
 .text.__copybits
                0x000000000001db38       0x68 c:/devkitpro/devkita64/bin/../lib/gcc/aarch64-none-elf/7.3.0/../../../../aarch64-none-elf/lib/pic\libg.a(lib_a-mprec.o)
                0x000000000001db38                __copybits
 .text.__any_on
                0x000000000001dba0       0x88 c:/devkitpro/devkita64/bin/../lib/gcc/aarch64-none-elf/7.3.0/../../../../aarch64-none-elf/lib/pic\libg.a(lib_a-mprec.o)
                0x000000000001dba0                __any_on
 .text.realloc  0x000000000001dc28       0x2c c:/devkitpro/devkita64/bin/../lib/gcc/aarch64-none-elf/7.3.0/../../../../aarch64-none-elf/lib/pic\libg.a(lib_a-realloc.o)
                0x000000000001dc28                realloc
 *fill*         0x000000000001dc54        0x4 
 .text._realloc_r
                0x000000000001dc58      0x55c c:/devkitpro/devkita64/bin/../lib/gcc/aarch64-none-elf/7.3.0/../../../../aarch64-none-elf/lib/pic\libg.a(lib_a-reallocr.o)
                0x000000000001dc58                _realloc_r
 *fill*         0x000000000001e1b4        0x4 
 .text.__sccl   0x000000000001e1b8       0xb4 c:/devkitpro/devkita64/bin/../lib/gcc/aarch64-none-elf/7.3.0/../../../../aarch64-none-elf/lib/pic\libg.a(lib_a-sccl.o)
                0x000000000001e1b8                __sccl
 *fill*         0x000000000001e26c        0x4 
 .text.nanf     0x000000000001e270        0xc c:/devkitpro/devkita64/bin/../lib/gcc/aarch64-none-elf/7.3.0/../../../../aarch64-none-elf/lib/pic\libg.a(lib_a-sf_nan.o)
                0x000000000001e270                nanf
 *fill*         0x000000000001e27c        0x4 
 .text.frexp    0x000000000001e280       0x94 c:/devkitpro/devkita64/bin/../lib/gcc/aarch64-none-elf/7.3.0/../../../../aarch64-none-elf/lib/pic\libg.a(lib_a-s_frexp.o)
                0x000000000001e280                frexp
 *fill*         0x000000000001e314        0x4 
 .text.sprintf  0x000000000001e318       0xb0 c:/devkitpro/devkita64/bin/../lib/gcc/aarch64-none-elf/7.3.0/../../../../aarch64-none-elf/lib/pic\libg.a(lib_a-sprintf.o)
                0x000000000001e318                sprintf
 .text.stpncpy  0x000000000001e3c8       0xc8 c:/devkitpro/devkita64/bin/../lib/gcc/aarch64-none-elf/7.3.0/../../../../aarch64-none-elf/lib/pic\libg.a(lib_a-stpncpy.o)
                0x000000000001e3c8                stpncpy
 .text._strtod_l
                0x000000000001e490     0x1110 c:/devkitpro/devkita64/bin/../lib/gcc/aarch64-none-elf/7.3.0/../../../../aarch64-none-elf/lib/pic\libg.a(lib_a-strtod.o)
                0x000000000001e490                _strtod_l
 .text._strtod_r
                0x000000000001f5a0       0x50 c:/devkitpro/devkita64/bin/../lib/gcc/aarch64-none-elf/7.3.0/../../../../aarch64-none-elf/lib/pic\libg.a(lib_a-strtod.o)
                0x000000000001f5a0                _strtod_r
 .text._strtoll_l.isra.0
                0x000000000001f5f0      0x1d8 c:/devkitpro/devkita64/bin/../lib/gcc/aarch64-none-elf/7.3.0/../../../../aarch64-none-elf/lib/pic\libg.a(lib_a-strtoll.o)
 .text._strtoll_r
                0x000000000001f7c8       0x58 c:/devkitpro/devkita64/bin/../lib/gcc/aarch64-none-elf/7.3.0/../../../../aarch64-none-elf/lib/pic\libg.a(lib_a-strtoll.o)
                0x000000000001f7c8                _strtoll_r
 .text._strtoull_l.isra.0
                0x000000000001f820      0x1e0 c:/devkitpro/devkita64/bin/../lib/gcc/aarch64-none-elf/7.3.0/../../../../aarch64-none-elf/lib/pic\libg.a(lib_a-strtoull.o)
 .text._strtoull_r
                0x000000000001fa00       0x58 c:/devkitpro/devkita64/bin/../lib/gcc/aarch64-none-elf/7.3.0/../../../../aarch64-none-elf/lib/pic\libg.a(lib_a-strtoull.o)
                0x000000000001fa00                _strtoull_r
 .text.__ssprint_r
                0x000000000001fa58      0x1c0 c:/devkitpro/devkita64/bin/../lib/gcc/aarch64-none-elf/7.3.0/../../../../aarch64-none-elf/lib/pic\libg.a(lib_a-svfiprintf.o)
                0x000000000001fa58                __ssprint_r
 .text._sungetc_r
                0x000000000001fc18       0xf4 c:/devkitpro/devkita64/bin/../lib/gcc/aarch64-none-elf/7.3.0/../../../../aarch64-none-elf/lib/pic\libg.a(lib_a-svfiscanf.o)
                0x000000000001fc18                _sungetc_r
 .text.__ssrefill_r
                0x000000000001fd0c       0x70 c:/devkitpro/devkita64/bin/../lib/gcc/aarch64-none-elf/7.3.0/../../../../aarch64-none-elf/lib/pic\libg.a(lib_a-svfiscanf.o)
                0x000000000001fd0c                __ssrefill_r
 .text._sfread_r
                0x000000000001fd7c       0xcc c:/devkitpro/devkita64/bin/../lib/gcc/aarch64-none-elf/7.3.0/../../../../aarch64-none-elf/lib/pic\libg.a(lib_a-svfiscanf.o)
                0x000000000001fd7c                _sfread_r
 .text.get_arg  0x000000000001fe48      0x778 c:/devkitpro/devkita64/bin/../lib/gcc/aarch64-none-elf/7.3.0/../../../../aarch64-none-elf/lib/pic\libg.a(lib_a-svfprintf.o)
 .text._svfprintf_r
                0x00000000000205c0     0x3afc c:/devkitpro/devkita64/bin/../lib/gcc/aarch64-none-elf/7.3.0/../../../../aarch64-none-elf/lib/pic\libg.a(lib_a-svfprintf.o)
                0x00000000000205c0                _svfprintf_r
 *fill*         0x00000000000240bc        0x4 
 .text.__submore
                0x00000000000240c0       0xd8 c:/devkitpro/devkita64/bin/../lib/gcc/aarch64-none-elf/7.3.0/../../../../aarch64-none-elf/lib/pic\libg.a(lib_a-ungetc.o)
                0x00000000000240c0                __submore
 .text._wcsnrtombs_l
                0x0000000000024198      0x1d4 c:/devkitpro/devkita64/bin/../lib/gcc/aarch64-none-elf/7.3.0/../../../../aarch64-none-elf/lib/pic\libg.a(lib_a-wcsnrtombs.o)
                0x0000000000024198                _wcsnrtombs_l
 *fill*         0x000000000002436c        0x4 
 .text._wcsnrtombs_r
                0x0000000000024370       0x74 c:/devkitpro/devkita64/bin/../lib/gcc/aarch64-none-elf/7.3.0/../../../../aarch64-none-elf/lib/pic\libg.a(lib_a-wcsnrtombs.o)
                0x0000000000024370                _wcsnrtombs_r
 *fill*         0x00000000000243e4        0x4 
 .text.rshift   0x00000000000243e8       0xf0 c:/devkitpro/devkita64/bin/../lib/gcc/aarch64-none-elf/7.3.0/../../../../aarch64-none-elf/lib/pic\libg.a(lib_a-gdtoa-gethex.o)
 .text.__gethex
                0x00000000000244d8      0x7c0 c:/devkitpro/devkita64/bin/../lib/gcc/aarch64-none-elf/7.3.0/../../../../aarch64-none-elf/lib/pic\libg.a(lib_a-gdtoa-gethex.o)
                0x00000000000244d8                __gethex
 .text.__match  0x0000000000024c98       0x48 c:/devkitpro/devkita64/bin/../lib/gcc/aarch64-none-elf/7.3.0/../../../../aarch64-none-elf/lib/pic\libg.a(lib_a-gdtoa-hexnan.o)
                0x0000000000024c98                __match