Archive member included to satisfy reference by file (symbol)

C:/devkitPro/libnx/lib\libnx.a(switch_crt0.o)
                              (_start)
C:/devkitPro/libnx/lib\libnx.a(argv.o)
                              C:/devkitPro/libnx/lib\libnx.a(switch_crt0.o) (__system_argc)
C:/devkitPro/libnx/lib\libnx.a(env.o)
                              C:/devkitPro/libnx/lib\libnx.a(argv.o) (envIsNso)
C:/devkitPro/libnx/lib\libnx.a(nxlink.o)
                              C:/devkitPro/libnx/lib\libnx.a(argv.o) (nxlinkSetup)
C:/devkitPro/libnx/lib\libnx.a(init.o)
                              C:/devkitPro/libnx/lib\libnx.a(switch_crt0.o) (__libnx_init)
C:/devkitPro/libnx/lib\libnx.a(dynamic.o)
                              C:/devkitPro/libnx/lib\libnx.a(switch_crt0.o) (__nx_dynamic)
C:/devkitPro/libnx/lib\libnx.a(virtmem.o)
                              C:/devkitPro/libnx/lib\libnx.a(init.o) (virtmemSetup)
C:/devkitPro/libnx/lib\libnx.a(mutex.o)
                              C:/devkitPro/libnx/lib\libnx.a(virtmem.o) (mutexLock)
C:/devkitPro/libnx/lib\libnx.a(detect.o)
                              C:/devkitPro/libnx/lib\libnx.a(virtmem.o) (kernelAbove200)
C:/devkitPro/libnx/lib\libnx.a(fs_dev.o)
                              C:/devkitPro/libnx/lib\libnx.a(init.o) (fsdevMountSdmc)
C:/devkitPro/libnx/lib\libnx.a(fs.o)
                              C:/devkitPro/libnx/lib\libnx.a(init.o) (fsInitialize)
C:/devkitPro/libnx/lib\libnx.a(fatal.o)
                              C:/devkitPro/libnx/lib\libnx.a(env.o) (fatalSimple)
C:/devkitPro/libnx/lib\libnx.a(sm.o)
                              C:/devkitPro/libnx/lib\libnx.a(env.o) (smAddOverrideHandle)
C:/devkitPro/libnx/lib\libnx.a(hid.o)
                              C:/devkitPro/libnx/lib\libnx.a(init.o) (hidExit)
C:/devkitPro/libnx/lib\libnx.a(time.o)
                              C:/devkitPro/libnx/lib\libnx.a(init.o) (timeExit)
C:/devkitPro/libnx/lib\libnx.a(applet.o)
                              C:/devkitPro/libnx/lib\libnx.a(init.o) (appletExit)
C:/devkitPro/libnx/lib\libnx.a(decode_utf8.o)
                              C:/devkitPro/libnx/lib\libnx.a(fs_dev.o) (decode_utf8)
C:/devkitPro/libnx/lib\libnx.a(readtp.o)
                              C:/devkitPro/libnx/lib\libnx.a(fs_dev.o) (__aarch64_read_tp)
C:/devkitPro/libnx/lib\libnx.a(svc.o)
                              C:/devkitPro/libnx/lib\libnx.a(init.o) (svcSetHeapSize)
C:/devkitPro/libnx/lib\libnx.a(newlib.o)
                              C:/devkitPro/libnx/lib\libnx.a(init.o) (newlibSetup)
C:/devkitPro/libnx/lib\libnx.a(rwlock.o)
                              C:/devkitPro/libnx/lib\libnx.a(hid.o) (rwlockReadLock)
C:/devkitPro/libnx/lib\libnx.a(shmem.o)
                              C:/devkitPro/libnx/lib\libnx.a(hid.o) (shmemLoadRemote)
C:/devkitPro/libnx/lib\libnx.a(apm.o)
                              C:/devkitPro/libnx/lib\libnx.a(applet.o) (apmExit)
c:/devkitpro/devkita64/bin/../lib/gcc/aarch64-none-elf/7.3.0/../../../../aarch64-none-elf/lib/pic\libg.a(lib_a-bsearch.o)
                              C:/devkitPro/libnx/lib\libnx.a(fs_dev.o) (bsearch)
c:/devkitpro/devkita64/bin/../lib/gcc/aarch64-none-elf/7.3.0/../../../../aarch64-none-elf/lib/pic\libg.a(lib_a-errno.o)
                              C:/devkitPro/libnx/lib\libnx.a(fs_dev.o) (__errno)
c:/devkitpro/devkita64/bin/../lib/gcc/aarch64-none-elf/7.3.0/../../../../aarch64-none-elf/lib/pic\libg.a(lib_a-fclose.o)
                              main.o (fclose)
c:/devkitpro/devkita64/bin/../lib/gcc/aarch64-none-elf/7.3.0/../../../../aarch64-none-elf/lib/pic\libg.a(lib_a-fflush.o)
                              c:/devkitpro/devkita64/bin/../lib/gcc/aarch64-none-elf/7.3.0/../../../../aarch64-none-elf/lib/pic\libg.a(lib_a-fclose.o) (__sflush_r)
c:/devkitpro/devkita64/bin/../lib/gcc/aarch64-none-elf/7.3.0/../../../../aarch64-none-elf/lib/pic\libg.a(lib_a-findfp.o)
                              c:/devkitpro/devkita64/bin/../lib/gcc/aarch64-none-elf/7.3.0/../../../../aarch64-none-elf/lib/pic\libg.a(lib_a-fclose.o) (__sfp_lock_acquire)
c:/devkitpro/devkita64/bin/../lib/gcc/aarch64-none-elf/7.3.0/../../../../aarch64-none-elf/lib/pic\libg.a(lib_a-fini.o)
                              C:/devkitPro/libnx/lib\libnx.a(init.o) (__libc_fini_array)
c:/devkitpro/devkita64/bin/../lib/gcc/aarch64-none-elf/7.3.0/../../../../aarch64-none-elf/lib/pic\libg.a(lib_a-fopen.o)
                              main.o (fopen)
c:/devkitpro/devkita64/bin/../lib/gcc/aarch64-none-elf/7.3.0/../../../../aarch64-none-elf/lib/pic\libg.a(lib_a-fprintf.o)
                              main.o (fprintf)
c:/devkitpro/devkita64/bin/../lib/gcc/aarch64-none-elf/7.3.0/../../../../aarch64-none-elf/lib/pic\libg.a(lib_a-freer.o)
                              c:/devkitpro/devkita64/bin/../lib/gcc/aarch64-none-elf/7.3.0/../../../../aarch64-none-elf/lib/pic\libg.a(lib_a-fclose.o) (_free_r)
c:/devkitpro/devkita64/bin/../lib/gcc/aarch64-none-elf/7.3.0/../../../../aarch64-none-elf/lib/pic\libg.a(lib_a-fseek.o)
[...]
Memory Configuration

Name             Origin             Length             Attributes
*default*        0x0000000000000000 0xffffffffffffffff

Linker script and memory map

                0x0000000000000000                PROVIDE (__start__ = 0x0)
                0x0000000000000000                . = __start__

.crt0           0x0000000000000000      0x118
 *(.crt0)
 .crt0          0x0000000000000000      0x114 C:/devkitPro/libnx/lib\libnx.a(switch_crt0.o)
                0x0000000000000000                _start
                0x0000000000000104                __nx_exit
                0x0000000000000118                . = ALIGN (0x8)
 *fill*         0x0000000000000114        0x4 

.init           0x0000000000000118       0x38
 *(.init)
 .init          0x0000000000000118       0x18 c:/devkitpro/devkita64/bin/../lib/gcc/aarch64-none-elf/7.3.0/pic/crti.o
                0x0000000000000118                _init
 .init          0x0000000000000130       0x1c c:/devkitpro/devkita64/bin/../lib/gcc/aarch64-none-elf/7.3.0/pic/crtn.o
                0x0000000000000150                . = ALIGN (0x8)
 *fill*         0x000000000000014c        0x4 

.plt            0x0000000000000150        0x0
 *(.plt)
 .plt           0x0000000000000150        0x0 c:/devkitpro/devkita64/bin/../lib/gcc/aarch64-none-elf/7.3.0/pic/crti.o
 *(.iplt)
                0x0000000000000150                . = ALIGN (0x8)

.text           0x0000000000000180    0x12f50
 *(.text.unlikely .text.*_unlikely .text.unlikely.*)
 *(.text.exit .text.exit.*)
 *(.text.startup .text.startup.*)
 .text.startup.main
                0x0000000000000180       0x7c main.o
                0x0000000000000180                main
 *(.text.hot .text.hot.*)
 *(.text .stub .text.* .gnu.linkonce.t.*)
 *fill*         0x00000000000001fc        0x4 
 .text.deregister_tm_clones
                0x0000000000000200       0x2c c:/devkitpro/devkita64/bin/../lib/gcc/aarch64-none-elf/7.3.0/pic/crtbegin.o
 *fill*         0x000000000000022c        0x4 
 .text.register_tm_clones
                0x0000000000000230       0x3c c:/devkitpro/devkita64/bin/../lib/gcc/aarch64-none-elf/7.3.0/pic/crtbegin.o
 *fill*         0x000000000000026c        0x4 
 .text.__do_global_dtors_aux
                0x0000000000000270       0x48 c:/devkitpro/devkita64/bin/../lib/gcc/aarch64-none-elf/7.3.0/pic/crtbegin.o
 .text.frame_dummy
                0x00000000000002b8       0x34 c:/devkitpro/devkita64/bin/../lib/gcc/aarch64-none-elf/7.3.0/pic/crtbegin.o
 *fill*         0x00000000000002ec        0x4 
 .text.argvSetup
                0x00000000000002f0      0x380 C:/devkitPro/libnx/lib\libnx.a(argv.o)
                0x00000000000002f0                argvSetup
 .text.envSetup
                0x0000000000000670      0x1bc C:/devkitPro/libnx/lib\libnx.a(env.o)
                0x0000000000000670                envSetup
 *fill*         0x000000000000082c        0x4 
 .text.envGetMainThreadHandle
                0x0000000000000830       0x20 C:/devkitPro/libnx/lib\libnx.a(env.o)
                0x0000000000000830                envGetMainThreadHandle
 .text.envIsNso
                0x0000000000000850        0xc C:/devkitPro/libnx/lib\libnx.a(env.o)
                0x0000000000000850                envIsNso
 *fill*         0x000000000000085c        0x4 
 .text.envHasHeapOverride
                0x0000000000000860       0x14 C:/devkitPro/libnx/lib\libnx.a(env.o)
                0x0000000000000860                envHasHeapOverride
 *fill*         0x0000000000000874        0xc 
 .text.envGetHeapOverrideAddr
                0x0000000000000880        0xc C:/devkitPro/libnx/lib\libnx.a(env.o)
                0x0000000000000880                envGetHeapOverrideAddr
 *fill*         0x000000000000088c        0x4 
 .text.envGetHeapOverrideSize
                0x0000000000000890        0xc C:/devkitPro/libnx/lib\libnx.a(env.o)
                0x0000000000000890                envGetHeapOverrideSize
 *fill*         0x000000000000089c        0x4 
 .text.envHasArgv
                0x00000000000008a0       0x14 C:/devkitPro/libnx/lib\libnx.a(env.o)
                0x00000000000008a0                envHasArgv
 *fill*         0x00000000000008b4        0xc 
 .text.envGetArgv
                0x00000000000008c0        0xc C:/devkitPro/libnx/lib\libnx.a(env.o)
                0x00000000000008c0                envGetArgv
 *fill*         0x00000000000008cc        0x4 
 .text.envGetExitFuncPtr
                0x00000000000008d0        0xc C:/devkitPro/libnx/lib\libnx.a(env.o)
                0x00000000000008d0                envGetExitFuncPtr
 *fill*         0x00000000000008dc        0x4 
 .text.nxlinkSetup
                0x00000000000008e0       0xc8 C:/devkitPro/libnx/lib\libnx.a(nxlink.o)
                0x00000000000008e0                nxlinkSetup
 *fill*         0x00000000000009a8        0x8 
 .text.__libnx_initheap
                0x00000000000009b0       0xdc C:/devkitPro/libnx/lib\libnx.a(init.o)
                0x00000000000009b0                __libnx_initheap
 *fill*         0x0000000000000a8c        0x4 
 .text.__appInit
                0x0000000000000a90       0x74 C:/devkitPro/libnx/lib\libnx.a(init.o)
                0x0000000000000a90                __appInit
 *fill*         0x0000000000000b04        0xc 
 .text.__appExit
                0x0000000000000b10       0x24 C:/devkitPro/libnx/lib\libnx.a(init.o)
                0x0000000000000b10                __appExit
 *fill*         0x0000000000000b34        0xc 
 .text.__libnx_init
                0x0000000000000b40       0x28 C:/devkitPro/libnx/lib\libnx.a(init.o)
                0x0000000000000b40                __libnx_init
 *fill*         0x0000000000000b68        0x8 
 .text.__libnx_exit
                0x0000000000000b70       0x20 C:/devkitPro/libnx/lib\libnx.a(init.o)
                0x0000000000000b70                __libnx_exit
 .text.__nx_dynamic
                0x0000000000000b90       0xac C:/devkitPro/libnx/lib\libnx.a(dynamic.o)
                0x0000000000000b90                __nx_dynamic
 *fill*         0x0000000000000c3c        0x4 
 .text._GetRegionFromInfo
                0x0000000000000c40       0x68 C:/devkitPro/libnx/lib\libnx.a(virtmem.o)
 *fill*         0x0000000000000ca8        0x8 
 .text.virtmemSetup
                0x0000000000000cb0       0xd4 C:/devkitPro/libnx/lib\libnx.a(virtmem.o)
                0x0000000000000cb0                virtmemSetup
 *fill*         0x0000000000000d84        0xc 
 .text.virtmemReserve
                0x0000000000000d90      0x13c C:/devkitPro/libnx/lib\libnx.a(virtmem.o)
                0x0000000000000d90                virtmemReserve
 *fill*         0x0000000000000ecc        0x4 
 .text.virtmemFree
                0x0000000000000ed0        0x4 C:/devkitPro/libnx/lib\libnx.a(virtmem.o)
                0x0000000000000ed0                virtmemFree
 *fill*         0x0000000000000ed4        0xc 
 .text.mutexLock
                0x0000000000000ee0       0x94 C:/devkitPro/libnx/lib\libnx.a(mutex.o)
                0x0000000000000ee0                mutexLock
 *fill*         0x0000000000000f74        0xc 
 .text.mutexUnlock
                0x0000000000000f80       0x24 C:/devkitPro/libnx/lib\libnx.a(mutex.o)
                0x0000000000000f80                mutexUnlock
 *fill*         0x0000000000000fa4        0xc 
 .text.rmutexLock
                0x0000000000000fb0       0x4c C:/devkitPro/libnx/lib\libnx.a(mutex.o)
                0x0000000000000fb0                rmutexLock
 *fill*         0x0000000000000ffc        0x4 
 .text.rmutexUnlock
                0x0000000000001000       0x20 C:/devkitPro/libnx/lib\libnx.a(mutex.o)
                0x0000000000001000                rmutexUnlock
 .text._CacheValues
                0x0000000000001020      0x150 C:/devkitPro/libnx/lib\libnx.a(detect.o)
 .text.kernelAbove200
                0x0000000000001170       0x1c C:/devkitPro/libnx/lib\libnx.a(detect.o)
                0x0000000000001170                kernelAbove200
 *fill*         0x000000000000118c        0x4 
 .text.detectDebugger
                0x0000000000001190       0x30 C:/devkitPro/libnx/lib\libnx.a(detect.o)
                0x0000000000001190                detectDebugger
 .text.fsdev_link
                0x00000000000011c0       0x10 C:/devkitPro/libnx/lib\libnx.a(fs_dev.o)
 .text.fsdev_dirreset
                0x00000000000011d0       0x10 C:/devkitPro/libnx/lib\libnx.a(fs_dev.o)
 .text.fsdev_chmod
                0x00000000000011e0       0x10 C:/devkitPro/libnx/lib\libnx.a(fs_dev.o)
 .text.error_cmp
                0x00000000000011f0       0x20 C:/devkitPro/libnx/lib\libnx.a(fs_dev.o)
 .text.fsdev_translate_error
                0x0000000000001210       0x60 C:/devkitPro/libnx/lib\libnx.a(fs_dev.o)
 .text.fsdev_fsync
                0x0000000000001270       0x40 C:/devkitPro/libnx/lib\libnx.a(fs_dev.o)
 .text.fsdev_ftruncate
                0x00000000000012b0       0x64 C:/devkitPro/libnx/lib\libnx.a(fs_dev.o)
 *fill*         0x0000000000001314        0xc 
 .text.fsdev_dirclose
                0x0000000000001320       0x20 C:/devkitPro/libnx/lib\libnx.a(fs_dev.o)
 .text.fsdev_dirnext
                0x0000000000001340      0x1a8 C:/devkitPro/libnx/lib\libnx.a(fs_dev.o)
 *fill*         0x00000000000014e8        0x8 
 .text.fsdev_close
                0x00000000000014f0       0x1c C:/devkitPro/libnx/lib\libnx.a(fs_dev.o)
 *fill*         0x000000000000150c        0x4 
 .text.fsdev_fstat
                0x0000000000001510       0x80 C:/devkitPro/libnx/lib\libnx.a(fs_dev.o)
 .text.fsdev_seek
                0x0000000000001590       0xb8 C:/devkitPro/libnx/lib\libnx.a(fs_dev.o)
 *fill*         0x0000000000001648        0x8 
 .text.fsdev_read
                0x0000000000001650      0x1b4 C:/devkitPro/libnx/lib\libnx.a(fs_dev.o)
 *fill*         0x0000000000001804        0xc 
 .text.fsdev_write
                0x0000000000001810      0x1d0 C:/devkitPro/libnx/lib\libnx.a(fs_dev.o)
 .text.fsdevFindDevice
                0x00000000000019e0      0x12c C:/devkitPro/libnx/lib\libnx.a(fs_dev.o)
 *fill*         0x0000000000001b0c        0x4 
 .text._fsdevMountDevice
                0x0000000000001b10      0x190 C:/devkitPro/libnx/lib\libnx.a(fs_dev.o)
 .text.fsdev_getfspath
                0x0000000000001ca0      0x214 C:/devkitPro/libnx/lib\libnx.a(fs_dev.o)
 *fill*         0x0000000000001eb4        0xc 
 .text.fsdev_rmdir
                0x0000000000001ec0       0x70 C:/devkitPro/libnx/lib\libnx.a(fs_dev.o)
 .text.fsdev_statvfs
                0x0000000000001f30       0xd8 C:/devkitPro/libnx/lib\libnx.a(fs_dev.o)
 *fill*         0x0000000000002008        0x8 
 .text.fsdev_diropen
                0x0000000000002010       0xc8 C:/devkitPro/libnx/lib\libnx.a(fs_dev.o)
 *fill*         0x00000000000020d8        0x8 
 .text.fsdev_mkdir
                0x00000000000020e0       0x70 C:/devkitPro/libnx/lib\libnx.a(fs_dev.o)
 .text.fsdev_rename
                0x0000000000002150      0x13c C:/devkitPro/libnx/lib\libnx.a(fs_dev.o)
 *fill*         0x000000000000228c        0x4 
 .text.fsdev_chdir
                0x0000000000002290       0xcc C:/devkitPro/libnx/lib\libnx.a(fs_dev.o)
 *fill*         0x000000000000235c        0x4 
 .text.fsdev_unlink
                0x0000000000002360       0x70 C:/devkitPro/libnx/lib\libnx.a(fs_dev.o)
 .text.fsdev_stat
                0x00000000000023d0      0x17c C:/devkitPro/libnx/lib\libnx.a(fs_dev.o)
 *fill*         0x000000000000254c        0x4 
 .text.fsdev_open
                0x0000000000002550      0x1b4 C:/devkitPro/libnx/lib\libnx.a(fs_dev.o)
 *fill*         0x0000000000002704        0xc 
 .text._fsdevUnmountDeviceStruct.part.4
                0x0000000000002710       0xb8 C:/devkitPro/libnx/lib\libnx.a(fs_dev.o)
 *fill*         0x00000000000027c8        0x8 
 .text.fsdev_fchmod
                0x00000000000027d0       0x10 C:/devkitPro/libnx/lib\libnx.a(fs_dev.o)
 .text.fsdevMountSdmc
                0x00000000000027e0      0x164 C:/devkitPro/libnx/lib\libnx.a(fs_dev.o)
                0x00000000000027e0                fsdevMountSdmc
 *fill*         0x0000000000002944        0xc 
 .text.fsdevUnmountAll
                0x0000000000002950       0x70 C:/devkitPro/libnx/lib\libnx.a(fs_dev.o)
                0x0000000000002950                fsdevUnmountAll
 .text.ipcCloseObjectById
                0x00000000000029c0       0x34 C:/devkitPro/libnx/lib\libnx.a(fs.o)
 *fill*         0x00000000000029f4        0xc 
 .text.fsInitialize
                0x0000000000002a00      0x120 C:/devkitPro/libnx/lib\libnx.a(fs.o)
                0x0000000000002a00                fsInitialize
 .text.fsExit   0x0000000000002b20       0xa0 C:/devkitPro/libnx/lib\libnx.a(fs.o)
                0x0000000000002b20                fsExit
 .text.fsMountSdcard
                0x0000000000002bc0      0x13c C:/devkitPro/libnx/lib\libnx.a(fs.o)
                0x0000000000002bc0                fsMountSdcard
 *fill*         0x0000000000002cfc        0x4 
 .text.fsFsCreateFile
                0x0000000000002d00       0xf0 C:/devkitPro/libnx/lib\libnx.a(fs.o)
                0x0000000000002d00                fsFsCreateFile
 .text.fsFsDeleteFile
                0x0000000000002df0       0xf0 C:/devkitPro/libnx/lib\libnx.a(fs.o)
                0x0000000000002df0                fsFsDeleteFile
 .text.fsFsCreateDirectory
                0x0000000000002ee0       0xf0 C:/devkitPro/libnx/lib\libnx.a(fs.o)
                0x0000000000002ee0                fsFsCreateDirectory
 .text.fsFsDeleteDirectory
                0x0000000000002fd0       0xf0 C:/devkitPro/libnx/lib\libnx.a(fs.o)
                0x0000000000002fd0                fsFsDeleteDirectory
 .text.fsFsRenameFile
                0x00000000000030c0      0x118 C:/devkitPro/libnx/lib\libnx.a(fs.o)
                0x00000000000030c0                fsFsRenameFile
 *fill*         0x00000000000031d8        0x8 
 .text.fsFsRenameDirectory
                0x00000000000031e0      0x118 C:/devkitPro/libnx/lib\libnx.a(fs.o)
                0x00000000000031e0                fsFsRenameDirectory
 *fill*         0x00000000000032f8        0x8 
 .text.fsFsGetEntryType
                0x0000000000003300      0x100 C:/devkitPro/libnx/lib\libnx.a(fs.o)
                0x0000000000003300                fsFsGetEntryType
 .text.fsFsOpenFile
                0x0000000000003400      0x15c C:/devkitPro/libnx/lib\libnx.a(fs.o)
                0x0000000000003400                fsFsOpenFile
 *fill*         0x000000000000355c        0x4 
 .text.fsFsOpenDirectory
                0x0000000000003560      0x15c C:/devkitPro/libnx/lib\libnx.a(fs.o)
                0x0000000000003560                fsFsOpenDirectory
 *fill*         0x00000000000036bc        0x4 
 .text.fsFsGetFreeSpace
                0x00000000000036c0      0x100 C:/devkitPro/libnx/lib\libnx.a(fs.o)
                0x00000000000036c0                fsFsGetFreeSpace
 .text.fsFsGetTotalSpace
                0x00000000000037c0      0x100 C:/devkitPro/libnx/lib\libnx.a(fs.o)
                0x00000000000037c0                fsFsGetTotalSpace
 .text.fsFsClose
                0x00000000000038c0       0x6c C:/devkitPro/libnx/lib\libnx.a(fs.o)
                0x00000000000038c0                fsFsClose
 *fill*         0x000000000000392c        0x4 
 .text.fsFileRead
                0x0000000000003930      0x104 C:/devkitPro/libnx/lib\libnx.a(fs.o)
                0x0000000000003930                fsFileRead
 *fill*         0x0000000000003a34        0xc 
 .text.fsFileWrite
                0x0000000000003a40       0xf4 C:/devkitPro/libnx/lib\libnx.a(fs.o)
                0x0000000000003a40                fsFileWrite
 *fill*         0x0000000000003b34        0xc 
 .text.fsFileFlush
                0x0000000000003b40       0xc4 C:/devkitPro/libnx/lib\libnx.a(fs.o)
                0x0000000000003b40                fsFileFlush
 *fill*         0x0000000000003c04        0xc 
 .text.fsFileSetSize
                0x0000000000003c10       0xc4 C:/devkitPro/libnx/lib\libnx.a(fs.o)
                0x0000000000003c10                fsFileSetSize
 *fill*         0x0000000000003cd4        0xc 
 .text.fsFileGetSize
                0x0000000000003ce0       0xec C:/devkitPro/libnx/lib\libnx.a(fs.o)
                0x0000000000003ce0                fsFileGetSize
 *fill*         0x0000000000003dcc        0x4 
 .text.fsFileClose
                0x0000000000003dd0       0x6c C:/devkitPro/libnx/lib\libnx.a(fs.o)
                0x0000000000003dd0                fsFileClose
 *fill*         0x0000000000003e3c        0x4 
 .text.fsDirClose
                0x0000000000003e40       0x6c C:/devkitPro/libnx/lib\libnx.a(fs.o)
                0x0000000000003e40                fsDirClose
 *fill*         0x0000000000003eac        0x4 
 .text.fsDirRead
                0x0000000000003eb0      0x110 C:/devkitPro/libnx/lib\libnx.a(fs.o)
                0x0000000000003eb0                fsDirRead
 .text.fatalSimple
                0x0000000000003fc0       0xbc C:/devkitPro/libnx/lib\libnx.a(fatal.o)
                0x0000000000003fc0                fatalSimple
 *fill*         0x000000000000407c        0x4 
 .text.smAddOverrideHandle
                0x0000000000004080       0x44 C:/devkitPro/libnx/lib\libnx.a(sm.o)
                0x0000000000004080                smAddOverrideHandle
 *fill*         0x00000000000040c4        0xc 
 .text.smGetServiceOverride
                0x00000000000040d0       0x64 C:/devkitPro/libnx/lib\libnx.a(sm.o)
                0x00000000000040d0                smGetServiceOverride
 *fill*         0x0000000000004134        0xc 
 .text.smHasInitialized
                0x0000000000004140       0x14 C:/devkitPro/libnx/lib\libnx.a(sm.o)
                0x0000000000004140                smHasInitialized
 *fill*         0x0000000000004154        0xc 
 .text.smExit   0x0000000000004160       0x48 C:/devkitPro/libnx/lib\libnx.a(sm.o)
                0x0000000000004160                smExit
 *fill*         0x00000000000041a8        0x8 
 .text.smEncodeName
                0x00000000000041b0       0x34 C:/devkitPro/libnx/lib\libnx.a(sm.o)
                0x00000000000041b0                smEncodeName
 *fill*         0x00000000000041e4        0xc 
 .text.smGetServiceOriginal
                0x00000000000041f0      0x12c C:/devkitPro/libnx/lib\libnx.a(sm.o)
                0x00000000000041f0                smGetServiceOriginal
 *fill*         0x000000000000431c        0x4 
 .text.smInitialize
                0x0000000000004320      0x160 C:/devkitPro/libnx/lib\libnx.a(sm.o)
                0x0000000000004320                smInitialize
 .text.smGetService
                0x0000000000004480       0x74 C:/devkitPro/libnx/lib\libnx.a(sm.o)
                0x0000000000004480                smGetService
 *fill*         0x00000000000044f4        0xc 
 .text.ipcCloseObjectById
                0x0000000000004500       0x34 C:/devkitPro/libnx/lib\libnx.a(hid.o)
 *fill*         0x0000000000004534        0xc 
 .text._hidGetSharedMemoryHandle.constprop.8
                0x0000000000004540      0x12c C:/devkitPro/libnx/lib\libnx.a(hid.o)
 *fill*         0x000000000000466c        0x4 
 .text._hidCreateAppletResource.constprop.7
                0x0000000000004670      0x13c C:/devkitPro/libnx/lib\libnx.a(hid.o)
 *fill*         0x00000000000047ac        0x4 
 .text.hidReset
                0x00000000000047b0      0x1bc C:/devkitPro/libnx/lib\libnx.a(hid.o)
                0x00000000000047b0                hidReset
 *fill*         0x000000000000496c        0x4 
 .text.hidSetNpadJoyAssignmentModeDual
                0x0000000000004970      0x108 C:/devkitPro/libnx/lib\libnx.a(hid.o)
                0x0000000000004970                hidSetNpadJoyAssignmentModeDual
 *fill*         0x0000000000004a78        0x8 
 .text.hidExit  0x0000000000004a80      0x138 C:/devkitPro/libnx/lib\libnx.a(hid.o)
                0x0000000000004a80                hidExit
 *fill*         0x0000000000004bb8        0x8 
 .text.hidInitialize
                0x0000000000004bc0       0xe4 C:/devkitPro/libnx/lib\libnx.a(hid.o)
                0x0000000000004bc0                hidInitialize
 *fill*         0x0000000000004ca4        0xc 
 .text.ipcCloseObjectById
                0x0000000000004cb0       0x34 C:/devkitPro/libnx/lib\libnx.a(time.o)
 *fill*         0x0000000000004ce4        0xc 
 .text._timeGetSession
                0x0000000000004cf0      0x13c C:/devkitPro/libnx/lib\libnx.a(time.o)
 *fill*         0x0000000000004e2c        0x4 
 .text.timeExit
                0x0000000000004e30      0x1f0 C:/devkitPro/libnx/lib\libnx.a(time.o)
                0x0000000000004e30                timeExit
 .text.timeInitialize
                0x0000000000005020       0xe0 C:/devkitPro/libnx/lib\libnx.a(time.o)
                0x0000000000005020                timeInitialize
 .text.timeGetCurrentTime
                0x0000000000005100      0x128 C:/devkitPro/libnx/lib\libnx.a(time.o)
                0x0000000000005100                timeGetCurrentTime
 *fill*         0x0000000000005228        0x8 
 .text.ipcCloseObjectById
                0x0000000000005230       0x34 C:/devkitPro/libnx/lib\libnx.a(applet.o)
 *fill*         0x0000000000005264        0xc 
 .text._appletGetHandle
                0x0000000000005270      0x124 C:/devkitPro/libnx/lib\libnx.a(applet.o)
 *fill*         0x0000000000005394        0xc 
 .text._appletGetOperationMode.constprop.13
                0x00000000000053a0       0xe0 C:/devkitPro/libnx/lib\libnx.a(applet.o)
 .text._appletGetPerformanceMode.constprop.14
                0x0000000000005480       0xe0 C:/devkitPro/libnx/lib\libnx.a(applet.o)
 .text._appletReceiveMessage
                0x0000000000005560       0xe8 C:/devkitPro/libnx/lib\libnx.a(applet.o)
 *fill*         0x0000000000005648        0x8 
 .text._appletGetCurrentFocusState.constprop.15
                0x0000000000005650       0xe0 C:/devkitPro/libnx/lib\libnx.a(applet.o)
 .text._appletAcquireForegroundRights
                0x0000000000005730       0xcc C:/devkitPro/libnx/lib\libnx.a(applet.o)
 *fill*         0x00000000000057fc        0x4 
 .text._appletSetOperationModeChangedNotification.constprop.16
                0x0000000000005800       0xd4 C:/devkitPro/libnx/lib\libnx.a(applet.o)
 *fill*         0x00000000000058d4        0xc 
 .text._appletSetOutOfFocusSuspendingEnabled
                0x00000000000058e0       0xcc C:/devkitPro/libnx/lib\libnx.a(applet.o)
 *fill*         0x00000000000059ac        0x4 
 .text._appletSetPerformanceModeChangedNotification.constprop.17
                0x00000000000059b0       0xd4 C:/devkitPro/libnx/lib\libnx.a(applet.o)
 *fill*         0x0000000000005a84        0xc 
 .text._appletSetFocusHandlingMode
                0x0000000000005a90       0xd4 C:/devkitPro/libnx/lib\libnx.a(applet.o)
 *fill*         0x0000000000005b64        0xc 
 .text._appletGetAppletResourceUserId.constprop.11
                0x0000000000005b70       0xe0 C:/devkitPro/libnx/lib\libnx.a(applet.o)
 .text._appletGetSessionProxy.constprop.10
                0x0000000000005c50      0x14c C:/devkitPro/libnx/lib\libnx.a(applet.o)
 *fill*         0x0000000000005d9c        0x4 
 .text.appletExit
                0x0000000000005da0      0x4b8 C:/devkitPro/libnx/lib\libnx.a(applet.o)
                0x0000000000005da0                appletExit
 *fill*         0x0000000000006258        0x8 
 .text.appletGetAppletResourceUserId
                0x0000000000006260       0x28 C:/devkitPro/libnx/lib\libnx.a(applet.o)
                0x0000000000006260                appletGetAppletResourceUserId
 *fill*         0x0000000000006288        0x8 
 .text.appletNotifyRunning
                0x0000000000006290      0x120 C:/devkitPro/libnx/lib\libnx.a(applet.o)
                0x0000000000006290                appletNotifyRunning
 .text.appletInitialize
                0x00000000000063b0      0x578 C:/devkitPro/libnx/lib\libnx.a(applet.o)
                0x00000000000063b0                appletInitialize
 *fill*         0x0000000000006928        0x8 
 .text.decode_utf8
                0x0000000000006930      0x130 C:/devkitPro/libnx/lib\libnx.a(decode_utf8.o)
                0x0000000000006930                decode_utf8
 .text.__aarch64_read_tp
                0x0000000000006a60        0xc C:/devkitPro/libnx/lib\libnx.a(readtp.o)
                0x0000000000006a60                __aarch64_read_tp
 .text.svcSetHeapSize
                0x0000000000006a6c       0x14 C:/devkitPro/libnx/lib\libnx.a(svc.o)
                0x0000000000006a6c                svcSetHeapSize
 .text.svcUnmapMemory
                0x0000000000006a80        0x8 C:/devkitPro/libnx/lib\libnx.a(svc.o)
                0x0000000000006a80                svcUnmapMemory
 .text.svcQueryMemory
                0x0000000000006a88       0x14 C:/devkitPro/libnx/lib\libnx.a(svc.o)
                0x0000000000006a88                svcQueryMemory
 .text.svcExitProcess
                0x0000000000006a9c        0x8 C:/devkitPro/libnx/lib\libnx.a(svc.o)
                0x0000000000006a9c                svcExitProcess
 .text.svcSleepThread
                0x0000000000006aa4        0x8 C:/devkitPro/libnx/lib\libnx.a(svc.o)
                0x0000000000006aa4                svcSleepThread
 .text.svcMapSharedMemory
                0x0000000000006aac        0x8 C:/devkitPro/libnx/lib\libnx.a(svc.o)
                0x0000000000006aac                svcMapSharedMemory
 .text.svcUnmapSharedMemory
                0x0000000000006ab4        0x8 C:/devkitPro/libnx/lib\libnx.a(svc.o)
                0x0000000000006ab4                svcUnmapSharedMemory
 .text.svcCloseHandle
                0x0000000000006abc        0x8 C:/devkitPro/libnx/lib\libnx.a(svc.o)
                0x0000000000006abc                svcCloseHandle
 .text.svcWaitSynchronization
                0x0000000000006ac4       0x14 C:/devkitPro/libnx/lib\libnx.a(svc.o)
                0x0000000000006ac4                svcWaitSynchronization
 .text.svcArbitrateLock
                0x0000000000006ad8        0x8 C:/devkitPro/libnx/lib\libnx.a(svc.o)
                0x0000000000006ad8                svcArbitrateLock
 .text.svcArbitrateUnlock
                0x0000000000006ae0        0x8 C:/devkitPro/libnx/lib\libnx.a(svc.o)
                0x0000000000006ae0                svcArbitrateUnlock
 .text.svcConnectToNamedPort
                0x0000000000006ae8       0x14 C:/devkitPro/libnx/lib\libnx.a(svc.o)
                0x0000000000006ae8                svcConnectToNamedPort
 .text.svcSendSyncRequest
                0x0000000000006afc        0x8 C:/devkitPro/libnx/lib\libnx.a(svc.o)
                0x0000000000006afc                svcSendSyncRequest
 .text.svcBreak
                0x0000000000006b04        0x8 C:/devkitPro/libnx/lib\libnx.a(svc.o)
                0x0000000000006b04                svcBreak
 .text.svcGetInfo
                0x0000000000006b0c       0x14 C:/devkitPro/libnx/lib\libnx.a(svc.o)
                0x0000000000006b0c                svcGetInfo
 .text.mutexInit
                0x0000000000006b20        0x8 C:/devkitPro/libnx/lib\libnx.a(newlib.o)
 *fill*         0x0000000000006b28        0x8 
 .text.rmutexInit
                0x0000000000006b30        0xc C:/devkitPro/libnx/lib\libnx.a(newlib.o)
 *fill*         0x0000000000006b3c        0x4 
 .text.__libnx_gtod
                0x0000000000006b40       0x90 C:/devkitPro/libnx/lib\libnx.a(newlib.o)
                0x0000000000006b40                __libnx_gtod
 .text.__libnx_get_reent
                0x0000000000006bd0       0x34 C:/devkitPro/libnx/lib\libnx.a(newlib.o)
 *fill*         0x0000000000006c04        0xc 
 .text.newlibSetup
                0x0000000000006c10       0xec C:/devkitPro/libnx/lib\libnx.a(newlib.o)
                0x0000000000006c10                newlibSetup
 *fill*         0x0000000000006cfc        0x4 
 .text.rwlockWriteLock
                0x0000000000006d00        0x8 C:/devkitPro/libnx/lib\libnx.a(rwlock.o)
                0x0000000000006d00                rwlockWriteLock
 *fill*         0x0000000000006d08        0x8 
 .text.rwlockWriteUnlock
                0x0000000000006d10        0x8 C:/devkitPro/libnx/lib\libnx.a(rwlock.o)
                0x0000000000006d10                rwlockWriteUnlock
 *fill*         0x0000000000006d18        0x8 
 .text.shmemLoadRemote
                0x0000000000006d20       0x14 C:/devkitPro/libnx/lib\libnx.a(shmem.o)
                0x0000000000006d20                shmemLoadRemote
 *fill*         0x0000000000006d34        0xc 
 .text.shmemMap
                0x0000000000006d40       0x9c C:/devkitPro/libnx/lib\libnx.a(shmem.o)
                0x0000000000006d40                shmemMap
 *fill*         0x0000000000006ddc        0x4 
 .text.shmemUnmap
                0x0000000000006de0       0x48 C:/devkitPro/libnx/lib\libnx.a(shmem.o)
                0x0000000000006de0                shmemUnmap
 *fill*         0x0000000000006e28        0x8 
 .text.shmemClose
                0x0000000000006e30       0x40 C:/devkitPro/libnx/lib\libnx.a(shmem.o)
                0x0000000000006e30                shmemClose
 .text.ipcCloseObjectById
                0x0000000000006e70       0x34 C:/devkitPro/libnx/lib\libnx.a(apm.o)
 *fill*         0x0000000000006ea4        0xc 
 .text._apmGetSession.constprop.4
                0x0000000000006eb0      0x12c C:/devkitPro/libnx/lib\libnx.a(apm.o)
 *fill*         0x0000000000006fdc        0x4 
 .text.apmExit  0x0000000000006fe0       0xf0 C:/devkitPro/libnx/lib\libnx.a(apm.o)
                0x0000000000006fe0                apmExit
 .text.apmInitialize
                0x00000000000070d0       0xa4 C:/devkitPro/libnx/lib\libnx.a(apm.o)
                0x00000000000070d0                apmInitialize
 *fill*         0x0000000000007174        0xc 
 .text.apmSetPerformanceConfiguration
                0x0000000000007180       0xcc C:/devkitPro/libnx/lib\libnx.a(apm.o)
                0x0000000000007180                apmSetPerformanceConfiguration
 *fill*         0x000000000000724c        0x4 
 .text.bsearch  0x0000000000007250       0xc8 c:/devkitpro/devkita64/bin/../lib/gcc/aarch64-none-elf/7.3.0/../../../../aarch64-none-elf/lib/pic\libg.a(lib_a-bsearch.o)
                0x0000000000007250                bsearch
 .text.__errno  0x0000000000007318       0x14 c:/devkitpro/devkita64/bin/../lib/gcc/aarch64-none-elf/7.3.0/../../../../aarch64-none-elf/lib/pic\libg.a(lib_a-errno.o)
                0x0000000000007318                __errno
 *fill*         0x000000000000732c        0x4 
 .text._fclose_r
                0x0000000000007330      0x18c c:/devkitpro/devkita64/bin/../lib/gcc/aarch64-none-elf/7.3.0/../../../../aarch64-none-elf/lib/pic\libg.a(lib_a-fclose.o)
                0x0000000000007330                _fclose_r
 *fill*         0x00000000000074bc        0x4 
 .text.fclose   0x00000000000074c0       0x24 c:/devkitpro/devkita64/bin/../lib/gcc/aarch64-none-elf/7.3.0/../../../../aarch64-none-elf/lib/pic\libg.a(lib_a-fclose.o)
                0x00000000000074c0                fclose
 *fill*         0x00000000000074e4        0x4 
 .text.__sflush_r
                0x00000000000074e8      0x278 c:/devkitpro/devkita64/bin/../lib/gcc/aarch64-none-elf/7.3.0/../../../../aarch64-none-elf/lib/pic\libg.a(lib_a-fflush.o)
                0x00000000000074e8                __sflush_r
 .text._fflush_r
                0x0000000000007760       0xa4 c:/devkitpro/devkita64/bin/../lib/gcc/aarch64-none-elf/7.3.0/../../../../aarch64-none-elf/lib/pic\libg.a(lib_a-fflush.o)
                0x0000000000007760                _fflush_r
 *fill*         0x0000000000007804        0x4 
 .text.fflush   0x0000000000007808       0x40 c:/devkitpro/devkita64/bin/../lib/gcc/aarch64-none-elf/7.3.0/../../../../aarch64-none-elf/lib/pic\libg.a(lib_a-fflush.o)
                0x0000000000007808                fflush
 .text.std      0x0000000000007848       0x78 c:/devkitpro/devkita64/bin/../lib/gcc/aarch64-none-elf/7.3.0/../../../../aarch64-none-elf/lib/pic\libg.a(lib_a-findfp.o)
 .text._cleanup_r
                0x00000000000078c0        0xc c:/devkitpro/devkita64/bin/../lib/gcc/aarch64-none-elf/7.3.0/../../../../aarch64-none-elf/lib/pic\libg.a(lib_a-findfp.o)
                0x00000000000078c0                _cleanup_r
 *fill*         0x00000000000078cc        0x4 
 .text.__sfmoreglue
                0x00000000000078d0       0x60 c:/devkitpro/devkita64/bin/../lib/gcc/aarch64-none-elf/7.3.0/../../../../aarch64-none-elf/lib/pic\libg.a(lib_a-findfp.o)
                0x00000000000078d0                __sfmoreglue
 .text.__sfp_lock_acquire
                0x0000000000007930        0xc c:/devkitpro/devkita64/bin/../lib/gcc/aarch64-none-elf/7.3.0/../../../../aarch64-none-elf/lib/pic\libg.a(lib_a-findfp.o)
                0x0000000000007930                __sfp_lock_acquire
 *fill*         0x000000000000793c        0x4 
 .text.__sfp_lock_release
                0x0000000000007940        0xc c:/devkitpro/devkita64/bin/../lib/gcc/aarch64-none-elf/7.3.0/../../../../aarch64-none-elf/lib/pic\libg.a(lib_a-findfp.o)
                0x0000000000007940                __sfp_lock_release
 *fill*         0x000000000000794c        0x4 
 .text.__sinit_lock_acquire
                0x0000000000007950        0xc c:/devkitpro/devkita64/bin/../lib/gcc/aarch64-none-elf/7.3.0/../../../../aarch64-none-elf/lib/pic\libg.a(lib_a-findfp.o)
                0x0000000000007950                __sinit_lock_acquire
 *fill*         0x000000000000795c        0x4 
 .text.__sinit_lock_release
                0x0000000000007960        0xc c:/devkitpro/devkita64/bin/../lib/gcc/aarch64-none-elf/7.3.0/../../../../aarch64-none-elf/lib/pic\libg.a(lib_a-findfp.o)
                0x0000000000007960                __sinit_lock_release
 *fill*         0x000000000000796c        0x4 
 .text.__sinit  0x0000000000007970       0x80 c:/devkitpro/devkita64/bin/../lib/gcc/aarch64-none-elf/7.3.0/../../../../aarch64-none-elf/lib/pic\libg.a(lib_a-findfp.o)
                0x0000000000007970                __sinit
 .text.__sfp    0x00000000000079f0      0x128 c:/devkitpro/devkita64/bin/../lib/gcc/aarch64-none-elf/7.3.0/../../../../aarch64-none-elf/lib/pic\libg.a(lib_a-findfp.o)
                0x00000000000079f0                __sfp
 .text.__libc_fini_array
                0x0000000000007b18       0x44 c:/devkitpro/devkita64/bin/../lib/gcc/aarch64-none-elf/7.3.0/../../../../aarch64-none-elf/lib/pic\libg.a(lib_a-fini.o)
                0x0000000000007b18                __libc_fini_array
 *fill*         0x0000000000007b5c        0x4 
 .text._fopen_r
                0x0000000000007b60      0x158 c:/devkitpro/devkita64/bin/../lib/gcc/aarch64-none-elf/7.3.0/../../../../aarch64-none-elf/lib/pic\libg.a(lib_a-fopen.o)
                0x0000000000007b60                _fopen_r
 .text.fopen    0x0000000000007cb8       0x2c c:/devkitpro/devkita64/bin/../lib/gcc/aarch64-none-elf/7.3.0/../../../../aarch64-none-elf/lib/pic\libg.a(lib_a-fopen.o)
                0x0000000000007cb8                fopen
 *fill*         0x0000000000007ce4        0x4 
 .text.fprintf  0x0000000000007ce8       0x90 c:/devkitpro/devkita64/bin/../lib/gcc/aarch64-none-elf/7.3.0/../../../../aarch64-none-elf/lib/pic\libg.a(lib_a-fprintf.o)
                0x0000000000007ce8                fprintf
 .text._malloc_trim_r
                0x0000000000007d78      0x11c c:/devkitpro/devkita64/bin/../lib/gcc/aarch64-none-elf/7.3.0/../../../../aarch64-none-elf/lib/pic\libg.a(lib_a-freer.o)
                0x0000000000007d78                _malloc_trim_r
 *fill*         0x0000000000007e94        0x4 
 .text._free_r  0x0000000000007e98      0x314 c:/devkitpro/devkita64/bin/../lib/gcc/aarch64-none-elf/7.3.0/../../../../aarch64-none-elf/lib/pic\libg.a(lib_a-freer.o)
                0x0000000000007e98                _free_r
 *fill*         0x00000000000081ac        0x4 
 .text._fseek_r
                0x00000000000081b0        0x4 c:/devkitpro/devkita64/bin/../lib/gcc/aarch64-none-elf/7.3.0/../../../../aarch64-none-elf/lib/pic\libg.a(lib_a-fseek.o)
                0x00000000000081b0                _fseek_r
 *fill*         0x00000000000081b4        0x4 
 .text._fseeko_r
                0x00000000000081b8      0x504 c:/devkitpro/devkita64/bin/../lib/gcc/aarch64-none-elf/7.3.0/../../../../aarch64-none-elf/lib/pic\libg.a(lib_a-fseeko.o)
                0x00000000000081b8                _fseeko_r
 *fill*         0x00000000000086bc        0x4 
 .text._fwalk   0x00000000000086c0       0xbc c:/devkitpro/devkita64/bin/../lib/gcc/aarch64-none-elf/7.3.0/../../../../aarch64-none-elf/lib/pic\libg.a(lib_a-fwalk.o)
                0x00000000000086c0                _fwalk
 *fill*         0x000000000000877c        0x4 
 .text._fwalk_reent
                0x0000000000008780       0xcc c:/devkitpro/devkita64/bin/../lib/gcc/aarch64-none-elf/7.3.0/../../../../aarch64-none-elf/lib/pic\libg.a(lib_a-fwalk.o)
                0x0000000000008780                _fwalk_reent
 *fill*         0x000000000000884c        0x4 
 .text.gmtime   0x0000000000008850       0x28 c:/devkitpro/devkita64/bin/../lib/gcc/aarch64-none-elf/7.3.0/../../../../aarch64-none-elf/lib/pic\libg.a(lib_a-gmtime.o)
                0x0000000000008850                gmtime
 .text.gmtime_r
                0x0000000000008878      0x298 c:/devkitpro/devkita64/bin/../lib/gcc/aarch64-none-elf/7.3.0/../../../../aarch64-none-elf/lib/pic\libg.a(lib_a-gmtime_r.o)
                0x0000000000008878                gmtime_r
 .text.__libc_init_array
                0x0000000000008b10       0x8c c:/devkitpro/devkita64/bin/../lib/gcc/aarch64-none-elf/7.3.0/../../../../aarch64-none-elf/lib/pic\libg.a(lib_a-init.o)
                0x0000000000008b10                __libc_init_array
 *fill*         0x0000000000008b9c        0x4 
 .text.__locale_mb_cur_max
                0x0000000000008ba0       0x2c c:/devkitpro/devkita64/bin/../lib/gcc/aarch64-none-elf/7.3.0/../../../../aarch64-none-elf/lib/pic\libg.a(lib_a-locale.o)
                0x0000000000008ba0                __locale_mb_cur_max
 *fill*         0x0000000000008bcc        0x4 
 .text.__locale_ctype_ptr_l
                0x0000000000008bd0        0x8 c:/devkitpro/devkita64/bin/../lib/gcc/aarch64-none-elf/7.3.0/../../../../aarch64-none-elf/lib/pic\libg.a(lib_a-locale.o)
                0x0000000000008bd0                __locale_ctype_ptr_l
 .text.__locale_ctype_ptr
                0x0000000000008bd8       0x2c c:/devkitpro/devkita64/bin/../lib/gcc/aarch64-none-elf/7.3.0/../../../../aarch64-none-elf/lib/pic\libg.a(lib_a-locale.o)
                0x0000000000008bd8                __locale_ctype_ptr
 *fill*         0x0000000000008c04        0x4 
 .text.__swhatbuf_r
                0x0000000000008c08       0xac c:/devkitpro/devkita64/bin/../lib/gcc/aarch64-none-elf/7.3.0/../../../../aarch64-none-elf/lib/pic\libg.a(lib_a-makebuf.o)
                0x0000000000008c08                __swhatbuf_r
 *fill*         0x0000000000008cb4        0x4 
 .text.__smakebuf_r
                0x0000000000008cb8      0x110 c:/devkitpro/devkita64/bin/../lib/gcc/aarch64-none-elf/7.3.0/../../../../aarch64-none-elf/lib/pic\libg.a(lib_a-makebuf.o)
                0x0000000000008cb8                __smakebuf_r
 .text._malloc_r
                0x0000000000008dc8      0x8b4 c:/devkitpro/devkita64/bin/../lib/gcc/aarch64-none-elf/7.3.0/../../../../aarch64-none-elf/lib/pic\libg.a(lib_a-mallocr.o)
                0x0000000000008dc8                _malloc_r
 *fill*         0x000000000000967c        0x4 
 .text.__utf8_mbtowc
                0x0000000000009680      0x2d8 c:/devkitpro/devkita64/bin/../lib/gcc/aarch64-none-elf/7.3.0/../../../../aarch64-none-elf/lib/pic\libg.a(lib_a-mbtowc_r.o)
                0x0000000000009680                __utf8_mbtowc
 *fill*         0x0000000000009958       0x28 
 .text          0x0000000000009980      0x16c c:/devkitpro/devkita64/bin/../lib/gcc/aarch64-none-elf/7.3.0/../../../../aarch64-none-elf/lib/pic\libg.a(lib_a-memcpy.o)
                0x0000000000009980                memcpy
 *fill*         0x0000000000009aec       0x14 
 .text          0x0000000000009b00      0x1d8 c:/devkitpro/devkita64/bin/../lib/gcc/aarch64-none-elf/7.3.0/../../../../aarch64-none-elf/lib/pic\libg.a(lib_a-memset.o)
                0x0000000000009b00                memset
 .text.__malloc_lock
                0x0000000000009cd8        0xc c:/devkitpro/devkita64/bin/../lib/gcc/aarch64-none-elf/7.3.0/../../../../aarch64-none-elf/lib/pic\libg.a(lib_a-mlock.o)
                0x0000000000009cd8                __malloc_lock
 *fill*         0x0000000000009ce4        0x4 
 .text.__malloc_unlock
                0x0000000000009ce8        0xc c:/devkitpro/devkita64/bin/../lib/gcc/aarch64-none-elf/7.3.0/../../../../aarch64-none-elf/lib/pic\libg.a(lib_a-mlock.o)
                0x0000000000009ce8                __malloc_unlock
 *fill*         0x0000000000009cf4        0x4 
 .text.lflush   0x0000000000009cf8       0x24 c:/devkitpro/devkita64/bin/../lib/gcc/aarch64-none-elf/7.3.0/../../../../aarch64-none-elf/lib/pic\libg.a(lib_a-refill.o)
 *fill*         0x0000000000009d1c        0x4 
 .text.__srefill_r
                0x0000000000009d20      0x1e8 c:/devkitpro/devkita64/bin/../lib/gcc/aarch64-none-elf/7.3.0/../../../../aarch64-none-elf/lib/pic\libg.a(lib_a-refill.o)
                0x0000000000009d20                __srefill_r
 .text.__sread  0x0000000000009f08       0x50 c:/devkitpro/devkita64/bin/../lib/gcc/aarch64-none-elf/7.3.0/../../../../aarch64-none-elf/lib/pic\libg.a(lib_a-stdio.o)
                0x0000000000009f08                __sread
 .text.__swrite
                0x0000000000009f58       0x68 c:/devkitpro/devkita64/bin/../lib/gcc/aarch64-none-elf/7.3.0/../../../../aarch64-none-elf/lib/pic\libg.a(lib_a-stdio.o)
                0x0000000000009f58                __swrite
 .text.__sseek  0x0000000000009fc0       0x54 c:/devkitpro/devkita64/bin/../lib/gcc/aarch64-none-elf/7.3.0/../../../../aarch64-none-elf/lib/pic\libg.a(lib_a-stdio.o)
                0x0000000000009fc0                __sseek
 *fill*         0x000000000000a014        0x4 
 .text.__sclose
                0x000000000000a018        0x8 c:/devkitpro/devkita64/bin/../lib/gcc/aarch64-none-elf/7.3.0/../../../../aarch64-none-elf/lib/pic\libg.a(lib_a-stdio.o)
                0x000000000000a018                __sclose
 .text          0x000000000000a020       0xdc c:/devkitpro/devkita64/bin/../lib/gcc/aarch64-none-elf/7.3.0/../../../../aarch64-none-elf/lib/pic\libg.a(lib_a-strchr.o)
                0x000000000000a020                strchr
 *fill*         0x000000000000a0fc        0x4 
 .text          0x000000000000a100       0xa4 c:/devkitpro/devkita64/bin/../lib/gcc/aarch64-none-elf/7.3.0/../../../../aarch64-none-elf/lib/pic\libg.a(lib_a-strcmp.o)
                0x000000000000a100                strcmp
 *fill*         0x000000000000a1a4       0x1c 
 .text          0x000000000000a1c0      0x140 c:/devkitpro/devkita64/bin/../lib/gcc/aarch64-none-elf/7.3.0/../../../../aarch64-none-elf/lib/pic\libg.a(lib_a-strlen.o)
                0x000000000000a1c0                strlen
 .text.strncat  0x000000000000a300       0x88 c:/devkitpro/devkita64/bin/../lib/gcc/aarch64-none-elf/7.3.0/../../../../aarch64-none-elf/lib/pic\libg.a(lib_a-strncat.o)
                0x000000000000a300                strncat
 *fill*         0x000000000000a388       0x38 
 .text          0x000000000000a3c0      0x124 c:/devkitpro/devkita64/bin/../lib/gcc/aarch64-none-elf/7.3.0/../../../../aarch64-none-elf/lib/pic\libg.a(lib_a-strncmp.o)
                0x000000000000a3dc                strncmp
 *fill*         0x000000000000a4e4        0x4 
 .text.strncpy  0x000000000000a4e8       0xb4 c:/devkitpro/devkita64/bin/../lib/gcc/aarch64-none-elf/7.3.0/../../../../aarch64-none-elf/lib/pic\libg.a(lib_a-strncpy.o)
                0x000000000000a4e8                strncpy
 *fill*         0x000000000000a59c       0x24 
 .text          0x000000000000a5c0       0xe0 c:/devkitpro/devkita64/bin/../lib/gcc/aarch64-none-elf/7.3.0/../../../../aarch64-none-elf/lib/pic\libg.a(lib_a-strnlen.o)
                0x000000000000a5e4                strnlen
 .text._strtoul_l.isra.0
                0x000000000000a6a0      0x1e0 c:/devkitpro/devkita64/bin/../lib/gcc/aarch64-none-elf/7.3.0/../../../../aarch64-none-elf/lib/pic\libg.a(lib_a-strtoul.o)
 .text.strtoul  0x000000000000a880       0x5c c:/devkitpro/devkita64/bin/../lib/gcc/aarch64-none-elf/7.3.0/../../../../aarch64-none-elf/lib/pic\libg.a(lib_a-strtoul.o)
                0x000000000000a880                strtoul
 *fill*         0x000000000000a8dc        0x4 
 .text.time     0x000000000000a8e0       0x40 c:/devkitpro/devkita64/bin/../lib/gcc/aarch64-none-elf/7.3.0/../../../../aarch64-none-elf/lib/pic\libg.a(lib_a-time.o)
                0x000000000000a8e0                time
 .text.get_arg  0x000000000000a920      0x778 c:/devkitpro/devkita64/bin/../lib/gcc/aarch64-none-elf/7.3.0/../../../../aarch64-none-elf/lib/pic\libg.a(lib_a-vfprintf.o)
 .text._vfprintf_r
                0x000000000000b098     0x3bc0 c:/devkitpro/devkita64/bin/../lib/gcc/aarch64-none-elf/7.3.0/../../../../aarch64-none-elf/lib/pic\libg.a(lib_a-vfprintf.o)
                0x000000000000b098                _vfprintf_r
 .text.__sbprintf
                0x000000000000ec58       0xf4 c:/devkitpro/devkita64/bin/../lib/gcc/aarch64-none-elf/7.3.0/../../../../aarch64-none-elf/lib/pic\libg.a(lib_a-vfprintf.o)
 *fill*         0x000000000000ed4c        0x4 
 .text._wcrtomb_r
                0x000000000000ed50       0xdc c:/devkitpro/devkita64/bin/../lib/gcc/aarch64-none-elf/7.3.0/../../../../aarch64-none-elf/lib/pic\libg.a(lib_a-wcrtomb.o)
                0x000000000000ed50                _wcrtomb_r
 *fill*         0x000000000000ee2c        0x4 
 .text._wcsrtombs_r
                0x000000000000ee30       0x10 c:/devkitpro/devkita64/bin/../lib/gcc/aarch64-none-elf/7.3.0/../../../../aarch64-none-elf/lib/pic\libg.a(lib_a-wcsrtombs.o)
                0x000000000000ee30                _wcsrtombs_r
 .text.__utf8_wctomb
                0x000000000000ee40       0xe8 c:/devkitpro/devkita64/bin/../lib/gcc/aarch64-none-elf/7.3.0/../../../../aarch64-none-elf/lib/pic\libg.a(lib_a-wctomb_r.o)
                0x000000000000ee40                __utf8_wctomb
 .text.__swsetup_r
                0x000000000000ef28      0x13c c:/devkitpro/devkita64/bin/../lib/gcc/aarch64-none-elf/7.3.0/../../../../aarch64-none-elf/lib/pic\libg.a(lib_a-wsetup.o)
                0x000000000000ef28                __swsetup_r
 *fill*         0x000000000000f064        0x4 
 .text.quorem   0x000000000000f068      0x1b0 c:/devkitpro/devkita64/bin/../lib/gcc/aarch64-none-elf/7.3.0/../../../../aarch64-none-elf/lib/pic\libg.a(lib_a-dtoa.o)
 .text._dtoa_r  0x000000000000f218     0x11c4 c:/devkitpro/devkita64/bin/../lib/gcc/aarch64-none-elf/7.3.0/../../../../aarch64-none-elf/lib/pic\libg.a(lib_a-dtoa.o)
                0x000000000000f218                _dtoa_r
 *fill*         0x00000000000103dc        0x4 
 .text.__sflags
                0x00000000000103e0       0xb0 c:/devkitpro/devkita64/bin/../lib/gcc/aarch64-none-elf/7.3.0/../../../../aarch64-none-elf/lib/pic\libg.a(lib_a-flags.o)
                0x00000000000103e0                __sflags
 .text.__localeconv_l
                0x0000000000010490        0x8 c:/devkitpro/devkita64/bin/../lib/gcc/aarch64-none-elf/7.3.0/../../../../aarch64-none-elf/lib/pic\libg.a(lib_a-localeconv.o)
                0x0000000000010490                __localeconv_l
 .text._localeconv_r
                0x0000000000010498       0x28 c:/devkitpro/devkita64/bin/../lib/gcc/aarch64-none-elf/7.3.0/../../../../aarch64-none-elf/lib/pic\libg.a(lib_a-localeconv.o)
                0x0000000000010498                _localeconv_r
 .text          0x00000000000104c0       0xd8 c:/devkitpro/devkita64/bin/../lib/gcc/aarch64-none-elf/7.3.0/../../../../aarch64-none-elf/lib/pic\libg.a(lib_a-memchr.o)
                0x00000000000104c0                memchr
 .text._Balloc  0x0000000000010598       0xa4 c:/devkitpro/devkita64/bin/../lib/gcc/aarch64-none-elf/7.3.0/../../../../aarch64-none-elf/lib/pic\libg.a(lib_a-mprec.o)
                0x0000000000010598                _Balloc
 *fill*         0x000000000001063c        0x4 
 .text._Bfree   0x0000000000010640       0x1c c:/devkitpro/devkita64/bin/../lib/gcc/aarch64-none-elf/7.3.0/../../../../aarch64-none-elf/lib/pic\libg.a(lib_a-mprec.o)
                0x0000000000010640                _Bfree
 *fill*         0x000000000001065c        0x4 
 .text.__multadd
                0x0000000000010660       0xe0 c:/devkitpro/devkita64/bin/../lib/gcc/aarch64-none-elf/7.3.0/../../../../aarch64-none-elf/lib/pic\libg.a(lib_a-mprec.o)
                0x0000000000010660                __multadd
 .text.__hi0bits
                0x0000000000010740       0x5c c:/devkitpro/devkita64/bin/../lib/gcc/aarch64-none-elf/7.3.0/../../../../aarch64-none-elf/lib/pic\libg.a(lib_a-mprec.o)
                0x0000000000010740                __hi0bits
 *fill*         0x000000000001079c        0x4 
 .text.__lo0bits
                0x00000000000107a0       0xa8 c:/devkitpro/devkita64/bin/../lib/gcc/aarch64-none-elf/7.3.0/../../../../aarch64-none-elf/lib/pic\libg.a(lib_a-mprec.o)
                0x00000000000107a0                __lo0bits
 .text.__i2b    0x0000000000010848       0x2c c:/devkitpro/devkita64/bin/../lib/gcc/aarch64-none-elf/7.3.0/../../../../aarch64-none-elf/lib/pic\libg.a(lib_a-mprec.o)
                0x0000000000010848                __i2b
 *fill*         0x0000000000010874        0x4 
 .text.__multiply
                0x0000000000010878      0x1d8 c:/devkitpro/devkita64/bin/../lib/gcc/aarch64-none-elf/7.3.0/../../../../aarch64-none-elf/lib/pic\libg.a(lib_a-mprec.o)
                0x0000000000010878                __multiply
 .text.__pow5mult
                0x0000000000010a50      0x108 c:/devkitpro/devkita64/bin/../lib/gcc/aarch64-none-elf/7.3.0/../../../../aarch64-none-elf/lib/pic\libg.a(lib_a-mprec.o)
                0x0000000000010a50                __pow5mult
 .text.__lshift
                0x0000000000010b58      0x144 c:/devkitpro/devkita64/bin/../lib/gcc/aarch64-none-elf/7.3.0/../../../../aarch64-none-elf/lib/pic\libg.a(lib_a-mprec.o)
                0x0000000000010b58                __lshift
 *fill*         0x0000000000010c9c        0x4 
 .text.__mcmp   0x0000000000010ca0       0x54 c:/devkitpro/devkita64/bin/../lib/gcc/aarch64-none-elf/7.3.0/../../../../aarch64-none-elf/lib/pic\libg.a(lib_a-mprec.o)
                0x0000000000010ca0                __mcmp
 *fill*         0x0000000000010cf4        0x4 
 .text.__mdiff  0x0000000000010cf8      0x164 c:/devkitpro/devkita64/bin/../lib/gcc/aarch64-none-elf/7.3.0/../../../../aarch64-none-elf/lib/pic\libg.a(lib_a-mprec.o)
                0x0000000000010cf8                __mdiff
 *fill*         0x0000000000010e5c        0x4 
 .text.__d2b    0x0000000000010e60      0x12c c:/devkitpro/devkita64/bin/../lib/gcc/aarch64-none-elf/7.3.0/../../../../aarch64-none-elf/lib/pic\libg.a(lib_a-mprec.o)
                0x0000000000010e60                __d2b
 *fill*         0x0000000000010f8c        0x4 
 .text.frexp    0x0000000000010f90       0x94 c:/devkitpro/devkita64/bin/../lib/gcc/aarch64-none-elf/7.3.0/../../../../aarch64-none-elf/lib/pic\libg.a(lib_a-s_frexp.o)
                0x0000000000010f90                frexp
 .text.__sprint_r
                0x0000000000011024       0x3c c:/devkitpro/devkita64/bin/../lib/gcc/aarch64-none-elf/7.3.0/../../../../aarch64-none-elf/lib/pic\libg.a(lib_a-vfiprintf.o)
                0x0000000000011024                __sprint_r
 .text._wcsnrtombs_l
                0x0000000000011060      0x1d4 c:/devkitpro/devkita64/bin/../lib/gcc/aarch64-none-elf/7.3.0/../../../../aarch64-none-elf/lib/pic\libg.a(lib_a-wcsnrtombs.o)
                0x0000000000011060                _wcsnrtombs_l
 *fill*         0x0000000000011234        0x4 
 .text._wcsnrtombs_r
                0x0000000000011238       0x74 c:/devkitpro/devkita64/bin/../lib/gcc/aarch64-none-elf/7.3.0/../../../../aarch64-none-elf/lib/pic\libg.a(lib_a-wcsnrtombs.o)
                0x0000000000011238                _wcsnrtombs_r
 *fill*         0x00000000000112ac        0x4 
 .text._calloc_r
                0x00000000000112b0       0x90 c:/devkitpro/devkita64/bin/../lib/gcc/aarch64-none-elf/7.3.0/../../../../aarch64-none-elf/lib/pic\libg.a(lib_a-callocr.o)
                0x00000000000112b0                _calloc_r
 .text.__sfvwrite_r
                0x0000000000011340      0x4f4 c:/devkitpro/devkita64/bin/../lib/gcc/aarch64-none-elf/7.3.0/../../../../aarch64-none-elf/lib/pic\libg.a(lib_a-fvwrite.o)
                0x0000000000011340                __sfvwrite_r
 *fill*         0x0000000000011834        0xc 
 .text          0x0000000000011840       0xac c:/devkitpro/devkita64/bin/../lib/gcc/aarch64-none-elf/7.3.0/../../../../aarch64-none-elf/lib/pic\libg.a(lib_a-memmove.o)
                0x0000000000011840                memmove
 *fill*         0x00000000000118ec        0x4 
 .text._realloc_r
                0x00000000000118f0      0x55c c:/devkitpro/devkita64/bin/../lib/gcc/aarch64-none-elf/7.3.0/../../../../aarch64-none-elf/lib/pic\libg.a(lib_a-reallocr.o)
                0x00000000000118f0                _realloc_r
 *fill*         0x0000000000011e4c        0x4 
 .text.null_write
                0x0000000000011e50        0x8 c:/devkitpro/devkita64/bin/../lib/gcc/aarch64-none-elf/7.3.0/../../../../aarch64-none-elf/lib/pic\libsysbase.a(iosupport.o)
 .text.setDefaultDevice
                0x0000000000011e58       0x18 c:/devkitpro/devkita64/bin/../lib/gcc/aarch64-none-elf/7.3.0/../../../../aarch64-none-elf/lib/pic\libsysbase.a(iosupport.o)
                0x0000000000011e58                setDefaultDevice
 .text.FindDevice
                0x0000000000011e70      0x114 c:/devkitpro/devkita64/bin/../lib/gcc/aarch64-none-elf/7.3.0/../../../../aarch64-none-elf/lib/pic\libsysbase.a(iosupport.o)
                0x0000000000011e70                FindDevice
 *fill*         0x0000000000011f84        0x4 
 .text.RemoveDevice
                0x0000000000011f88       0x34 c:/devkitpro/devkita64/bin/../lib/gcc/aarch64-none-elf/7.3.0/../../../../aarch64-none-elf/lib/pic\libsysbase.a(iosupport.o)
                0x0000000000011f88                RemoveDevice
 *fill*         0x0000000000011fbc        0x4 
 .text.AddDevice
                0x0000000000011fc0       0xd8 c:/devkitpro/devkita64/bin/../lib/gcc/aarch64-none-elf/7.3.0/../../../../aarch64-none-elf/lib/pic\libsysbase.a(iosupport.o)
                0x0000000000011fc0                AddDevice
 .text._close_r
                0x0000000000012098       0xb8 c:/devkitpro/devkita64/bin/../lib/gcc/aarch64-none-elf/7.3.0/../../../../aarch64-none-elf/lib/pic\libsysbase.a(close.o)
                0x0000000000012098                _close_r
 .text._fstat_r
                0x0000000000012150       0x80 c:/devkitpro/devkita64/bin/../lib/gcc/aarch64-none-elf/7.3.0/../../../../aarch64-none-elf/lib/pic\libsysbase.a(fstat.o)
                0x0000000000012150                _fstat_r
 .text._gettimeofday_r
                0x00000000000121d0       0x28 c:/devkitpro/devkita64/bin/../lib/gcc/aarch64-none-elf/7.3.0/../../../../aarch64-none-elf/lib/pic\libsysbase.a(gettod.o)
                0x00000000000121d0                _gettimeofday_r
 .text._isatty_r
                0x00000000000121f8        0x8 c:/devkitpro/devkita64/bin/../lib/gcc/aarch64-none-elf/7.3.0/../../../../aarch64-none-elf/lib/pic\libsysbase.a(isatty.o)
                0x00000000000121f8                _isatty_r
 .text._lseek_r
                0x0000000000012200       0x94 c:/devkitpro/devkita64/bin/../lib/gcc/aarch64-none-elf/7.3.0/../../../../aarch64-none-elf/lib/pic\libsysbase.a(lseek.o)
                0x0000000000012200                _lseek_r
 *fill*         0x0000000000012294        0x4 
 .text._open_r  0x0000000000012298       0xfc c:/devkitpro/devkita64/bin/../lib/gcc/aarch64-none-elf/7.3.0/../../../../aarch64-none-elf/lib/pic\libsysbase.a(open.o)
                0x0000000000012298                _open_r
 *fill*         0x0000000000012394        0x4 
 .text._read_r  0x0000000000012398       0x98 c:/devkitpro/devkita64/bin/../lib/gcc/aarch64-none-elf/7.3.0/../../../../aarch64-none-elf/lib/pic\libsysbase.a(read.o)
                0x0000000000012398                _read_r
 .text._sbrk_r  0x0000000000012430       0x7c c:/devkitpro/devkita64/bin/../lib/gcc/aarch64-none-elf/7.3.0/../../../../aarch64-none-elf/lib/pic\libsysbase.a(sbrk.o)
                0x0000000000012430                _sbrk_r
 *fill*         0x00000000000124ac        0x4 
 .text._write_r
                0x00000000000124b0       0x98 c:/devkitpro/devkita64/bin/../lib/gcc/aarch64-none-elf/7.3.0/../../../../aarch64-none-elf/lib/pic\libsysbase.a(write.o)
                0x00000000000124b0                _write_r
 .text._concatenate_path
                0x0000000000012548      0x24c c:/devkitpro/devkita64/bin/../lib/gcc/aarch64-none-elf/7.3.0/../../../../aarch64-none-elf/lib/pic\libsysbase.a(chdir.o)
                0x0000000000012548                _concatenate_path
 *fill*         0x0000000000012794        0x4 
 .text.chdir    0x0000000000012798      0x198 c:/devkitpro/devkita64/bin/../lib/gcc/aarch64-none-elf/7.3.0/../../../../aarch64-none-elf/lib/pic\libsysbase.a(chdir.o)
                0x0000000000012798                chdir
 .text.__libc_lock_acquire
                0x0000000000012930       0x1c c:/devkitpro/devkita64/bin/../lib/gcc/aarch64-none-elf/7.3.0/../../../../aarch64-none-elf/lib/pic\libsysbase.a(syscall_support.o)
                0x0000000000012930                __libc_lock_acquire
 *fill*         0x000000000001294c        0x4 
 .text.__libc_lock_release
                0x0000000000012950       0x1c c:/devkitpro/devkita64/bin/../lib/gcc/aarch64-none-elf/7.3.0/../../../../aarch64-none-elf/lib/pic\libsysbase.a(syscall_support.o)
                0x0000000000012950                __libc_lock_release
 *fill*         0x000000000001296c        0x4 
 .text.__libc_lock_init_recursive
                0x0000000000012970       0x1c c:/devkitpro/devkita64/bin/../lib/gcc/aarch64-none-elf/7.3.0/../../../../aarch64-none-elf/lib/pic\libsysbase.a(syscall_support.o)
                0x0000000000012970                __libc_lock_init_recursive
 *fill*         0x000000000001298c        0x4 
 .text.__libc_lock_acquire_recursive
                0x0000000000012990       0x1c c:/devkitpro/devkita64/bin/../lib/gcc/aarch64-none-elf/7.3.0/../../../../aarch64-none-elf/lib/pic\libsysbase.a(syscall_support.o)
                0x0000000000012990                __libc_lock_acquire_recursive
 *fill*         0x00000000000129ac        0x4 
 .text.__libc_lock_release_recursive
                0x00000000000129b0       0x1c c:/devkitpro/devkita64/bin/../lib/gcc/aarch64-none-elf/7.3.0/../../../../aarch64-none-elf/lib/pic\libsysbase.a(syscall_support.o)
                0x00000000000129b0                __libc_lock_release_recursive
 *fill*         0x00000000000129cc        0x4 
 .text.__libc_lock_close_recursive
                0x00000000000129d0       0x1c c:/devkitpro/devkita64/bin/../lib/gcc/aarch64-none-elf/7.3.0/../../../../aarch64-none-elf/lib/pic\libsysbase.a(syscall_support.o)
                0x00000000000129d0                __libc_lock_close_recursive
 *fill*         0x00000000000129ec        0x4 
 .text.__free_handle
                0x00000000000129f0       0x3c c:/devkitpro/devkita64/bin/../lib/gcc/aarch64-none-elf/7.3.0/../../../../aarch64-none-elf/lib/pic\libsysbase.a(handle_manager.o)
                0x00000000000129f0                __free_handle
 *fill*         0x0000000000012a2c        0x4 
 .text.__release_handle
                0x0000000000012a30       0x5c c:/devkitpro/devkita64/bin/../lib/gcc/aarch64-none-elf/7.3.0/../../../../aarch64-none-elf/lib/pic\libsysbase.a(handle_manager.o)
                0x0000000000012a30                __release_handle
 *fill*         0x0000000000012a8c        0x4 
 .text.__alloc_handle
                0x0000000000012a90       0xd8 c:/devkitpro/devkita64/bin/../lib/gcc/aarch64-none-elf/7.3.0/../../../../aarch64-none-elf/lib/pic\libsysbase.a(handle_manager.o)
                0x0000000000012a90                __alloc_handle
 .text.__get_handle
                0x0000000000012b68       0x20 c:/devkitpro/devkita64/bin/../lib/gcc/aarch64-none-elf/7.3.0/../../../../aarch64-none-elf/lib/pic\libsysbase.a(handle_manager.o)
                0x0000000000012b68                __get_handle
 .text.__getreent
                0x0000000000012b88       0x28 c:/devkitpro/devkita64/bin/../lib/gcc/aarch64-none-elf/7.3.0/../../../../aarch64-none-elf/lib/pic\libsysbase.a(getreent.o)
                0x0000000000012b88                __getreent
 .text.__trunctfdf2
                0x0000000000012bb0      0x35c c:/devkitpro/devkita64/bin/../lib/gcc/aarch64-none-elf/7.3.0/pic\libgcc.a(trunctfdf2.o)
                0x0000000000012bb0                __trunctfdf2
 *fill*         0x0000000000012f0c        0x4 
 .text.__sfp_handle_exceptions
                0x0000000000012f10       0x70 c:/devkitpro/devkita64/bin/../lib/gcc/aarch64-none-elf/7.3.0/pic\libgcc.a(sfp-exceptions.o)
                0x0000000000012f10                __sfp_handle_exceptions
 .text.malloc   0x0000000000012f80       0x24 c:/devkitpro/devkita64/bin/../lib/gcc/aarch64-none-elf/7.3.0/../../../../aarch64-none-elf/lib/pic\libg.a(lib_a-malloc.o)
                0x0000000000012f80                malloc
 *fill*         0x0000000000012fa4        0x4 
 .text.free     0x0000000000012fa8       0x24 c:/devkitpro/devkita64/bin/../lib/gcc/aarch64-none-elf/7.3.0/../../../../aarch64-none-elf/lib/pic\libg.a(lib_a-malloc.o)
                0x0000000000012fa8                free
 .text          0x0000000000012fcc      0x100 c:/devkitpro/devkita64/bin/../lib/gcc/aarch64-none-elf/7.3.0/../../../../aarch64-none-elf/lib/pic\libg.a(lib_a-strrchr.o)
                0x0000000000012fcc                strrchr
                0x00000000000130d0                . = ALIGN (0x8)
 *fill*         0x00000000000130cc        0x4 

.fini           0x00000000000130d0       0x38
 *(.fini)
 .fini          0x00000000000130d0       0x18 c:/devkitpro/devkita64/bin/../lib/gcc/aarch64-none-elf/7.3.0/pic/crti.o
                0x00000000000130d0                _fini
 .fini          0x00000000000130e8       0x1c c:/devkitpro/devkita64/bin/../lib/gcc/aarch64-none-elf/7.3.0/pic/crtn.o
                0x0000000000013108                . = ALIGN (0x8)
 *fill*         0x0000000000013104        0x4 
                0x0000000000014000                . = ALIGN (0x1000)

.rodata         0x0000000000014000      0x720
 *(.rodata .rodata.* .gnu.linkonce.r.*)
 .rodata.str1.8
                0x0000000000014000       0x34 main.o
 *fill*         0x0000000000014034        0x4 
 .rodata.nxlinkSetup.str1.8
                0x0000000000014038        0x9 C:/devkitPro/libnx/lib\libnx.a(nxlink.o)
 *fill*         0x0000000000014041        0x7 
 .rodata._fsdevUnmountDeviceStruct.part.4.str1.8
                0x0000000000014048        0x2 C:/devkitPro/libnx/lib\libnx.a(fs_dev.o)
 *fill*         0x000000000001404a        0x6 
 .rodata.error_table
                0x0000000000014050       0x18 C:/devkitPro/libnx/lib\libnx.a(fs_dev.o)
 .rodata.fsdevMountSdmc.str1.8
                0x0000000000014068        0x5 C:/devkitPro/libnx/lib\libnx.a(fs_dev.o)
 *fill*         0x000000000001406d        0x3 
 .rodata.fsInitialize.str1.8
                0x0000000000014070        0x8 C:/devkitPro/libnx/lib\libnx.a(fs.o)
 .rodata.fatalSimple.str1.8
                0x0000000000014078        0x8 C:/devkitPro/libnx/lib\libnx.a(fatal.o)
 .rodata.smInitialize.str1.8
                0x0000000000014080        0x4 C:/devkitPro/libnx/lib\libnx.a(sm.o)
                                          0x9 (size before relaxing)
 *fill*         0x0000000000014084        0x4 
 .rodata.hidInitialize.str1.8
                0x0000000000014088        0x4 C:/devkitPro/libnx/lib\libnx.a(hid.o)
 *fill*         0x000000000001408c        0x4 
 .rodata.timeInitialize.str1.8
                0x0000000000014090        0xf C:/devkitPro/libnx/lib\libnx.a(time.o)
 *fill*         0x000000000001409f        0x1 
 .rodata.appletInitialize.str1.8
                0x00000000000140a0       0x19 C:/devkitPro/libnx/lib\libnx.a(applet.o)
 *fill*         0x00000000000140b9        0x7 
 .rodata.apmInitialize.str1.8
                0x00000000000140c0        0xc C:/devkitPro/libnx/lib\libnx.a(apm.o)
 *fill*         0x00000000000140cc        0x4 
 .rodata.str1.8
                0x00000000000140d0       0x5c c:/devkitpro/devkita64/bin/../lib/gcc/aarch64-none-elf/7.3.0/../../../../aarch64-none-elf/lib/pic\libg.a(lib_a-locale.o)
                                         0x64 (size before relaxing)
 .rodata.get_arg
                0x000000000001412c       0x92 c:/devkitpro/devkita64/bin/../lib/gcc/aarch64-none-elf/7.3.0/../../../../aarch64-none-elf/lib/pic\libg.a(lib_a-vfprintf.o)
 *fill*         0x00000000000141be        0x2 
 .rodata._vfprintf_r
                0x00000000000141c0       0xb6 c:/devkitpro/devkita64/bin/../lib/gcc/aarch64-none-elf/7.3.0/../../../../aarch64-none-elf/lib/pic\libg.a(lib_a-vfprintf.o)
 *fill*         0x0000000000014276        0x2 
 .rodata._vfprintf_r.cst8
                0x0000000000014278        0x8 c:/devkitpro/devkita64/bin/../lib/gcc/aarch64-none-elf/7.3.0/../../../../aarch64-none-elf/lib/pic\libg.a(lib_a-vfprintf.o)
 .rodata._vfprintf_r.str1.1
                0x0000000000014280       0x3b c:/devkitpro/devkita64/bin/../lib/gcc/aarch64-none-elf/7.3.0/../../../../aarch64-none-elf/lib/pic\libg.a(lib_a-vfprintf.o)
 *fill*         0x00000000000142bb        0x5 
 .rodata.blanks.6247
                0x00000000000142c0       0x10 c:/devkitpro/devkita64/bin/../lib/gcc/aarch64-none-elf/7.3.0/../../../../aarch64-none-elf/lib/pic\libg.a(lib_a-vfprintf.o)
 .rodata.zeroes.6248
                0x00000000000142d0       0x10 c:/devkitpro/devkita64/bin/../lib/gcc/aarch64-none-elf/7.3.0/../../../../aarch64-none-elf/lib/pic\libg.a(lib_a-vfprintf.o)
 .rodata._ctype_
                0x00000000000142e0      0x101 c:/devkitpro/devkita64/bin/../lib/gcc/aarch64-none-elf/7.3.0/../../../../aarch64-none-elf/lib/pic\libg.a(lib_a-ctype_.o)
                0x00000000000142e0                _ctype_
 *fill*         0x00000000000143e1        0x7 
 .rodata._dtoa_r.cst8
                0x00000000000143e8       0x18 c:/devkitpro/devkita64/bin/../lib/gcc/aarch64-none-elf/7.3.0/../../../../aarch64-none-elf/lib/pic\libg.a(lib_a-dtoa.o)
 .rodata._dtoa_r.str1.8
                0x0000000000014400       0x1a c:/devkitpro/devkita64/bin/../lib/gcc/aarch64-none-elf/7.3.0/../../../../aarch64-none-elf/lib/pic\libg.a(lib_a-dtoa.o)
 *fill*         0x000000000001441a        0x6 
 .rodata.__mprec_bigtens
                0x0000000000014420       0x28 c:/devkitpro/devkita64/bin/../lib/gcc/aarch64-none-elf/7.3.0/../../../../aarch64-none-elf/lib/pic\libg.a(lib_a-mprec.o)
                0x0000000000014420                __mprec_bigtens
 .rodata.__mprec_tens
                0x0000000000014448       0xc8 c:/devkitpro/devkita64/bin/../lib/gcc/aarch64-none-elf/7.3.0/../../../../aarch64-none-elf/lib/pic\libg.a(lib_a-mprec.o)
                0x0000000000014448                __mprec_tens
 .rodata.p05.5022
                0x0000000000014510        0xc c:/devkitpro/devkita64/bin/../lib/gcc/aarch64-none-elf/7.3.0/../../../../aarch64-none-elf/lib/pic\libg.a(lib_a-mprec.o)
 *fill*         0x000000000001451c        0x4 
 .rodata.frexp.cst8
                0x0000000000014520        0x8 c:/devkitpro/devkita64/bin/../lib/gcc/aarch64-none-elf/7.3.0/../../../../aarch64-none-elf/lib/pic\libg.a(lib_a-s_frexp.o)
 .rodata.__action_table
                0x0000000000014528       0x6c c:/devkitpro/devkita64/bin/../lib/gcc/aarch64-none-elf/7.3.0/../../../../aarch64-none-elf/lib/pic\libg.a(lib_a-svfiprintf.o)
                0x0000000000014528                __action_table
 *fill*         0x0000000000014594        0x4 
 .rodata.__chclass
                0x0000000000014598      0x100 c:/devkitpro/devkita64/bin/../lib/gcc/aarch64-none-elf/7.3.0/../../../../aarch64-none-elf/lib/pic\libg.a(lib_a-svfiprintf.o)
                0x0000000000014598                __chclass
 .rodata.__state_table
                0x0000000000014698       0x6c c:/devkitpro/devkita64/bin/../lib/gcc/aarch64-none-elf/7.3.0/../../../../aarch64-none-elf/lib/pic\libg.a(lib_a-svfiprintf.o)
                0x0000000000014698                __state_table
 *fill*         0x0000000000014704        0x4 
 .rodata.AddDevice.str1.8
                0x0000000000014708        0x8 c:/devkitpro/devkita64/bin/../lib/gcc/aarch64-none-elf/7.3.0/../../../../aarch64-none-elf/lib/pic\libsysbase.a(iosupport.o)
 .rodata.DIRECTORY_PARENT
                0x0000000000014710        0x3 c:/devkitpro/devkita64/bin/../lib/gcc/aarch64-none-elf/7.3.0/../../../../aarch64-none-elf/lib/pic\libsysbase.a(chdir.o)
                0x0000000000014710                DIRECTORY_PARENT
 *fill*         0x0000000000014713        0x1 
 .rodata.__sfp_handle_exceptions.cst4
                0x0000000000014714        0xc c:/devkitpro/devkita64/bin/../lib/gcc/aarch64-none-elf/7.3.0/pic\libgcc.a(sfp-exceptions.o)
                0x0000000000014720                . = ALIGN (0x8)

.eh_frame_hdr
 *(.eh_frame_hdr)
 *(.eh_frame_entry .eh_frame_entry.*)

.eh_frame       0x0000000000014720      0x158
 *(.eh_frame)
 .eh_frame      0x0000000000014720        0x0 c:/devkitpro/devkita64/bin/../lib/gcc/aarch64-none-elf/7.3.0/pic/crtbegin.o
 .eh_frame      0x0000000000014720       0x28 C:/devkitPro/libnx/lib\libnx.a(readtp.o)
 .eh_frame      0x0000000000014748      0x12c C:/devkitPro/libnx/lib\libnx.a(svc.o)
                                        0x720 (size before relaxing)
 .eh_frame      0x0000000000014874        0x4 c:/devkitpro/devkita64/bin/../lib/gcc/aarch64-none-elf/7.3.0/pic/crtend.o
 *(.eh_frame.*)

.gcc_except_table
 *(.gcc_except_table .gcc_except_table.*)

.gnu_extab
 *(.gnu_extab*)

.dynamic        0x0000000000014878      0x160
 *(.dynamic)
 .dynamic       0x0000000000014878      0x160 c:/devkitpro/devkita64/bin/../lib/gcc/aarch64-none-elf/7.3.0/pic/crti.o
                0x0000000000014878                _DYNAMIC

.interp         0x00000000000149d8        0xd
 *(.interp)
 .interp        0x00000000000149d8        0xd c:/devkitpro/devkita64/bin/../lib/gcc/aarch64-none-elf/7.3.0/pic/crti.o

.note.gnu.build-id
 *(.note.gnu.build-id)

.hash           0x00000000000149e8       0x18
 *(.hash)
 .hash          0x00000000000149e8       0x18 c:/devkitpro/devkita64/bin/../lib/gcc/aarch64-none-elf/7.3.0/pic/crti.o

.gnu.hash
 *(.gnu.hash)

.gnu.version    0x0000000000014a00        0x0
 *(.gnu.version)
 .gnu.version   0x0000000000014a00        0x0 c:/devkitpro/devkita64/bin/../lib/gcc/aarch64-none-elf/7.3.0/pic/crti.o

.gnu.version_d  0x0000000000014a00        0x0
 *(.gnu.version_d)
 .gnu.version_d
                0x0000000000014a00        0x0 c:/devkitpro/devkita64/bin/../lib/gcc/aarch64-none-elf/7.3.0/pic/crti.o

.gnu.version_r  0x0000000000014a00        0x0
 *(.gnu.version_r)
 .gnu.version_r
                0x0000000000014a00        0x0 c:/devkitpro/devkita64/bin/../lib/gcc/aarch64-none-elf/7.3.0/pic/crti.o

.dynsym         0x0000000000014a00       0x48
 *(.dynsym)
 .dynsym        0x0000000000014a00       0x48 c:/devkitpro/devkita64/bin/../lib/gcc/aarch64-none-elf/7.3.0/pic/crti.o

.dynstr         0x0000000000014a48        0x1
 *(.dynstr)
 .dynstr        0x0000000000014a48        0x1 c:/devkitpro/devkita64/bin/../lib/gcc/aarch64-none-elf/7.3.0/pic/crti.o

.rela.dyn       0x0000000000014a50     0x22f8
 *(.rela.*)
 .rela.got      0x0000000000014a50      0x510 c:/devkitpro/devkita64/bin/../lib/gcc/aarch64-none-elf/7.3.0/pic/crti.o
 .rela.plt      0x0000000000014f60        0x0 c:/devkitpro/devkita64/bin/../lib/gcc/aarch64-none-elf/7.3.0/pic/crti.o
 .rela.bss      0x0000000000014f60        0x0 c:/devkitpro/devkita64/bin/../lib/gcc/aarch64-none-elf/7.3.0/pic/crti.o
 .rela.data.rel.ro
                0x0000000000014f60        0x0 c:/devkitpro/devkita64/bin/../lib/gcc/aarch64-none-elf/7.3.0/pic/crti.o
 .rela.init_array
                0x0000000000014f60       0x18 c:/devkitpro/devkita64/bin/../lib/gcc/aarch64-none-elf/7.3.0/pic/crti.o
 .rela.fini_array
                0x0000000000014f78       0x18 c:/devkitpro/devkita64/bin/../lib/gcc/aarch64-none-elf/7.3.0/pic/crti.o
 .rela.ifunc    0x0000000000014f90        0x0 c:/devkitpro/devkita64/bin/../lib/gcc/aarch64-none-elf/7.3.0/pic/crti.o
 .rela.data.rel.ro.local.fsdev_devoptab
                0x0000000000014f90      0x210 c:/devkitpro/devkita64/bin/../lib/gcc/aarch64-none-elf/7.3.0/pic/crti.o
 .rela.data.rel.local._impure_ptr
                0x00000000000151a0       0x18 c:/devkitpro/devkita64/bin/../lib/gcc/aarch64-none-elf/7.3.0/pic/crti.o
 .rela.data.rel.local.impure_data
                0x00000000000151b8       0x48 c:/devkitpro/devkita64/bin/../lib/gcc/aarch64-none-elf/7.3.0/pic/crti.o
 .rela.data.rel.ro.local._global_impure_ptr
                0x0000000000015200       0x18 c:/devkitpro/devkita64/bin/../lib/gcc/aarch64-none-elf/7.3.0/pic/crti.o
 .rela.data.rel.__global_locale
                0x0000000000015218      0x138 c:/devkitpro/devkita64/bin/../lib/gcc/aarch64-none-elf/7.3.0/pic/crti.o
 .rela.data.rel.__malloc_av_
                0x0000000000015350     0x1800 c:/devkitpro/devkita64/bin/../lib/gcc/aarch64-none-elf/7.3.0/pic/crti.o
 .rela.data.rel.devoptab_list
                0x0000000000016b50      0x180 c:/devkitpro/devkita64/bin/../lib/gcc/aarch64-none-elf/7.3.0/pic/crti.o
 .rela.data.rel.ro.local.dotab_stdnull
                0x0000000000016cd0       0x30 c:/devkitpro/devkita64/bin/../lib/gcc/aarch64-none-elf/7.3.0/pic/crti.o
 .rela.data.rel.local.handles
                0x0000000000016d00       0x48 c:/devkitpro/devkita64/bin/../lib/gcc/aarch64-none-elf/7.3.0/pic/crti.o
                0x0000000000017000                . = ALIGN (0x1000)

.eh_frame
 *(.eh_frame)
 *(.eh_frame.*)

.gcc_except_table
 *(.gcc_except_table .gcc_except_table.*)

.gnu_extab
 *(.gnu_extab*)

.exception_ranges
 *(.exception_ranges .exception_ranges*)

.tdata          0x0000000000017000        0x0
                0x0000000000017000                __tdata_lma = .
 *(.tdata .tdata.* .gnu.linkonce.td.*)
                0x0000000000017000                . = ALIGN (0x8)
                0x0000000000017000                __tdata_lma_end = .

.tbss           0x0000000000017000     0x4408
 *(.tbss .tbss.* .gnu.linkonce.tb.*)
 .tbss.__fixedpath
                0x0000000000017000      0x401 C:/devkitPro/libnx/lib\libnx.a(fs_dev.o)
 *fill*         0x0000000000017401        0x7 
 .tbss.tmp_buffer.6421
                0x0000000000017408     0x2000 C:/devkitPro/libnx/lib\libnx.a(fs_dev.o)
 .tbss.tmp_buffer.6445
                0x0000000000019408     0x2000 C:/devkitPro/libnx/lib\libnx.a(fs_dev.o)
 *(.tcommon)
                0x000000000001b408                . = ALIGN (0x8)

.preinit_array  0x0000000000017000        0x0
                0x0000000000017000                PROVIDE (__preinit_array_start = .)
 *(.preinit_array)
                0x0000000000017000                PROVIDE (__preinit_array_end = .)

.init_array     0x0000000000017000        0x8
                0x0000000000017000                PROVIDE (__init_array_start = .)
 *(SORT_BY_NAME(.init_array.*))
 *(.init_array)
 .init_array    0x0000000000017000        0x8 c:/devkitpro/devkita64/bin/../lib/gcc/aarch64-none-elf/7.3.0/pic/crtbegin.o
                0x0000000000017008                PROVIDE (__init_array_end = .)

.fini_array     0x0000000000017008        0x8
                0x0000000000017008                PROVIDE (__fini_array_start = .)
 *(.fini_array)
 .fini_array    0x0000000000017008        0x8 c:/devkitpro/devkita64/bin/../lib/gcc/aarch64-none-elf/7.3.0/pic/crtbegin.o
 *(SORT_BY_NAME(.fini_array.*))
                0x0000000000017010                PROVIDE (__fini_array_end = .)

.ctors
 *crtbegin.o(.ctors)
 *(EXCLUDE_FILE(*crtend.o) .ctors)
 *(SORT_BY_NAME(.ctors.*))
 *(.ctors)

.dtors
 *crtbegin.o(.dtors)
 *(EXCLUDE_FILE(*crtend.o) .dtors)
 *(SORT_BY_NAME(.dtors.*))
 *(.dtors)
                0x0000000000017010                __got_start__ = .

.got            0x0000000000017010      0x1d8
 *(.got)
 .got           0x0000000000017010      0x1d8 c:/devkitpro/devkita64/bin/../lib/gcc/aarch64-none-elf/7.3.0/pic/crti.o
                0x0000000000017010                _GLOBAL_OFFSET_TABLE_
 *(.igot)

.got.plt        0x00000000000171e8       0x18
 *(.got.plt)
 .got.plt       0x00000000000171e8       0x18 c:/devkitpro/devkita64/bin/../lib/gcc/aarch64-none-elf/7.3.0/pic/crti.o
 *(.igot.plt)
                0x0000000000017200                __got_end__ = .

.data           0x0000000000017200     0x3bb8
 *(.data .data.* .gnu.linkonce.d.*)
 .data.rel.ro   0x0000000000017200        0x0 c:/devkitpro/devkita64/bin/../lib/gcc/aarch64-none-elf/7.3.0/pic/crti.o
 .data.__cwd    0x0000000000017200      0x401 C:/devkitPro/libnx/lib\libnx.a(fs_dev.o)
 *fill*         0x0000000000017601        0x3 
 .data.fsdev_fsdevice_cwd
                0x0000000000017604        0x4 C:/devkitPro/libnx/lib\libnx.a(fs_dev.o)
 .data.fsdev_fsdevice_default
                0x0000000000017608        0x4 C:/devkitPro/libnx/lib\libnx.a(fs_dev.o)
 *fill*         0x000000000001760c        0x4 
 .data.rel.ro.local.fsdev_devoptab
                0x0000000000017610       0xd0 C:/devkitPro/libnx/lib\libnx.a(fs_dev.o)
 .data.__nx_applet_auto_notifyrunning
                0x00000000000176e0        0x1 C:/devkitPro/libnx/lib\libnx.a(applet.o)
                0x00000000000176e0                __nx_applet_auto_notifyrunning
 *fill*         0x00000000000176e1        0x3 
 .data.__nx_applet_type
                0x00000000000176e4        0x4 C:/devkitPro/libnx/lib\libnx.a(applet.o)
                0x00000000000176e4                __nx_applet_type
 .data.__nx_time_type
                0x00000000000176e8        0x4 C:/devkitPro/libnx/lib\libnx.a(newlib.o)
                0x00000000000176e8                __nx_time_type
 *fill*         0x00000000000176ec        0x4 
 .data.rel.local._impure_ptr
                0x00000000000176f0        0x8 c:/devkitpro/devkita64/bin/../lib/gcc/aarch64-none-elf/7.3.0/../../../../aarch64-none-elf/lib/pic\libg.a(lib_a-impure.o)
                0x00000000000176f0                _impure_ptr
 .data.rel.local.impure_data
                0x00000000000176f8      0x768 c:/devkitpro/devkita64/bin/../lib/gcc/aarch64-none-elf/7.3.0/../../../../aarch64-none-elf/lib/pic\libg.a(lib_a-impure.o)
 .data.rel.ro.local._global_impure_ptr
                0x0000000000017e60        0x8 c:/devkitpro/devkita64/bin/../lib/gcc/aarch64-none-elf/7.3.0/../../../../aarch64-none-elf/lib/pic\libg.a(lib_a-impure.o)
                0x0000000000017e60                _global_impure_ptr
 .data.rel.__global_locale
                0x0000000000017e68      0x1a8 c:/devkitpro/devkita64/bin/../lib/gcc/aarch64-none-elf/7.3.0/../../../../aarch64-none-elf/lib/pic\libg.a(lib_a-locale.o)
                0x0000000000017e68                __global_locale
 .data.__malloc_sbrk_base
                0x0000000000018010        0x8 c:/devkitpro/devkita64/bin/../lib/gcc/aarch64-none-elf/7.3.0/../../../../aarch64-none-elf/lib/pic\libg.a(lib_a-mallocr.o)
                0x0000000000018010                __malloc_sbrk_base
 .data.__malloc_trim_threshold
                0x0000000000018018        0x8 c:/devkitpro/devkita64/bin/../lib/gcc/aarch64-none-elf/7.3.0/../../../../aarch64-none-elf/lib/pic\libg.a(lib_a-mallocr.o)
                0x0000000000018018                __malloc_trim_threshold
 .data.rel.__malloc_av_
                0x0000000000018020      0x810 c:/devkitpro/devkita64/bin/../lib/gcc/aarch64-none-elf/7.3.0/../../../../aarch64-none-elf/lib/pic\libg.a(lib_a-mallocr.o)
                0x0000000000018020                __malloc_av_
 .data.defaultDevice
                0x0000000000018830        0x4 c:/devkitpro/devkita64/bin/../lib/gcc/aarch64-none-elf/7.3.0/../../../../aarch64-none-elf/lib/pic\libsysbase.a(iosupport.o)
 *fill*         0x0000000000018834        0x4 
 .data.rel.devoptab_list
                0x0000000000018838       0x80 c:/devkitpro/devkita64/bin/../lib/gcc/aarch64-none-elf/7.3.0/../../../../aarch64-none-elf/lib/pic\libsysbase.a(iosupport.o)
                0x0000000000018838                devoptab_list
 .data.rel.ro.local.dotab_stdnull
                0x00000000000188b8       0xd0 c:/devkitpro/devkita64/bin/../lib/gcc/aarch64-none-elf/7.3.0/../../../../aarch64-none-elf/lib/pic\libsysbase.a(iosupport.o)
                0x00000000000188b8                dotab_stdnull
 .data._current_working_directory
                0x0000000000018988      0x400 c:/devkitpro/devkita64/bin/../lib/gcc/aarch64-none-elf/7.3.0/../../../../aarch64-none-elf/lib/pic\libsysbase.a(chdir.o)
 .data.__stderr_handle
                0x0000000000018d88       0x10 c:/devkitpro/devkita64/bin/../lib/gcc/aarch64-none-elf/7.3.0/../../../../aarch64-none-elf/lib/pic\libsysbase.a(handle_manager.o)
 .data.__stdin_handle
                0x0000000000018d98       0x10 c:/devkitpro/devkita64/bin/../lib/gcc/aarch64-none-elf/7.3.0/../../../../aarch64-none-elf/lib/pic\libsysbase.a(handle_manager.o)
 .data.__stdout_handle
                0x0000000000018da8       0x10 c:/devkitpro/devkita64/bin/../lib/gcc/aarch64-none-elf/7.3.0/../../../../aarch64-none-elf/lib/pic\libsysbase.a(handle_manager.o)
 .data.rel.local.handles
                0x0000000000018db8     0x2000 c:/devkitpro/devkita64/bin/../lib/gcc/aarch64-none-elf/7.3.0/../../../../aarch64-none-elf/lib/pic\libsysbase.a(handle_manager.o)
                0x000000000001adb8                __bss_start__ = .

.tm_clone_table
                0x000000000001adb8        0x0
 .tm_clone_table
                0x000000000001adb8        0x0 c:/devkitpro/devkita64/bin/../lib/gcc/aarch64-none-elf/7.3.0/pic/crtbegin.o
 .tm_clone_table
                0x000000000001adb8        0x0 c:/devkitpro/devkita64/bin/../lib/gcc/aarch64-none-elf/7.3.0/pic/crtend.o

.bss            0x000000000001adb8     0x7848
 *(.dynbss)
 .dynbss        0x000000000001adb8        0x0 c:/devkitpro/devkita64/bin/../lib/gcc/aarch64-none-elf/7.3.0/pic/crti.o
 *(.bss .bss.* .gnu.linkonce.b.*)
 .bss.completed.5082
                0x000000000001adb8        0x1 c:/devkitpro/devkita64/bin/../lib/gcc/aarch64-none-elf/7.3.0/pic/crtbegin.o
 *fill*         0x000000000001adb9        0x7 
 .bss.object.5087
                0x000000000001adc0       0x30 c:/devkitpro/devkita64/bin/../lib/gcc/aarch64-none-elf/7.3.0/pic/crtbegin.o
 .bss.g_argv_empty
                0x000000000001adf0        0x8 C:/devkitPro/libnx/lib\libnx.a(argv.o)
 .bss.g_isNso   0x000000000001adf8        0x1 C:/devkitPro/libnx/lib\libnx.a(env.o)
 *fill*         0x000000000001adf9        0x3 
 .bss.g_lastLoadResult
                0x000000000001adfc        0x4 C:/devkitPro/libnx/lib\libnx.a(env.o)
 .bss.g_loaderRetAddr
                0x000000000001ae00        0x8 C:/devkitPro/libnx/lib\libnx.a(env.o)
 .bss.g_mainThreadHandle
                0x000000000001ae08        0x4 C:/devkitPro/libnx/lib\libnx.a(env.o)
 *fill*         0x000000000001ae0c        0x4 
 .bss.g_nextLoadArgv
                0x000000000001ae10        0x8 C:/devkitPro/libnx/lib\libnx.a(env.o)
 .bss.g_nextLoadPath
                0x000000000001ae18        0x8 C:/devkitPro/libnx/lib\libnx.a(env.o)
 .bss.g_overrideArgv
                0x000000000001ae20        0x8 C:/devkitPro/libnx/lib\libnx.a(env.o)
 .bss.g_overrideHeapAddr
                0x000000000001ae28        0x8 C:/devkitPro/libnx/lib\libnx.a(env.o)
 .bss.g_overrideHeapSize
                0x000000000001ae30        0x8 C:/devkitPro/libnx/lib\libnx.a(env.o)
 .bss.g_processHandle
                0x000000000001ae38        0x4 C:/devkitPro/libnx/lib\libnx.a(env.o)
 *fill*         0x000000000001ae3c        0x4 
 .bss.g_syscallHints
                0x000000000001ae40       0x10 C:/devkitPro/libnx/lib\libnx.a(env.o)
 .bss.__nx_heap_size
                0x000000000001ae50        0x8 C:/devkitPro/libnx/lib\libnx.a(init.o)
                0x000000000001ae50                __nx_heap_size
 .bss.g_AddressSpace
                0x000000000001ae58       0x10 C:/devkitPro/libnx/lib\libnx.a(virtmem.o)
 .bss.g_CurrentAddr
                0x000000000001ae68        0x8 C:/devkitPro/libnx/lib\libnx.a(virtmem.o)
 .bss.g_Region  0x000000000001ae70       0x30 C:/devkitPro/libnx/lib\libnx.a(virtmem.o)
 .bss.g_VirtMemMutex
                0x000000000001aea0        0x4 C:/devkitPro/libnx/lib\libnx.a(virtmem.o)
 .bss.g_HasCached
                0x000000000001aea4        0x1 C:/devkitPro/libnx/lib\libnx.a(detect.o)
 .bss.g_IsAbove200
                0x000000000001aea5        0x1 C:/devkitPro/libnx/lib\libnx.a(detect.o)
 .bss.g_IsAbove300
                0x000000000001aea6        0x1 C:/devkitPro/libnx/lib\libnx.a(detect.o)
 .bss.g_IsAbove400
                0x000000000001aea7        0x1 C:/devkitPro/libnx/lib\libnx.a(detect.o)
 .bss.g_IsAbove500
                0x000000000001aea8        0x1 C:/devkitPro/libnx/lib\libnx.a(detect.o)
 *fill*         0x000000000001aea9        0x3 
 .bss.g_Mutex   0x000000000001aeac        0x4 C:/devkitPro/libnx/lib\libnx.a(detect.o)
 .bss.fsdev_fsdevices
                0x000000000001aeb0     0x2100 C:/devkitPro/libnx/lib\libnx.a(fs_dev.o)
 .bss.fsdev_initialised
                0x000000000001cfb0        0x1 C:/devkitPro/libnx/lib\libnx.a(fs_dev.o)
 *fill*         0x000000000001cfb1        0x7 
 .bss.g_fsSrv   0x000000000001cfb8        0xc C:/devkitPro/libnx/lib\libnx.a(fs.o)
 *fill*         0x000000000001cfc4        0x4 
 .bss.g_refCnt  0x000000000001cfc8        0x8 C:/devkitPro/libnx/lib\libnx.a(fs.o)
 .bss.g_refCnt  0x000000000001cfd0        0x8 C:/devkitPro/libnx/lib\libnx.a(sm.o)
 .bss.g_smHandle
                0x000000000001cfd8        0x4 C:/devkitPro/libnx/lib\libnx.a(sm.o)
 *fill*         0x000000000001cfdc        0x4 
 .bss.g_smOverrides
                0x000000000001cfe0      0x200 C:/devkitPro/libnx/lib\libnx.a(sm.o)
 .bss.g_smOverridesNum
                0x000000000001d1e0        0x8 C:/devkitPro/libnx/lib\libnx.a(sm.o)
 .bss.g_controllerDown
                0x000000000001d1e8       0x50 C:/devkitPro/libnx/lib\libnx.a(hid.o)
 .bss.g_controllerEntries
                0x000000000001d238      0x1e0 C:/devkitPro/libnx/lib\libnx.a(hid.o)
 .bss.g_controllerHeaders
                0x000000000001d418      0x190 C:/devkitPro/libnx/lib\libnx.a(hid.o)
 .bss.g_controllerHeld
                0x000000000001d5a8       0x50 C:/devkitPro/libnx/lib\libnx.a(hid.o)
 .bss.g_controllerLayout
                0x000000000001d5f8       0x28 C:/devkitPro/libnx/lib\libnx.a(hid.o)
 .bss.g_controllerOld
                0x000000000001d620       0x50 C:/devkitPro/libnx/lib\libnx.a(hid.o)
 .bss.g_controllerP1AutoID
                0x000000000001d670        0x4 C:/devkitPro/libnx/lib\libnx.a(hid.o)
 *fill*         0x000000000001d674        0x4 
 .bss.g_controllerTimestamps
                0x000000000001d678       0x50 C:/devkitPro/libnx/lib\libnx.a(hid.o)
 .bss.g_controllerUp
                0x000000000001d6c8       0x50 C:/devkitPro/libnx/lib\libnx.a(hid.o)
 .bss.g_hidIAppletResource
                0x000000000001d718        0xc C:/devkitPro/libnx/lib\libnx.a(hid.o)
 *fill*         0x000000000001d724        0x4 
 .bss.g_hidLock
                0x000000000001d728       0x20 C:/devkitPro/libnx/lib\libnx.a(hid.o)
 .bss.g_hidSharedmem
                0x000000000001d748       0x20 C:/devkitPro/libnx/lib\libnx.a(hid.o)
 .bss.g_hidSrv  0x000000000001d768        0xc C:/devkitPro/libnx/lib\libnx.a(hid.o)
 *fill*         0x000000000001d774        0x4 
 .bss.g_keyboardDown
                0x000000000001d778       0x20 C:/devkitPro/libnx/lib\libnx.a(hid.o)
 .bss.g_keyboardEntry
                0x000000000001d798       0x38 C:/devkitPro/libnx/lib\libnx.a(hid.o)
 .bss.g_keyboardHeld
                0x000000000001d7d0       0x20 C:/devkitPro/libnx/lib\libnx.a(hid.o)
 .bss.g_keyboardModDown
                0x000000000001d7f0        0x8 C:/devkitPro/libnx/lib\libnx.a(hid.o)
 .bss.g_keyboardModHeld
                0x000000000001d7f8        0x8 C:/devkitPro/libnx/lib\libnx.a(hid.o)
 .bss.g_keyboardModOld
                0x000000000001d800        0x8 C:/devkitPro/libnx/lib\libnx.a(hid.o)
 .bss.g_keyboardModUp
                0x000000000001d808        0x8 C:/devkitPro/libnx/lib\libnx.a(hid.o)
 .bss.g_keyboardOld
                0x000000000001d810       0x20 C:/devkitPro/libnx/lib\libnx.a(hid.o)
 .bss.g_keyboardTimestamp
                0x000000000001d830        0x8 C:/devkitPro/libnx/lib\libnx.a(hid.o)
 .bss.g_keyboardUp
                0x000000000001d838       0x20 C:/devkitPro/libnx/lib\libnx.a(hid.o)
 .bss.g_mouseDown
                0x000000000001d858        0x8 C:/devkitPro/libnx/lib\libnx.a(hid.o)
 .bss.g_mouseEntry
                0x000000000001d860       0x30 C:/devkitPro/libnx/lib\libnx.a(hid.o)
 .bss.g_mouseHeld
                0x000000000001d890        0x8 C:/devkitPro/libnx/lib\libnx.a(hid.o)
 .bss.g_mouseOld
                0x000000000001d898        0x8 C:/devkitPro/libnx/lib\libnx.a(hid.o)
 .bss.g_mouseTimestamp
                0x000000000001d8a0        0x8 C:/devkitPro/libnx/lib\libnx.a(hid.o)
 .bss.g_mouseUp
                0x000000000001d8a8        0x8 C:/devkitPro/libnx/lib\libnx.a(hid.o)
 .bss.g_refCnt  0x000000000001d8b0        0x8 C:/devkitPro/libnx/lib\libnx.a(hid.o)
 .bss.g_touchEntry
                0x000000000001d8b8      0x298 C:/devkitPro/libnx/lib\libnx.a(hid.o)
 .bss.g_touchTimestamp
                0x000000000001db50        0x8 C:/devkitPro/libnx/lib\libnx.a(hid.o)
 .bss.g_refCnt  0x000000000001db58        0x8 C:/devkitPro/libnx/lib\libnx.a(time.o)
 .bss.g_timeLocalSystemClock
                0x000000000001db60        0xc C:/devkitPro/libnx/lib\libnx.a(time.o)
 *fill*         0x000000000001db6c        0x4 
 .bss.g_timeNetworkSystemClock
                0x000000000001db70        0xc C:/devkitPro/libnx/lib\libnx.a(time.o)
 *fill*         0x000000000001db7c        0x4 
 .bss.g_timeSrv
                0x000000000001db80        0xc C:/devkitPro/libnx/lib\libnx.a(time.o)
 *fill*         0x000000000001db8c        0x4 
 .bss.g_timeTimeZoneService
                0x000000000001db90        0xc C:/devkitPro/libnx/lib\libnx.a(time.o)
 *fill*         0x000000000001db9c        0x4 
 .bss.g_timeUserSystemClock
                0x000000000001dba0        0xc C:/devkitPro/libnx/lib\libnx.a(time.o)
 *fill*         0x000000000001dbac        0x4 
 .bss.__nx_applet_PerformanceConfiguration
                0x000000000001dbb0        0x8 C:/devkitPro/libnx/lib\libnx.a(applet.o)
                0x000000000001dbb0                __nx_applet_PerformanceConfiguration
 .bss.g_appletFocusState
                0x000000000001dbb8        0x1 C:/devkitPro/libnx/lib\libnx.a(applet.o)
 *fill*         0x000000000001dbb9        0x7 
 .bss.g_appletIAudioController
                0x000000000001dbc0        0xc C:/devkitPro/libnx/lib\libnx.a(applet.o)
 *fill*         0x000000000001dbcc        0x4 
 .bss.g_appletICommonStateGetter
                0x000000000001dbd0        0xc C:/devkitPro/libnx/lib\libnx.a(applet.o)
 *fill*         0x000000000001dbdc        0x4 
 .bss.g_appletIDebugFunctions
                0x000000000001dbe0        0xc C:/devkitPro/libnx/lib\libnx.a(applet.o)
 *fill*         0x000000000001dbec        0x4 
 .bss.g_appletIDisplayController
                0x000000000001dbf0        0xc C:/devkitPro/libnx/lib\libnx.a(applet.o)
 *fill*         0x000000000001dbfc        0x4 
 .bss.g_appletIFunctions
                0x000000000001dc00        0xc C:/devkitPro/libnx/lib\libnx.a(applet.o)
 *fill*         0x000000000001dc0c        0x4 
 .bss.g_appletILibraryAppletCreator
                0x000000000001dc10        0xc C:/devkitPro/libnx/lib\libnx.a(applet.o)
 *fill*         0x000000000001dc1c        0x4 
 .bss.g_appletILibraryAppletSelfAccessor
                0x000000000001dc20        0xc C:/devkitPro/libnx/lib\libnx.a(applet.o)
 *fill*         0x000000000001dc2c        0x4 
 .bss.g_appletIProcessWindingController
                0x000000000001dc30        0xc C:/devkitPro/libnx/lib\libnx.a(applet.o)
 *fill*         0x000000000001dc3c        0x4 
 .bss.g_appletISelfController
                0x000000000001dc40        0xc C:/devkitPro/libnx/lib\libnx.a(applet.o)
 *fill*         0x000000000001dc4c        0x4 
 .bss.g_appletIWindowController
                0x000000000001dc50        0xc C:/devkitPro/libnx/lib\libnx.a(applet.o)
 .bss.g_appletMessageEventHandle
                0x000000000001dc5c        0x4 C:/devkitPro/libnx/lib\libnx.a(applet.o)
 .bss.g_appletNotifiedRunning
                0x000000000001dc60        0x1 C:/devkitPro/libnx/lib\libnx.a(applet.o)
 .bss.g_appletOperationMode
                0x000000000001dc61        0x1 C:/devkitPro/libnx/lib\libnx.a(applet.o)
 *fill*         0x000000000001dc62        0x2 
 .bss.g_appletPerformanceMode
                0x000000000001dc64        0x4 C:/devkitPro/libnx/lib\libnx.a(applet.o)
 .bss.g_appletProxySession
                0x000000000001dc68        0xc C:/devkitPro/libnx/lib\libnx.a(applet.o)
 *fill*         0x000000000001dc74        0x4 
 .bss.g_appletResourceUserId
                0x000000000001dc78        0x8 C:/devkitPro/libnx/lib\libnx.a(applet.o)
 .bss.g_appletSrv
                0x000000000001dc80        0xc C:/devkitPro/libnx/lib\libnx.a(applet.o)
 *fill*         0x000000000001dc8c        0x4 
 .bss.g_refCnt  0x000000000001dc90        0x8 C:/devkitPro/libnx/lib\libnx.a(applet.o)
 .bss.g_apmISession
                0x000000000001dc98        0xc C:/devkitPro/libnx/lib\libnx.a(apm.o)
 *fill*         0x000000000001dca4        0x4 
 .bss.g_apmSrv  0x000000000001dca8        0xc C:/devkitPro/libnx/lib\libnx.a(apm.o)
 *fill*         0x000000000001dcb4        0x4 
 .bss.g_refCnt  0x000000000001dcb8        0x8 C:/devkitPro/libnx/lib\libnx.a(apm.o)
 .bss.__sfp_recursive_mutex
                0x000000000001dcc0        0xc c:/devkitpro/devkita64/bin/../lib/gcc/aarch64-none-elf/7.3.0/../../../../aarch64-none-elf/lib/pic\libg.a(lib_a-findfp.o)
 *fill*         0x000000000001dccc        0x4 
 .bss.__sinit_recursive_mutex
                0x000000000001dcd0        0xc c:/devkitpro/devkita64/bin/../lib/gcc/aarch64-none-elf/7.3.0/../../../../aarch64-none-elf/lib/pic\libg.a(lib_a-findfp.o)
 *fill*         0x000000000001dcdc        0x4 
 .bss.__malloc_current_mallinfo
                0x000000000001dce0       0x28 c:/devkitpro/devkita64/bin/../lib/gcc/aarch64-none-elf/7.3.0/../../../../aarch64-none-elf/lib/pic\libg.a(lib_a-mallocr.o)
                0x000000000001dce0                __malloc_current_mallinfo
 .bss.__malloc_max_sbrked_mem