Archive member included to satisfy reference by file (symbol)

C:/devkitPro/libnx/lib\libnx.a(usb_comms.o)
                              main.o (usbCommsExit)
C:/devkitPro/libnx/lib\libnx.a(console.o)
                              main.o (consoleInit)
C:/devkitPro/libnx/lib\libnx.a(socket.o)
                              main.o (socketGetDefaultInitConfig)
C:/devkitPro/libnx/lib\libnx.a(pm.o)
                              main.o (pmdmntInitialize)
C:/devkitPro/libnx/lib\libnx.a(bsd.o)
                              C:/devkitPro/libnx/lib\libnx.a(socket.o) (g_bsdResult)
C:/devkitPro/libnx/lib\libnx.a(fatal.o)
                              main.o (fatalSimple)
C:/devkitPro/libnx/lib\libnx.a(sm.o)
                              C:/devkitPro/libnx/lib\libnx.a(fatal.o) (smHasInitialized)
C:/devkitPro/libnx/lib\libnx.a(usb.o)
                              C:/devkitPro/libnx/lib\libnx.a(usb_comms.o) (usbDsInitialize)
C:/devkitPro/libnx/lib\libnx.a(hid.o)
                              main.o (hidKeysDown)
C:/devkitPro/libnx/lib\libnx.a(sfdnsres.o)
                              C:/devkitPro/libnx/lib\libnx.a(socket.o) (sfdnsresGetHostByName)
C:/devkitPro/libnx/lib\libnx.a(applet.o)
                              C:/devkitPro/libnx/lib\libnx.a(hid.o) (appletGetAppletResourceUserId)
C:/devkitPro/libnx/lib\libnx.a(gfx.o)
                              C:/devkitPro/libnx/lib\libnx.a(console.o) (g_gfx_framebuf_display_height)
C:/devkitPro/libnx/lib\libnx.a(binder.o)
                              C:/devkitPro/libnx/lib\libnx.a(gfx.o) (binderCreateSession)
C:/devkitPro/libnx/lib\libnx.a(buffer_producer.o)
                              C:/devkitPro/libnx/lib\libnx.a(gfx.o) (bufferProducerInitialize)
C:/devkitPro/libnx/lib\libnx.a(cache.o)
                              C:/devkitPro/libnx/lib\libnx.a(usb.o) (armDCacheFlush)
C:/devkitPro/libnx/lib\libnx.a(switch_crt0.o)
                              (_start)
C:/devkitPro/libnx/lib\libnx.a(readtp.o)
                              C:/devkitPro/libnx/lib\libnx.a(socket.o) (__aarch64_read_tp)
C:/devkitPro/libnx/lib\libnx.a(svc.o)
                              main.o (svcExitProcess)
C:/devkitPro/libnx/lib\libnx.a(default_font.bin.o)
                              C:/devkitPro/libnx/lib\libnx.a(console.o) (default_font_bin)
C:/devkitPro/libnx/lib\libnx.a(argv.o)
                              C:/devkitPro/libnx/lib\libnx.a(switch_crt0.o) (__system_argc)
C:/devkitPro/libnx/lib\libnx.a(env.o)
                              C:/devkitPro/libnx/lib\libnx.a(argv.o) (envIsNso)
C:/devkitPro/libnx/lib\libnx.a(nxlink.o)
                              C:/devkitPro/libnx/lib\libnx.a(argv.o) (nxlinkSetup)
C:/devkitPro/libnx/lib\libnx.a(init.o)
                              C:/devkitPro/libnx/lib\libnx.a(switch_crt0.o) (__libnx_init)
C:/devkitPro/libnx/lib\libnx.a(dynamic.o)
                              C:/devkitPro/libnx/lib\libnx.a(switch_crt0.o) (__nx_dynamic)
C:/devkitPro/libnx/lib\libnx.a(virtmem.o)
                              C:/devkitPro/libnx/lib\libnx.a(init.o) (virtmemSetup)
C:/devkitPro/libnx/lib\libnx.a(mutex.o)
                              C:/devkitPro/libnx/lib\libnx.a(virtmem.o) (mutexLock)
C:/devkitPro/libnx/lib\libnx.a(tmem.o)
                              C:/devkitPro/libnx/lib\libnx.a(bsd.o) (tmemCreate)
C:/devkitPro/libnx/lib\libnx.a(rwlock.o)
                              C:/devkitPro/libnx/lib\libnx.a(usb_comms.o) (rwlockReadLock)
C:/devkitPro/libnx/lib\libnx.a(shmem.o)
                              C:/devkitPro/libnx/lib\libnx.a(hid.o) (shmemLoadRemote)
C:/devkitPro/libnx/lib\libnx.a(detect.o)
                              C:/devkitPro/libnx/lib\libnx.a(usb.o) (kernelAbove200)
C:/devkitPro/libnx/lib\libnx.a(fs_dev.o)
                              C:/devkitPro/libnx/lib\libnx.a(init.o) (fsdevMountSdmc)
C:/devkitPro/libnx/lib\libnx.a(fs.o)
                              C:/devkitPro/libnx/lib\libnx.a(init.o) (fsInitialize)
C:/devkitPro/libnx/lib\libnx.a(nv.o)
                              C:/devkitPro/libnx/lib\libnx.a(gfx.o) (nvExit)
C:/devkitPro/libnx/lib\libnx.a(apm.o)
                              C:/devkitPro/libnx/lib\libnx.a(applet.o) (apmExit)
C:/devkitPro/libnx/lib\libnx.a(vi.o)
                              C:/devkitPro/libnx/lib\libnx.a(gfx.o) (viExit)
C:/devkitPro/libnx/lib\libnx.a(time.o)
                              C:/devkitPro/libnx/lib\libnx.a(init.o) (timeExit)
C:/devkitPro/libnx/lib\libnx.a(nvgfx.o)
                              C:/devkitPro/libnx/lib\libnx.a(gfx.o) (nvgfxInitialize)
C:/devkitPro/libnx/lib\libnx.a(parcel.o)
                              C:/devkitPro/libnx/lib\libnx.a(buffer_producer.o) (parcelInitialize)
C:/devkitPro/libnx/lib\libnx.a(nvmap.o)
                              C:/devkitPro/libnx/lib\libnx.a(nvgfx.o) (nvioctlNvmap_Create)
C:/devkitPro/libnx/lib\libnx.a(nvhost-as-gpu.o)
                              C:/devkitPro/libnx/lib\libnx.a(nvgfx.o) (nvioctlNvhostAsGpu_BindChannel)
C:/devkitPro/libnx/lib\libnx.a(nvhost-ctrl-gpu.o)
[...]
Memory Configuration

Name             Origin             Length             Attributes
*default*        0x0000000000000000 0xffffffffffffffff

Linker script and memory map

                0x0000000000000000                PROVIDE (__start__ = 0x0)
                0x0000000000000000                . = __start__

.crt0           0x0000000000000000      0x118
 *(.crt0)
 .crt0          0x0000000000000000      0x114 C:/devkitPro/libnx/lib\libnx.a(switch_crt0.o)
                0x0000000000000000                _start
                0x0000000000000104                __nx_exit
                0x0000000000000118                . = ALIGN (0x8)
 *fill*         0x0000000000000114        0x4 

.init           0x0000000000000118       0x38
 *(.init)
 .init          0x0000000000000118       0x18 c:/devkitpro/devkita64/bin/../lib/gcc/aarch64-none-elf/7.3.0/pic/crti.o
                0x0000000000000118                _init
 .init          0x0000000000000130       0x1c c:/devkitpro/devkita64/bin/../lib/gcc/aarch64-none-elf/7.3.0/pic/crtn.o
                0x0000000000000150                . = ALIGN (0x8)
 *fill*         0x000000000000014c        0x4 

.plt            0x0000000000000150        0x0
 *(.plt)
 .plt           0x0000000000000150        0x0 c:/devkitpro/devkita64/bin/../lib/gcc/aarch64-none-elf/7.3.0/pic/crti.o
 *(.iplt)
                0x0000000000000150                . = ALIGN (0x8)

.text           0x0000000000000180    0x28190
 *(.text.unlikely .text.*_unlikely .text.unlikely.*)
 .text.unlikely.sulp
                0x0000000000000180       0x54 c:/devkitpro/devkita64/bin/../lib/gcc/aarch64-none-elf/7.3.0/../../../../aarch64-none-elf/lib/pic\libg.a(lib_a-strtod.o)
 *(.text.exit .text.exit.*)
 *(.text.startup .text.startup.*)
 *fill*         0x00000000000001d4        0xc 
 .text.startup.main
                0x00000000000001e0      0x2e8 main.o
                0x00000000000001e0                main
 *(.text.hot .text.hot.*)
 *(.text .stub .text.* .gnu.linkonce.t.*)
 .text.deregister_tm_clones
                0x00000000000004c8       0x2c c:/devkitpro/devkita64/bin/../lib/gcc/aarch64-none-elf/7.3.0/pic/crtbegin.o
 *fill*         0x00000000000004f4        0x4 
 .text.register_tm_clones
                0x00000000000004f8       0x3c c:/devkitpro/devkita64/bin/../lib/gcc/aarch64-none-elf/7.3.0/pic/crtbegin.o
 *fill*         0x0000000000000534        0x4 
 .text.__do_global_dtors_aux
                0x0000000000000538       0x48 c:/devkitpro/devkita64/bin/../lib/gcc/aarch64-none-elf/7.3.0/pic/crtbegin.o
 .text.frame_dummy
                0x0000000000000580       0x34 c:/devkitpro/devkita64/bin/../lib/gcc/aarch64-none-elf/7.3.0/pic/crtbegin.o
 *fill*         0x00000000000005b4        0xc 
 .text._Z5clearv.part.0
                0x00000000000005c0       0x54 main.o
 *fill*         0x0000000000000614        0xc 
 .text._Z5printcccPKcz
                0x0000000000000620       0xec main.o
                0x0000000000000620                print(char, char, char, char const*, ...)
 *fill*         0x000000000000070c        0x4 
 .text._Z7tcpReadPvm
                0x0000000000000710       0x74 main.o
                0x0000000000000710                tcpRead(void*, unsigned long)
 *fill*         0x0000000000000784        0xc 
 .text._Z8tcpWritePKvm
                0x0000000000000790       0x74 main.o
                0x0000000000000790                tcpWrite(void const*, unsigned long)
 *fill*         0x0000000000000804        0xc 
 .text._Z8connReadPvm
                0x0000000000000810       0x2c main.o
                0x0000000000000810                connRead(void*, unsigned long)
 *fill*         0x000000000000083c        0x4 
 .text._Z9connWritePKvm
                0x0000000000000840       0x2c main.o
                0x0000000000000840                connWrite(void const*, unsigned long)
 *fill*         0x000000000000086c        0x4 
 .text._Z12sendResponse16DebuggerResponse
                0x0000000000000870       0x38 main.o
                0x0000000000000870                sendResponse(DebuggerResponse)
 *fill*         0x00000000000008a8        0x8 
 .text._Z13handleCommandv
                0x00000000000008b0      0x3ac main.o
                0x00000000000008b0                handleCommand()
 *fill*         0x0000000000000c5c        0x4 
 .text._usbCommsInterfaceExit
                0x0000000000000c60       0xb0 C:/devkitPro/libnx/lib\libnx.a(usb_comms.o)
 .text._usbCommsRead.isra.0
                0x0000000000000d10      0x21c C:/devkitPro/libnx/lib\libnx.a(usb_comms.o)
 *fill*         0x0000000000000f2c        0x4 
 .text._usbCommsWrite.isra.1
                0x0000000000000f30      0x1f0 C:/devkitPro/libnx/lib\libnx.a(usb_comms.o)
 .text.usbCommsExit
                0x0000000000001120       0x60 C:/devkitPro/libnx/lib\libnx.a(usb_comms.o)
                0x0000000000001120                usbCommsExit
 .text.usbCommsInitializeEx
                0x0000000000001180      0x2f0 C:/devkitPro/libnx/lib\libnx.a(usb_comms.o)
                0x0000000000001180                usbCommsInitializeEx
 .text.usbCommsInitialize
                0x0000000000001470       0x14 C:/devkitPro/libnx/lib\libnx.a(usb_comms.o)
                0x0000000000001470                usbCommsInitialize
 *fill*         0x0000000000001484        0xc 
 .text.usbCommsReadEx
                0x0000000000001490      0x140 C:/devkitPro/libnx/lib\libnx.a(usb_comms.o)
                0x0000000000001490                usbCommsReadEx
 .text.usbCommsRead
                0x00000000000015d0        0x8 C:/devkitPro/libnx/lib\libnx.a(usb_comms.o)
                0x00000000000015d0                usbCommsRead
 *fill*         0x00000000000015d8        0x8 
 .text.usbCommsWriteEx
                0x00000000000015e0      0x140 C:/devkitPro/libnx/lib\libnx.a(usb_comms.o)
                0x00000000000015e0                usbCommsWriteEx
 .text.usbCommsWrite
                0x0000000000001720        0x8 C:/devkitPro/libnx/lib\libnx.a(usb_comms.o)
                0x0000000000001720                usbCommsWrite
 *fill*         0x0000000000001728        0x8 
 .text.consoleDrawChar
                0x0000000000001730      0x2b4 C:/devkitPro/libnx/lib\libnx.a(console.o)
                0x0000000000001730                consoleDrawChar
 *fill*         0x00000000000019e4        0xc 
 .text.consolePrintChar
                0x00000000000019f0      0x164 C:/devkitPro/libnx/lib\libnx.a(console.o)
                0x00000000000019f0                consolePrintChar
 *fill*         0x0000000000001b54        0xc 
 .text.consoleClearLine
                0x0000000000001b60      0x18c C:/devkitPro/libnx/lib\libnx.a(console.o)
 *fill*         0x0000000000001cec        0x4 
 .text.newRow   0x0000000000001cf0      0x1c4 C:/devkitPro/libnx/lib\libnx.a(console.o)
 *fill*         0x0000000000001eb4        0xc 
 .text.consoleCls
                0x0000000000001ec0      0x1bc C:/devkitPro/libnx/lib\libnx.a(console.o)
 *fill*         0x000000000000207c        0x4 
 .text.consoleInit
                0x0000000000002080       0xf4 C:/devkitPro/libnx/lib\libnx.a(console.o)
                0x0000000000002080                consoleInit
 *fill*         0x0000000000002174        0xc 
 .text.con_write
                0x0000000000002180      0x864 C:/devkitPro/libnx/lib\libnx.a(console.o)
 *fill*         0x00000000000029e4        0xc 
 .text._socketParseBsdResult.part.0
                0x00000000000029f0       0xa0 C:/devkitPro/libnx/lib\libnx.a(socket.o)
 .text._socketRead
                0x0000000000002a90       0x58 C:/devkitPro/libnx/lib\libnx.a(socket.o)
 *fill*         0x0000000000002ae8        0x8 
 .text._socketWrite
                0x0000000000002af0       0x58 C:/devkitPro/libnx/lib\libnx.a(socket.o)
 *fill*         0x0000000000002b48        0x8 
 .text._socketClose
                0x0000000000002b50       0x40 C:/devkitPro/libnx/lib\libnx.a(socket.o)
 .text._socketOpen
                0x0000000000002b90       0x88 C:/devkitPro/libnx/lib\libnx.a(socket.o)
 *fill*         0x0000000000002c18        0x8 
 .text._socketGetFd
                0x0000000000002c20       0x80 C:/devkitPro/libnx/lib\libnx.a(socket.o)
 .text.socketGetDefaultInitConfig
                0x0000000000002ca0        0xc C:/devkitPro/libnx/lib\libnx.a(socket.o)
                0x0000000000002ca0                socketGetDefaultInitConfig
 *fill*         0x0000000000002cac        0x4 
 .text.socketExit
                0x0000000000002cb0       0x1c C:/devkitPro/libnx/lib\libnx.a(socket.o)
                0x0000000000002cb0                socketExit
 *fill*         0x0000000000002ccc        0x4 
 .text.socketInitialize
                0x0000000000002cd0      0x124 C:/devkitPro/libnx/lib\libnx.a(socket.o)
                0x0000000000002cd0                socketInitialize
 *fill*         0x0000000000002df4        0xc 
 .text.socket   0x0000000000002e00       0xb0 C:/devkitPro/libnx/lib\libnx.a(socket.o)
                0x0000000000002e00                socket
 .text.recv     0x0000000000002eb0       0x70 C:/devkitPro/libnx/lib\libnx.a(socket.o)
                0x0000000000002eb0                recv
 .text.send     0x0000000000002f20       0x70 C:/devkitPro/libnx/lib\libnx.a(socket.o)
                0x0000000000002f20                send
 .text.accept   0x0000000000002f90       0xc4 C:/devkitPro/libnx/lib\libnx.a(socket.o)
                0x0000000000002f90                accept
 *fill*         0x0000000000003054        0xc 
 .text.bind     0x0000000000003060       0x60 C:/devkitPro/libnx/lib\libnx.a(socket.o)
                0x0000000000003060                bind
 .text.listen   0x00000000000030c0       0x58 C:/devkitPro/libnx/lib\libnx.a(socket.o)
                0x00000000000030c0                listen
 *fill*         0x0000000000003118        0x8 
 .text.ipcCloseObjectById
                0x0000000000003120       0x34 C:/devkitPro/libnx/lib\libnx.a(pm.o)
 *fill*         0x0000000000003154        0xc 
 .text.pmdmntInitialize
                0x0000000000003160       0x3c C:/devkitPro/libnx/lib\libnx.a(pm.o)
                0x0000000000003160                pmdmntInitialize
 *fill*         0x000000000000319c        0x4 
 .text.pmdmntExit
                0x00000000000031a0       0xa0 C:/devkitPro/libnx/lib\libnx.a(pm.o)
                0x00000000000031a0                pmdmntExit
 .text.pmdmntStartProcess
                0x0000000000003240       0xcc C:/devkitPro/libnx/lib\libnx.a(pm.o)
                0x0000000000003240                pmdmntStartProcess
 *fill*         0x000000000000330c        0x4 
 .text.pmdmntGetTitlePid
                0x0000000000003310       0xe8 C:/devkitPro/libnx/lib\libnx.a(pm.o)
                0x0000000000003310                pmdmntGetTitlePid
 *fill*         0x00000000000033f8        0x8 
 .text.pmdmntGetApplicationPid
                0x0000000000003400       0xe8 C:/devkitPro/libnx/lib\libnx.a(pm.o)
                0x0000000000003400                pmdmntGetApplicationPid
 *fill*         0x00000000000034e8        0x8 
 .text.pmdmntEnableDebugForApplication
                0x00000000000034f0      0x12c C:/devkitPro/libnx/lib\libnx.a(pm.o)
                0x00000000000034f0                pmdmntEnableDebugForApplication
 *fill*         0x000000000000361c        0x4 
 .text._bsdRegisterClient.isra.5.constprop.11
                0x0000000000003620      0x120 C:/devkitPro/libnx/lib\libnx.a(bsd.o)
 .text.ipcCloseObjectById
                0x0000000000003740       0x34 C:/devkitPro/libnx/lib\libnx.a(bsd.o)
 *fill*         0x0000000000003774        0xc 
 .text._bsdDispatchBasicCommand.isra.6
                0x0000000000003780      0x310 C:/devkitPro/libnx/lib\libnx.a(bsd.o)
 .text._bsdSocketCreationCommand
                0x0000000000003a90       0x44 C:/devkitPro/libnx/lib\libnx.a(bsd.o)
 *fill*         0x0000000000003ad4        0xc 
 .text._bsdDispatchCommandWithOutAddrlen.isra.7
                0x0000000000003ae0       0x44 C:/devkitPro/libnx/lib\libnx.a(bsd.o)
 *fill*         0x0000000000003b24        0xc 
 .text._bsdNameGetterCommand
                0x0000000000003b30       0xcc C:/devkitPro/libnx/lib\libnx.a(bsd.o)
 *fill*         0x0000000000003bfc        0x4 
 .text.ipcQueryPointerBufferSize.constprop.10
                0x0000000000003c00       0xc4 C:/devkitPro/libnx/lib\libnx.a(bsd.o)
 *fill*         0x0000000000003cc4        0xc 
 .text._bsdStartMonitor.constprop.9
                0x0000000000003cd0       0xf4 C:/devkitPro/libnx/lib\libnx.a(bsd.o)
 *fill*         0x0000000000003dc4        0xc 
 .text.bsdExit  0x0000000000003dd0       0xf0 C:/devkitPro/libnx/lib\libnx.a(bsd.o)
                0x0000000000003dd0                bsdExit
 .text.bsdInitialize
                0x0000000000003ec0      0x16c C:/devkitPro/libnx/lib\libnx.a(bsd.o)
                0x0000000000003ec0                bsdInitialize
 *fill*         0x000000000000402c        0x4 
 .text.bsdSocket
                0x0000000000004030       0x14 C:/devkitPro/libnx/lib\libnx.a(bsd.o)
                0x0000000000004030                bsdSocket
 *fill*         0x0000000000004044        0xc 
 .text.bsdOpen  0x0000000000004050       0xc8 C:/devkitPro/libnx/lib\libnx.a(bsd.o)
                0x0000000000004050                bsdOpen
 *fill*         0x0000000000004118        0x8 
 .text.bsdRecv  0x0000000000004120       0xcc C:/devkitPro/libnx/lib\libnx.a(bsd.o)
                0x0000000000004120                bsdRecv
 *fill*         0x00000000000041ec        0x4 
 .text.bsdSend  0x00000000000041f0       0xc0 C:/devkitPro/libnx/lib\libnx.a(bsd.o)
                0x00000000000041f0                bsdSend
 .text.bsdAccept
                0x00000000000042b0       0x14 C:/devkitPro/libnx/lib\libnx.a(bsd.o)
                0x00000000000042b0                bsdAccept
 *fill*         0x00000000000042c4        0xc 
 .text.bsdBind  0x00000000000042d0       0xa8 C:/devkitPro/libnx/lib\libnx.a(bsd.o)
                0x00000000000042d0                bsdBind
 *fill*         0x0000000000004378        0x8 
 .text.bsdListen
                0x0000000000004380       0x40 C:/devkitPro/libnx/lib\libnx.a(bsd.o)
                0x0000000000004380                bsdListen
 .text.bsdWrite
                0x00000000000043c0       0xc0 C:/devkitPro/libnx/lib\libnx.a(bsd.o)
                0x00000000000043c0                bsdWrite
 .text.bsdRead  0x0000000000004480       0xcc C:/devkitPro/libnx/lib\libnx.a(bsd.o)
                0x0000000000004480                bsdRead
 *fill*         0x000000000000454c        0x4 
 .text.bsdClose
                0x0000000000004550       0x40 C:/devkitPro/libnx/lib\libnx.a(bsd.o)
                0x0000000000004550                bsdClose
 .text.fatalSimple
                0x0000000000004590       0xbc C:/devkitPro/libnx/lib\libnx.a(fatal.o)
                0x0000000000004590                fatalSimple
 *fill*         0x000000000000464c        0x4 
 .text.smAddOverrideHandle
                0x0000000000004650       0x44 C:/devkitPro/libnx/lib\libnx.a(sm.o)
                0x0000000000004650                smAddOverrideHandle
 *fill*         0x0000000000004694        0xc 
 .text.smGetServiceOverride
                0x00000000000046a0       0x64 C:/devkitPro/libnx/lib\libnx.a(sm.o)
                0x00000000000046a0                smGetServiceOverride
 *fill*         0x0000000000004704        0xc 
 .text.smHasInitialized
                0x0000000000004710       0x14 C:/devkitPro/libnx/lib\libnx.a(sm.o)
                0x0000000000004710                smHasInitialized
 *fill*         0x0000000000004724        0xc 
 .text.smExit   0x0000000000004730       0x48 C:/devkitPro/libnx/lib\libnx.a(sm.o)
                0x0000000000004730                smExit
 *fill*         0x0000000000004778        0x8 
 .text.smEncodeName
                0x0000000000004780       0x34 C:/devkitPro/libnx/lib\libnx.a(sm.o)
                0x0000000000004780                smEncodeName
 *fill*         0x00000000000047b4        0xc 
 .text.smGetServiceOriginal
                0x00000000000047c0      0x12c C:/devkitPro/libnx/lib\libnx.a(sm.o)
                0x00000000000047c0                smGetServiceOriginal
 *fill*         0x00000000000048ec        0x4 
 .text.smInitialize
                0x00000000000048f0      0x160 C:/devkitPro/libnx/lib\libnx.a(sm.o)
                0x00000000000048f0                smInitialize
 .text.smGetService
                0x0000000000004a50       0x74 C:/devkitPro/libnx/lib\libnx.a(sm.o)
                0x0000000000004a50                smGetService
 *fill*         0x0000000000004ac4        0xc 
 .text._usbDsGetSession
                0x0000000000004ad0      0x22c C:/devkitPro/libnx/lib\libnx.a(usb.o)
 *fill*         0x0000000000004cfc        0x4 
 .text.ipcCloseObjectById
                0x0000000000004d00       0x34 C:/devkitPro/libnx/lib\libnx.a(usb.o)
 *fill*         0x0000000000004d34        0xc 
 .text._usbDsFreeEndpoint.part.6
                0x0000000000004d40       0x94 C:/devkitPro/libnx/lib\libnx.a(usb.o)
 *fill*         0x0000000000004dd4        0xc 
 .text._usbDsFreeInterface.part.7
                0x0000000000004de0       0xc4 C:/devkitPro/libnx/lib\libnx.a(usb.o)
 *fill*         0x0000000000004ea4        0xc 
 .text._usbDsCmdNoParams
                0x0000000000004eb0       0xc4 C:/devkitPro/libnx/lib\libnx.a(usb.o)
 *fill*         0x0000000000004f74        0xc 
 .text._usbDsGetEvent
                0x0000000000004f80      0x124 C:/devkitPro/libnx/lib\libnx.a(usb.o)
 *fill*         0x00000000000050a4        0xc 
 .text._usbDsGetReport
                0x00000000000050b0       0xf8 C:/devkitPro/libnx/lib\libnx.a(usb.o)
 *fill*         0x00000000000051a8        0x8 
 .text._usbDsBindDevice
                0x00000000000051b0       0xcc C:/devkitPro/libnx/lib\libnx.a(usb.o)
 *fill*         0x000000000000527c        0x4 
 .text._usbDsBindClientProcess.constprop.12
                0x0000000000005280       0xe0 C:/devkitPro/libnx/lib\libnx.a(usb.o)
 .text._usbDsSetVidPidBcd
                0x0000000000005360       0xfc C:/devkitPro/libnx/lib\libnx.a(usb.o)
 *fill*         0x000000000000545c        0x4 
 .text._usbDsPostBuffer
                0x0000000000005460      0x124 C:/devkitPro/libnx/lib\libnx.a(usb.o)
 *fill*         0x0000000000005584        0xc 
 .text.usbDsInitialize
                0x0000000000005590      0x14c C:/devkitPro/libnx/lib\libnx.a(usb.o)
                0x0000000000005590                usbDsInitialize
 *fill*         0x00000000000056dc        0x4 
 .text.usbDsExit
                0x00000000000056e0      0x15c C:/devkitPro/libnx/lib\libnx.a(usb.o)
                0x00000000000056e0                usbDsExit
 *fill*         0x000000000000583c        0x4 
 .text.usbDsGetState
                0x0000000000005840       0xec C:/devkitPro/libnx/lib\libnx.a(usb.o)
                0x0000000000005840                usbDsGetState
 *fill*         0x000000000000592c        0x4 
 .text.usbDsWaitReady
                0x0000000000005930       0x9c C:/devkitPro/libnx/lib\libnx.a(usb.o)
                0x0000000000005930                usbDsWaitReady
 *fill*         0x00000000000059cc        0x4 
 .text.usbDsParseReportData
                0x00000000000059d0       0xc0 C:/devkitPro/libnx/lib\libnx.a(usb.o)
                0x00000000000059d0                usbDsParseReportData
 .text.usbDsGetDsInterface
                0x0000000000005a90      0x1ac C:/devkitPro/libnx/lib\libnx.a(usb.o)
                0x0000000000005a90                usbDsGetDsInterface
 *fill*         0x0000000000005c3c        0x4 
 .text.usbDsInterface_Close
                0x0000000000005c40       0x14 C:/devkitPro/libnx/lib\libnx.a(usb.o)
                0x0000000000005c40                usbDsInterface_Close
 *fill*         0x0000000000005c54        0xc 
 .text.usbDsInterface_GetDsEndpoint
                0x0000000000005c60      0x178 C:/devkitPro/libnx/lib\libnx.a(usb.o)
                0x0000000000005c60                usbDsInterface_GetDsEndpoint
 *fill*         0x0000000000005dd8        0x8 
 .text.usbDsInterface_EnableInterface
                0x0000000000005de0       0x20 C:/devkitPro/libnx/lib\libnx.a(usb.o)
                0x0000000000005de0                usbDsInterface_EnableInterface
 .text.usbDsInterface_DisableInterface
                0x0000000000005e00       0x20 C:/devkitPro/libnx/lib\libnx.a(usb.o)
                0x0000000000005e00                usbDsInterface_DisableInterface
 .text.usbDsEndpoint_Close
                0x0000000000005e20       0x14 C:/devkitPro/libnx/lib\libnx.a(usb.o)
                0x0000000000005e20                usbDsEndpoint_Close
 *fill*         0x0000000000005e34        0xc 
 .text.usbDsEndpoint_PostBufferAsync
                0x0000000000005e40       0x28 C:/devkitPro/libnx/lib\libnx.a(usb.o)
                0x0000000000005e40                usbDsEndpoint_PostBufferAsync
 *fill*         0x0000000000005e68        0x8 
 .text.usbDsEndpoint_GetReportData
                0x0000000000005e70       0x20 C:/devkitPro/libnx/lib\libnx.a(usb.o)
                0x0000000000005e70                usbDsEndpoint_GetReportData
 .text.ipcCloseObjectById
                0x0000000000005e90       0x34 C:/devkitPro/libnx/lib\libnx.a(hid.o)
 *fill*         0x0000000000005ec4        0xc 
 .text._hidGetSharedMemoryHandle.constprop.8
                0x0000000000005ed0      0x12c C:/devkitPro/libnx/lib\libnx.a(hid.o)
 *fill*         0x0000000000005ffc        0x4 
 .text._hidCreateAppletResource.constprop.7
                0x0000000000006000      0x13c C:/devkitPro/libnx/lib\libnx.a(hid.o)
 *fill*         0x000000000000613c        0x4 
 .text.hidReset
                0x0000000000006140      0x1bc C:/devkitPro/libnx/lib\libnx.a(hid.o)
                0x0000000000006140                hidReset
 *fill*         0x00000000000062fc        0x4 
 .text.hidGetSharedmemAddr
                0x0000000000006300        0xc C:/devkitPro/libnx/lib\libnx.a(hid.o)
                0x0000000000006300                hidGetSharedmemAddr
 *fill*         0x000000000000630c        0x4 
 .text.hidKeysDown
                0x0000000000006310       0x6c C:/devkitPro/libnx/lib\libnx.a(hid.o)
                0x0000000000006310                hidKeysDown
 *fill*         0x000000000000637c        0x4 
 .text.hidTouchCount
                0x0000000000006380        0xc C:/devkitPro/libnx/lib\libnx.a(hid.o)
                0x0000000000006380                hidTouchCount
 *fill*         0x000000000000638c        0x4 
 .text.hidScanInput
                0x0000000000006390      0x4a8 C:/devkitPro/libnx/lib\libnx.a(hid.o)
                0x0000000000006390                hidScanInput
 *fill*         0x0000000000006838        0x8 
 .text.hidSetNpadJoyAssignmentModeDual
                0x0000000000006840      0x108 C:/devkitPro/libnx/lib\libnx.a(hid.o)
                0x0000000000006840                hidSetNpadJoyAssignmentModeDual
 *fill*         0x0000000000006948        0x8 
 .text.hidExit  0x0000000000006950      0x138 C:/devkitPro/libnx/lib\libnx.a(hid.o)
                0x0000000000006950                hidExit
 *fill*         0x0000000000006a88        0x8 
 .text.hidInitialize
                0x0000000000006a90       0xe4 C:/devkitPro/libnx/lib\libnx.a(hid.o)
                0x0000000000006a90                hidInitialize
 *fill*         0x0000000000006b74        0xc 
 .text.ipcCloseObjectById
                0x0000000000006b80       0x34 C:/devkitPro/libnx/lib\libnx.a(applet.o)
 *fill*         0x0000000000006bb4        0xc 
 .text._appletGetHandle
                0x0000000000006bc0      0x124 C:/devkitPro/libnx/lib\libnx.a(applet.o)
 *fill*         0x0000000000006ce4        0xc 
 .text._appletGetOperationMode.constprop.13
                0x0000000000006cf0       0xe0 C:/devkitPro/libnx/lib\libnx.a(applet.o)
 .text._appletGetPerformanceMode.constprop.14
                0x0000000000006dd0       0xe0 C:/devkitPro/libnx/lib\libnx.a(applet.o)
 .text._appletReceiveMessage
                0x0000000000006eb0       0xe8 C:/devkitPro/libnx/lib\libnx.a(applet.o)
 *fill*         0x0000000000006f98        0x8 
 .text._appletGetCurrentFocusState.constprop.15
                0x0000000000006fa0       0xe0 C:/devkitPro/libnx/lib\libnx.a(applet.o)
 .text._appletAcquireForegroundRights
                0x0000000000007080       0xcc C:/devkitPro/libnx/lib\libnx.a(applet.o)
 *fill*         0x000000000000714c        0x4 
 .text._appletSetOperationModeChangedNotification.constprop.16
                0x0000000000007150       0xd4 C:/devkitPro/libnx/lib\libnx.a(applet.o)
 *fill*         0x0000000000007224        0xc 
 .text._appletSetOutOfFocusSuspendingEnabled
                0x0000000000007230       0xcc C:/devkitPro/libnx/lib\libnx.a(applet.o)
 *fill*         0x00000000000072fc        0x4 
 .text._appletSetPerformanceModeChangedNotification.constprop.17
                0x0000000000007300       0xd4 C:/devkitPro/libnx/lib\libnx.a(applet.o)
 *fill*         0x00000000000073d4        0xc 
 .text._appletSetFocusHandlingMode
                0x00000000000073e0       0xd4 C:/devkitPro/libnx/lib\libnx.a(applet.o)
 *fill*         0x00000000000074b4        0xc 
 .text._appletGetAppletResourceUserId.constprop.11
                0x00000000000074c0       0xe0 C:/devkitPro/libnx/lib\libnx.a(applet.o)
 .text._appletGetSessionProxy.constprop.10
                0x00000000000075a0      0x14c C:/devkitPro/libnx/lib\libnx.a(applet.o)
 *fill*         0x00000000000076ec        0x4 
 .text.appletExit
                0x00000000000076f0      0x4b8 C:/devkitPro/libnx/lib\libnx.a(applet.o)
                0x00000000000076f0                appletExit
 *fill*         0x0000000000007ba8        0x8 
 .text.appletHook
                0x0000000000007bb0       0x28 C:/devkitPro/libnx/lib\libnx.a(applet.o)
                0x0000000000007bb0                appletHook
 *fill*         0x0000000000007bd8        0x8 
 .text.appletUnhook
                0x0000000000007be0       0x34 C:/devkitPro/libnx/lib\libnx.a(applet.o)
                0x0000000000007be0                appletUnhook
 *fill*         0x0000000000007c14        0xc 
 .text.appletGetAppletResourceUserId
                0x0000000000007c20       0x28 C:/devkitPro/libnx/lib\libnx.a(applet.o)
                0x0000000000007c20                appletGetAppletResourceUserId
 *fill*         0x0000000000007c48        0x8 
 .text.appletNotifyRunning
                0x0000000000007c50      0x120 C:/devkitPro/libnx/lib\libnx.a(applet.o)
                0x0000000000007c50                appletNotifyRunning
 .text.appletInitialize
                0x0000000000007d70      0x578 C:/devkitPro/libnx/lib\libnx.a(applet.o)
                0x0000000000007d70                appletInitialize
 *fill*         0x00000000000082e8        0x8 
 .text.appletCreateManagedDisplayLayer
                0x00000000000082f0       0xe8 C:/devkitPro/libnx/lib\libnx.a(applet.o)
                0x00000000000082f0                appletCreateManagedDisplayLayer
 *fill*         0x00000000000083d8        0x8 
 .text.appletGetOperationMode
                0x00000000000083e0        0xc C:/devkitPro/libnx/lib\libnx.a(applet.o)
                0x00000000000083e0                appletGetOperationMode
 *fill*         0x00000000000083ec        0x4 
 .text.appletMainLoop
                0x00000000000083f0      0x15c C:/devkitPro/libnx/lib\libnx.a(applet.o)
                0x00000000000083f0                appletMainLoop
 *fill*         0x000000000000854c        0x4 
 .text._gfxDequeueBuffer.part.0
                0x0000000000008550       0xbc C:/devkitPro/libnx/lib\libnx.a(gfx.o)
 *fill*         0x000000000000860c        0x4 
 .text._gfxQueueBuffer.part.1
                0x0000000000008610       0x38 C:/devkitPro/libnx/lib\libnx.a(gfx.o)
 *fill*         0x0000000000008648        0x8 
 .text.gfxConfigureCrop
                0x0000000000008650       0xe8 C:/devkitPro/libnx/lib\libnx.a(gfx.o)
                0x0000000000008650                gfxConfigureCrop
 *fill*         0x0000000000008738        0x8 
 .text.gfxConfigureResolution
                0x0000000000008740       0x14 C:/devkitPro/libnx/lib\libnx.a(gfx.o)
                0x0000000000008740                gfxConfigureResolution
 *fill*         0x0000000000008754        0xc 
 .text._gfxAutoResolutionAppletHook
                0x0000000000008760       0x68 C:/devkitPro/libnx/lib\libnx.a(gfx.o)
 *fill*         0x00000000000087c8        0x8 
 .text.gfxConfigureAutoResolution
                0x00000000000087d0      0x11c C:/devkitPro/libnx/lib\libnx.a(gfx.o)
                0x00000000000087d0                gfxConfigureAutoResolution
 *fill*         0x00000000000088ec        0x4 
 .text.gfxExit  0x00000000000088f0      0x194 C:/devkitPro/libnx/lib\libnx.a(gfx.o)
                0x00000000000088f0                gfxExit
 *fill*         0x0000000000008a84        0xc 
 .text._gfxGraphicBufferInit
                0x0000000000008a90       0x54 C:/devkitPro/libnx/lib\libnx.a(gfx.o)
                0x0000000000008a90                _gfxGraphicBufferInit
 *fill*         0x0000000000008ae4        0xc 
 .text.gfxWaitForVsync
                0x0000000000008af0       0x80 C:/devkitPro/libnx/lib\libnx.a(gfx.o)
                0x0000000000008af0                gfxWaitForVsync
 .text.gfxInitDefault
                0x0000000000008b70      0x5e8 C:/devkitPro/libnx/lib\libnx.a(gfx.o)
                0x0000000000008b70                gfxInitDefault
 *fill*         0x0000000000009158        0x8 
 .text.gfxSwapBuffers
                0x0000000000009160       0x60 C:/devkitPro/libnx/lib\libnx.a(gfx.o)
                0x0000000000009160                gfxSwapBuffers
 .text.gfxGetFramebuffer
                0x00000000000091c0       0x6c C:/devkitPro/libnx/lib\libnx.a(gfx.o)
                0x00000000000091c0                gfxGetFramebuffer
 *fill*         0x000000000000922c        0x4 
 .text.gfxSetMode
                0x0000000000009230        0xc C:/devkitPro/libnx/lib\libnx.a(gfx.o)
                0x0000000000009230                gfxSetMode
 *fill*         0x000000000000923c        0x4 
 .text.gfxFlushBuffers
                0x0000000000009240      0x124 C:/devkitPro/libnx/lib\libnx.a(gfx.o)
                0x0000000000009240                gfxFlushBuffers
 *fill*         0x0000000000009364        0xc 
 .text._binderTransactParcel
                0x0000000000009370      0x13c C:/devkitPro/libnx/lib\libnx.a(binder.o)
 *fill*         0x00000000000094ac        0x4 
 .text.ipcQueryPointerBufferSize
                0x00000000000094b0       0xc8 C:/devkitPro/libnx/lib\libnx.a(binder.o)
 *fill*         0x0000000000009578        0x8 
 .text._binderTransactParcelAuto
                0x0000000000009580      0x29c C:/devkitPro/libnx/lib\libnx.a(binder.o)
 *fill*         0x000000000000981c        0x4 
 .text.binderCreateSession
                0x0000000000009820       0x18 C:/devkitPro/libnx/lib\libnx.a(binder.o)
                0x0000000000009820                binderCreateSession
 *fill*         0x0000000000009838        0x8 
 .text.binderTransactParcel
                0x0000000000009840       0x14 C:/devkitPro/libnx/lib\libnx.a(binder.o)
                0x0000000000009840                binderTransactParcel
 *fill*         0x0000000000009854        0xc 
 .text.binderAdjustRefcount
                0x0000000000009860       0xe4 C:/devkitPro/libnx/lib\libnx.a(binder.o)
                0x0000000000009860                binderAdjustRefcount
 *fill*         0x0000000000009944        0xc 
 .text.binderExitSession
                0x0000000000009950       0x70 C:/devkitPro/libnx/lib\libnx.a(binder.o)
                0x0000000000009950                binderExitSession
 .text.binderGetNativeHandle
                0x00000000000099c0      0x134 C:/devkitPro/libnx/lib\libnx.a(binder.o)
                0x00000000000099c0                binderGetNativeHandle
 *fill*         0x0000000000009af4        0xc 
 .text.binderInitSession
                0x0000000000009b00      0x144 C:/devkitPro/libnx/lib\libnx.a(binder.o)
                0x0000000000009b00                binderInitSession
 *fill*         0x0000000000009c44        0xc 
 .text.bufferProducerInitialize
                0x0000000000009c50       0x10 C:/devkitPro/libnx/lib\libnx.a(buffer_producer.o)
                0x0000000000009c50                bufferProducerInitialize
 .text.bufferProducerExit
                0x0000000000009c60        0xc C:/devkitPro/libnx/lib\libnx.a(buffer_producer.o)
                0x0000000000009c60                bufferProducerExit
 *fill*         0x0000000000009c6c        0x4 
 .text.bufferProducerRequestBuffer
                0x0000000000009c70      0x134 C:/devkitPro/libnx/lib\libnx.a(buffer_producer.o)
                0x0000000000009c70                bufferProducerRequestBuffer
 *fill*         0x0000000000009da4        0xc 
 .text.bufferProducerDequeueBuffer
                0x0000000000009db0      0x1a0 C:/devkitPro/libnx/lib\libnx.a(buffer_producer.o)
                0x0000000000009db0                bufferProducerDequeueBuffer
 .text.bufferProducerDetachBuffer
                0x0000000000009f50       0x9c C:/devkitPro/libnx/lib\libnx.a(buffer_producer.o)
                0x0000000000009f50                bufferProducerDetachBuffer
 *fill*         0x0000000000009fec        0x4 
 .text.bufferProducerQueueBuffer
                0x0000000000009ff0      0x120 C:/devkitPro/libnx/lib\libnx.a(buffer_producer.o)
                0x0000000000009ff0                bufferProducerQueueBuffer
 .text.bufferProducerQuery
                0x000000000000a110       0xdc C:/devkitPro/libnx/lib\libnx.a(buffer_producer.o)
                0x000000000000a110                bufferProducerQuery
 *fill*         0x000000000000a1ec        0x4 
 .text.bufferProducerConnect
                0x000000000000a1f0      0x12c C:/devkitPro/libnx/lib\libnx.a(buffer_producer.o)
                0x000000000000a1f0                bufferProducerConnect
 *fill*         0x000000000000a31c        0x4 
 .text.bufferProducerDisconnect
                0x000000000000a320       0x9c C:/devkitPro/libnx/lib\libnx.a(buffer_producer.o)
                0x000000000000a320                bufferProducerDisconnect
 *fill*         0x000000000000a3bc        0x4 
 .text.bufferProducerGraphicBufferInit
                0x000000000000a3c0      0x110 C:/devkitPro/libnx/lib\libnx.a(buffer_producer.o)
                0x000000000000a3c0                bufferProducerGraphicBufferInit
 .text.armDCacheFlush
                0x000000000000a4d0       0x3c C:/devkitPro/libnx/lib\libnx.a(cache.o)
                0x000000000000a4d0                armDCacheFlush
 .text.__aarch64_read_tp
                0x000000000000a50c        0xc C:/devkitPro/libnx/lib\libnx.a(readtp.o)
                0x000000000000a50c                __aarch64_read_tp
 .text.svcSetHeapSize
                0x000000000000a518       0x14 C:/devkitPro/libnx/lib\libnx.a(svc.o)
                0x000000000000a518                svcSetHeapSize
 .text.svcUnmapMemory
                0x000000000000a52c        0x8 C:/devkitPro/libnx/lib\libnx.a(svc.o)
                0x000000000000a52c                svcUnmapMemory
 .text.svcQueryMemory
                0x000000000000a534       0x14 C:/devkitPro/libnx/lib\libnx.a(svc.o)
                0x000000000000a534                svcQueryMemory
 .text.svcExitProcess
                0x000000000000a548        0x8 C:/devkitPro/libnx/lib\libnx.a(svc.o)
                0x000000000000a548                svcExitProcess
 .text.svcSleepThread
                0x000000000000a550        0x8 C:/devkitPro/libnx/lib\libnx.a(svc.o)
                0x000000000000a550                svcSleepThread
 .text.svcClearEvent
                0x000000000000a558        0x8 C:/devkitPro/libnx/lib\libnx.a(svc.o)
                0x000000000000a558                svcClearEvent
 .text.svcMapSharedMemory
                0x000000000000a560        0x8 C:/devkitPro/libnx/lib\libnx.a(svc.o)
                0x000000000000a560                svcMapSharedMemory
 .text.svcUnmapSharedMemory
                0x000000000000a568        0x8 C:/devkitPro/libnx/lib\libnx.a(svc.o)
                0x000000000000a568                svcUnmapSharedMemory
 .text.svcCreateTransferMemory
                0x000000000000a570       0x14 C:/devkitPro/libnx/lib\libnx.a(svc.o)
                0x000000000000a570                svcCreateTransferMemory
 .text.svcCloseHandle
                0x000000000000a584        0x8 C:/devkitPro/libnx/lib\libnx.a(svc.o)
                0x000000000000a584                svcCloseHandle
 .text.svcResetSignal
                0x000000000000a58c        0x8 C:/devkitPro/libnx/lib\libnx.a(svc.o)
                0x000000000000a58c                svcResetSignal
 .text.svcWaitSynchronization
                0x000000000000a594       0x14 C:/devkitPro/libnx/lib\libnx.a(svc.o)
                0x000000000000a594                svcWaitSynchronization
 .text.svcArbitrateLock
                0x000000000000a5a8        0x8 C:/devkitPro/libnx/lib\libnx.a(svc.o)
                0x000000000000a5a8                svcArbitrateLock
 .text.svcArbitrateUnlock
                0x000000000000a5b0        0x8 C:/devkitPro/libnx/lib\libnx.a(svc.o)
                0x000000000000a5b0                svcArbitrateUnlock
 .text.svcGetSystemTick
                0x000000000000a5b8        0x8 C:/devkitPro/libnx/lib\libnx.a(svc.o)
                0x000000000000a5b8                svcGetSystemTick
 .text.svcConnectToNamedPort
                0x000000000000a5c0       0x14 C:/devkitPro/libnx/lib\libnx.a(svc.o)
                0x000000000000a5c0                svcConnectToNamedPort
 .text.svcSendSyncRequest
                0x000000000000a5d4        0x8 C:/devkitPro/libnx/lib\libnx.a(svc.o)
                0x000000000000a5d4                svcSendSyncRequest
 .text.svcBreak
                0x000000000000a5dc        0x8 C:/devkitPro/libnx/lib\libnx.a(svc.o)
                0x000000000000a5dc                svcBreak
 .text.svcGetInfo
                0x000000000000a5e4       0x14 C:/devkitPro/libnx/lib\libnx.a(svc.o)
                0x000000000000a5e4                svcGetInfo
 .text.svcUnmapTransferMemory
                0x000000000000a5f8        0x8 C:/devkitPro/libnx/lib\libnx.a(svc.o)
                0x000000000000a5f8                svcUnmapTransferMemory
 .text.svcDebugActiveProcess
                0x000000000000a600       0x14 C:/devkitPro/libnx/lib\libnx.a(svc.o)
                0x000000000000a600                svcDebugActiveProcess
 .text.svcBreakDebugProcess
                0x000000000000a614        0x8 C:/devkitPro/libnx/lib\libnx.a(svc.o)
                0x000000000000a614                svcBreakDebugProcess
 .text.svcGetDebugEvent
                0x000000000000a61c        0x8 C:/devkitPro/libnx/lib\libnx.a(svc.o)
                0x000000000000a61c                svcGetDebugEvent
 .text.svcContinueDebugEvent
                0x000000000000a624        0x8 C:/devkitPro/libnx/lib\libnx.a(svc.o)
                0x000000000000a624                svcContinueDebugEvent
 .text.svcGetProcessList
                0x000000000000a62c       0x14 C:/devkitPro/libnx/lib\libnx.a(svc.o)
                0x000000000000a62c                svcGetProcessList
 .text.svcGetDebugThreadContext
                0x000000000000a640        0x8 C:/devkitPro/libnx/lib\libnx.a(svc.o)
                0x000000000000a640                svcGetDebugThreadContext
 .text.svcQueryDebugProcessMemory
                0x000000000000a648       0x14 C:/devkitPro/libnx/lib\libnx.a(svc.o)
                0x000000000000a648                svcQueryDebugProcessMemory
 .text.svcReadDebugProcessMemory
                0x000000000000a65c        0x8 C:/devkitPro/libnx/lib\libnx.a(svc.o)
                0x000000000000a65c                svcReadDebugProcessMemory
 .text.svcWriteDebugProcessMemory
                0x000000000000a664        0x8 C:/devkitPro/libnx/lib\libnx.a(svc.o)
                0x000000000000a664                svcWriteDebugProcessMemory
 *fill*         0x000000000000a66c        0x4 
 .text.argvSetup
                0x000000000000a670      0x380 C:/devkitPro/libnx/lib\libnx.a(argv.o)
                0x000000000000a670                argvSetup
 .text.envSetup
                0x000000000000a9f0      0x1bc C:/devkitPro/libnx/lib\libnx.a(env.o)
                0x000000000000a9f0                envSetup
 *fill*         0x000000000000abac        0x4 
 .text.envGetMainThreadHandle
                0x000000000000abb0       0x20 C:/devkitPro/libnx/lib\libnx.a(env.o)
                0x000000000000abb0                envGetMainThreadHandle
 .text.envIsNso
                0x000000000000abd0        0xc C:/devkitPro/libnx/lib\libnx.a(env.o)
                0x000000000000abd0                envIsNso
 *fill*         0x000000000000abdc        0x4 
 .text.envHasHeapOverride
                0x000000000000abe0       0x14 C:/devkitPro/libnx/lib\libnx.a(env.o)
                0x000000000000abe0                envHasHeapOverride
 *fill*         0x000000000000abf4        0xc 
 .text.envGetHeapOverrideAddr
                0x000000000000ac00        0xc C:/devkitPro/libnx/lib\libnx.a(env.o)
                0x000000000000ac00                envGetHeapOverrideAddr
 *fill*         0x000000000000ac0c        0x4 
 .text.envGetHeapOverrideSize
                0x000000000000ac10        0xc C:/devkitPro/libnx/lib\libnx.a(env.o)
                0x000000000000ac10                envGetHeapOverrideSize
 *fill*         0x000000000000ac1c        0x4 
 .text.envHasArgv
                0x000000000000ac20       0x14 C:/devkitPro/libnx/lib\libnx.a(env.o)
                0x000000000000ac20                envHasArgv
 *fill*         0x000000000000ac34        0xc 
 .text.envGetArgv
                0x000000000000ac40        0xc C:/devkitPro/libnx/lib\libnx.a(env.o)
                0x000000000000ac40                envGetArgv
 *fill*         0x000000000000ac4c        0x4 
 .text.envGetExitFuncPtr
                0x000000000000ac50        0xc C:/devkitPro/libnx/lib\libnx.a(env.o)
                0x000000000000ac50                envGetExitFuncPtr
 *fill*         0x000000000000ac5c        0x4 
 .text.nxlinkSetup
                0x000000000000ac60       0xc8 C:/devkitPro/libnx/lib\libnx.a(nxlink.o)
                0x000000000000ac60                nxlinkSetup
 *fill*         0x000000000000ad28        0x8 
 .text.__libnx_initheap
                0x000000000000ad30       0xdc C:/devkitPro/libnx/lib\libnx.a(init.o)
                0x000000000000ad30                __libnx_initheap
 *fill*         0x000000000000ae0c        0x4 
 .text.__appInit
                0x000000000000ae10       0x74 C:/devkitPro/libnx/lib\libnx.a(init.o)
                0x000000000000ae10                __appInit
 *fill*         0x000000000000ae84        0xc 
 .text.__appExit
                0x000000000000ae90       0x24 C:/devkitPro/libnx/lib\libnx.a(init.o)
                0x000000000000ae90                __appExit
 *fill*         0x000000000000aeb4        0xc 
 .text.__libnx_init
                0x000000000000aec0       0x28 C:/devkitPro/libnx/lib\libnx.a(init.o)
                0x000000000000aec0                __libnx_init
 *fill*         0x000000000000aee8        0x8 
 .text.__libnx_exit
                0x000000000000aef0       0x20 C:/devkitPro/libnx/lib\libnx.a(init.o)
                0x000000000000aef0                __libnx_exit
 .text.__nx_dynamic
                0x000000000000af10       0xac C:/devkitPro/libnx/lib\libnx.a(dynamic.o)
                0x000000000000af10                __nx_dynamic
 *fill*         0x000000000000afbc        0x4 
 .text._GetRegionFromInfo
                0x000000000000afc0       0x68 C:/devkitPro/libnx/lib\libnx.a(virtmem.o)
 *fill*         0x000000000000b028        0x8 
 .text.virtmemSetup
                0x000000000000b030       0xd4 C:/devkitPro/libnx/lib\libnx.a(virtmem.o)
                0x000000000000b030                virtmemSetup
 *fill*         0x000000000000b104        0xc 
 .text.virtmemReserve
                0x000000000000b110      0x13c C:/devkitPro/libnx/lib\libnx.a(virtmem.o)
                0x000000000000b110                virtmemReserve
 *fill*         0x000000000000b24c        0x4 
 .text.virtmemFree
                0x000000000000b250        0x4 C:/devkitPro/libnx/lib\libnx.a(virtmem.o)
                0x000000000000b250                virtmemFree
 *fill*         0x000000000000b254        0xc 
 .text.mutexLock
                0x000000000000b260       0x94 C:/devkitPro/libnx/lib\libnx.a(mutex.o)
                0x000000000000b260                mutexLock
 *fill*         0x000000000000b2f4        0xc 
 .text.mutexUnlock
                0x000000000000b300       0x24 C:/devkitPro/libnx/lib\libnx.a(mutex.o)
                0x000000000000b300                mutexUnlock
 *fill*         0x000000000000b324        0xc 
 .text.rmutexLock
                0x000000000000b330       0x4c C:/devkitPro/libnx/lib\libnx.a(mutex.o)
                0x000000000000b330                rmutexLock
 *fill*         0x000000000000b37c        0x4 
 .text.rmutexUnlock
                0x000000000000b380       0x20 C:/devkitPro/libnx/lib\libnx.a(mutex.o)
                0x000000000000b380                rmutexUnlock
 .text.tmemCreate
                0x000000000000b3a0       0x7c C:/devkitPro/libnx/lib\libnx.a(tmem.o)
                0x000000000000b3a0                tmemCreate
 *fill*         0x000000000000b41c        0x4 
 .text.tmemUnmap
                0x000000000000b420       0x48 C:/devkitPro/libnx/lib\libnx.a(tmem.o)
                0x000000000000b420                tmemUnmap
 *fill*         0x000000000000b468        0x8 
 .text.tmemClose
                0x000000000000b470       0x64 C:/devkitPro/libnx/lib\libnx.a(tmem.o)
                0x000000000000b470                tmemClose
 *fill*         0x000000000000b4d4        0xc 
 .text.rwlockReadLock
                0x000000000000b4e0       0x3c C:/devkitPro/libnx/lib\libnx.a(rwlock.o)
                0x000000000000b4e0                rwlockReadLock
 *fill*         0x000000000000b51c        0x4 
 .text.rwlockReadUnlock
                0x000000000000b520       0x50 C:/devkitPro/libnx/lib\libnx.a(rwlock.o)
                0x000000000000b520                rwlockReadUnlock
 .text.rwlockWriteLock
                0x000000000000b570        0x8 C:/devkitPro/libnx/lib\libnx.a(rwlock.o)
                0x000000000000b570                rwlockWriteLock
 *fill*         0x000000000000b578        0x8 
 .text.rwlockWriteUnlock
                0x000000000000b580        0x8 C:/devkitPro/libnx/lib\libnx.a(rwlock.o)
                0x000000000000b580                rwlockWriteUnlock
 *fill*         0x000000000000b588        0x8 
 .text.shmemLoadRemote
                0x000000000000b590       0x14 C:/devkitPro/libnx/lib\libnx.a(shmem.o)
                0x000000000000b590                shmemLoadRemote
 *fill*         0x000000000000b5a4        0xc 
 .text.shmemMap
                0x000000000000b5b0       0x9c C:/devkitPro/libnx/lib\libnx.a(shmem.o)
                0x000000000000b5b0                shmemMap
 *fill*         0x000000000000b64c        0x4 
 .text.shmemUnmap
                0x000000000000b650       0x48 C:/devkitPro/libnx/lib\libnx.a(shmem.o)
                0x000000000000b650                shmemUnmap
 *fill*         0x000000000000b698        0x8 
 .text.shmemClose
                0x000000000000b6a0       0x40 C:/devkitPro/libnx/lib\libnx.a(shmem.o)
                0x000000000000b6a0                shmemClose
 .text._CacheValues
                0x000000000000b6e0      0x150 C:/devkitPro/libnx/lib\libnx.a(detect.o)
 .text.kernelAbove200
                0x000000000000b830       0x1c C:/devkitPro/libnx/lib\libnx.a(detect.o)
                0x000000000000b830                kernelAbove200
 *fill*         0x000000000000b84c        0x4 
 .text.kernelAbove300
                0x000000000000b850       0x1c C:/devkitPro/libnx/lib\libnx.a(detect.o)
                0x000000000000b850                kernelAbove300
 *fill*         0x000000000000b86c        0x4 
 .text.detectDebugger
                0x000000000000b870       0x30 C:/devkitPro/libnx/lib\libnx.a(detect.o)
                0x000000000000b870                detectDebugger
 .text.fsdev_link
                0x000000000000b8a0       0x10 C:/devkitPro/libnx/lib\libnx.a(fs_dev.o)
 .text.fsdev_dirreset
                0x000000000000b8b0       0x10 C:/devkitPro/libnx/lib\libnx.a(fs_dev.o)
 .text.fsdev_chmod
                0x000000000000b8c0       0x10 C:/devkitPro/libnx/lib\libnx.a(fs_dev.o)
 .text.error_cmp
                0x000000000000b8d0       0x20 C:/devkitPro/libnx/lib\libnx.a(fs_dev.o)
 .text.fsdev_translate_error
                0x000000000000b8f0       0x60 C:/devkitPro/libnx/lib\libnx.a(fs_dev.o)
 .text.fsdev_fsync
                0x000000000000b950       0x40 C:/devkitPro/libnx/lib\libnx.a(fs_dev.o)
 .text.fsdev_ftruncate
                0x000000000000b990       0x64 C:/devkitPro/libnx/lib\libnx.a(fs_dev.o)
 *fill*         0x000000000000b9f4        0xc 
 .text.fsdev_dirclose
                0x000000000000ba00       0x20 C:/devkitPro/libnx/lib\libnx.a(fs_dev.o)
 .text.fsdev_dirnext
                0x000000000000ba20      0x1a8 C:/devkitPro/libnx/lib\libnx.a(fs_dev.o)
 *fill*         0x000000000000bbc8        0x8 
 .text.fsdev_close
                0x000000000000bbd0       0x1c C:/devkitPro/libnx/lib\libnx.a(fs_dev.o)
 *fill*         0x000000000000bbec        0x4 
 .text.fsdev_fstat
                0x000000000000bbf0       0x80 C:/devkitPro/libnx/lib\libnx.a(fs_dev.o)
 .text.fsdev_seek
                0x000000000000bc70       0xb8 C:/devkitPro/libnx/lib\libnx.a(fs_dev.o)
 *fill*         0x000000000000bd28        0x8 
 .text.fsdev_read
                0x000000000000bd30      0x1b4 C:/devkitPro/libnx/lib\libnx.a(fs_dev.o)
 *fill*         0x000000000000bee4        0xc 
 .text.fsdev_write
                0x000000000000bef0      0x1d0 C:/devkitPro/libnx/lib\libnx.a(fs_dev.o)
 .text.fsdevFindDevice
                0x000000000000c0c0      0x12c C:/devkitPro/libnx/lib\libnx.a(fs_dev.o)
 *fill*         0x000000000000c1ec        0x4 
 .text._fsdevMountDevice
                0x000000000000c1f0      0x190 C:/devkitPro/libnx/lib\libnx.a(fs_dev.o)
 .text.fsdev_getfspath
                0x000000000000c380      0x214 C:/devkitPro/libnx/lib\libnx.a(fs_dev.o)
 *fill*         0x000000000000c594        0xc 
 .text.fsdev_rmdir
                0x000000000000c5a0       0x70 C:/devkitPro/libnx/lib\libnx.a(fs_dev.o)
 .text.fsdev_statvfs
                0x000000000000c610       0xd8 C:/devkitPro/libnx/lib\libnx.a(fs_dev.o)
 *fill*         0x000000000000c6e8        0x8 
 .text.fsdev_diropen
                0x000000000000c6f0       0xc8 C:/devkitPro/libnx/lib\libnx.a(fs_dev.o)
 *fill*         0x000000000000c7b8        0x8 
 .text.fsdev_mkdir
                0x000000000000c7c0       0x70 C:/devkitPro/libnx/lib\libnx.a(fs_dev.o)
 .text.fsdev_rename
                0x000000000000c830      0x13c C:/devkitPro/libnx/lib\libnx.a(fs_dev.o)
 *fill*         0x000000000000c96c        0x4 
 .text.fsdev_chdir
                0x000000000000c970       0xcc C:/devkitPro/libnx/lib\libnx.a(fs_dev.o)
 *fill*         0x000000000000ca3c        0x4 
 .text.fsdev_unlink
                0x000000000000ca40       0x70 C:/devkitPro/libnx/lib\libnx.a(fs_dev.o)
 .text.fsdev_stat
                0x000000000000cab0      0x17c C:/devkitPro/libnx/lib\libnx.a(fs_dev.o)
 *fill*         0x000000000000cc2c        0x4 
 .text.fsdev_open
                0x000000000000cc30      0x1b4 C:/devkitPro/libnx/lib\libnx.a(fs_dev.o)
 *fill*         0x000000000000cde4        0xc 
 .text._fsdevUnmountDeviceStruct.part.4
                0x000000000000cdf0       0xb8 C:/devkitPro/libnx/lib\libnx.a(fs_dev.o)
 *fill*         0x000000000000cea8        0x8 
 .text.fsdev_fchmod
                0x000000000000ceb0       0x10 C:/devkitPro/libnx/lib\libnx.a(fs_dev.o)
 .text.fsdevMountSdmc
                0x000000000000cec0      0x164 C:/devkitPro/libnx/lib\libnx.a(fs_dev.o)
                0x000000000000cec0                fsdevMountSdmc
 *fill*         0x000000000000d024        0xc 
 .text.fsdevUnmountAll
                0x000000000000d030       0x70 C:/devkitPro/libnx/lib\libnx.a(fs_dev.o)
                0x000000000000d030                fsdevUnmountAll
 .text.ipcCloseObjectById
                0x000000000000d0a0       0x34 C:/devkitPro/libnx/lib\libnx.a(fs.o)
 *fill*         0x000000000000d0d4        0xc 
 .text.fsInitialize
                0x000000000000d0e0      0x120 C:/devkitPro/libnx/lib\libnx.a(fs.o)
                0x000000000000d0e0                fsInitialize
 .text.fsExit   0x000000000000d200       0xa0 C:/devkitPro/libnx/lib\libnx.a(fs.o)
                0x000000000000d200                fsExit
 .text.fsMountSdcard
                0x000000000000d2a0      0x13c C:/devkitPro/libnx/lib\libnx.a(fs.o)
                0x000000000000d2a0                fsMountSdcard
 *fill*         0x000000000000d3dc        0x4 
 .text.fsFsCreateFile
                0x000000000000d3e0       0xf0 C:/devkitPro/libnx/lib\libnx.a(fs.o)
                0x000000000000d3e0                fsFsCreateFile
 .text.fsFsDeleteFile
                0x000000000000d4d0       0xf0 C:/devkitPro/libnx/lib\libnx.a(fs.o)
                0x000000000000d4d0                fsFsDeleteFile
 .text.fsFsCreateDirectory
                0x000000000000d5c0       0xf0 C:/devkitPro/libnx/lib\libnx.a(fs.o)
                0x000000000000d5c0                fsFsCreateDirectory
 .text.fsFsDeleteDirectory
                0x000000000000d6b0       0xf0 C:/devkitPro/libnx/lib\libnx.a(fs.o)
                0x000000000000d6b0                fsFsDeleteDirectory
 .text.fsFsRenameFile
                0x000000000000d7a0      0x118 C:/devkitPro/libnx/lib\libnx.a(fs.o)
                0x000000000000d7a0                fsFsRenameFile
 *fill*         0x000000000000d8b8        0x8 
 .text.fsFsRenameDirectory
                0x000000000000d8c0      0x118 C:/devkitPro/libnx/lib\libnx.a(fs.o)
                0x000000000000d8c0                fsFsRenameDirectory
 *fill*         0x000000000000d9d8        0x8 
 .text.fsFsGetEntryType
                0x000000000000d9e0      0x100 C:/devkitPro/libnx/lib\libnx.a(fs.o)
                0x000000000000d9e0                fsFsGetEntryType
 .text.fsFsOpenFile
                0x000000000000dae0      0x15c C:/devkitPro/libnx/lib\libnx.a(fs.o)
                0x000000000000dae0                fsFsOpenFile
 *fill*         0x000000000000dc3c        0x4 
 .text.fsFsOpenDirectory
                0x000000000000dc40      0x15c C:/devkitPro/libnx/lib\libnx.a(fs.o)
                0x000000000000dc40                fsFsOpenDirectory
 *fill*         0x000000000000dd9c        0x4 
 .text.fsFsGetFreeSpace
                0x000000000000dda0      0x100 C:/devkitPro/libnx/lib\libnx.a(fs.o)
                0x000000000000dda0                fsFsGetFreeSpace
 .text.fsFsGetTotalSpace
                0x000000000000dea0      0x100 C:/devkitPro/libnx/lib\libnx.a(fs.o)
                0x000000000000dea0                fsFsGetTotalSpace
 .text.fsFsClose
                0x000000000000dfa0       0x6c C:/devkitPro/libnx/lib\libnx.a(fs.o)
                0x000000000000dfa0                fsFsClose
 *fill*         0x000000000000e00c        0x4 
 .text.fsFileRead
                0x000000000000e010      0x104 C:/devkitPro/libnx/lib\libnx.a(fs.o)
                0x000000000000e010                fsFileRead
 *fill*         0x000000000000e114        0xc 
 .text.fsFileWrite
                0x000000000000e120       0xf4 C:/devkitPro/libnx/lib\libnx.a(fs.o)
                0x000000000000e120                fsFileWrite
 *fill*         0x000000000000e214        0xc 
 .text.fsFileFlush
                0x000000000000e220       0xc4 C:/devkitPro/libnx/lib\libnx.a(fs.o)
                0x000000000000e220                fsFileFlush
 *fill*         0x000000000000e2e4        0xc 
 .text.fsFileSetSize
                0x000000000000e2f0       0xc4 C:/devkitPro/libnx/lib\libnx.a(fs.o)
                0x000000000000e2f0                fsFileSetSize
 *fill*         0x000000000000e3b4        0xc 
 .text.fsFileGetSize
                0x000000000000e3c0       0xec C:/devkitPro/libnx/lib\libnx.a(fs.o)
                0x000000000000e3c0                fsFileGetSize
 *fill*         0x000000000000e4ac        0x4 
 .text.fsFileClose
                0x000000000000e4b0       0x6c C:/devkitPro/libnx/lib\libnx.a(fs.o)
                0x000000000000e4b0                fsFileClose
 *fill*         0x000000000000e51c        0x4 
 .text.fsDirClose
                0x000000000000e520       0x6c C:/devkitPro/libnx/lib\libnx.a(fs.o)
                0x000000000000e520                fsDirClose
 *fill*         0x000000000000e58c        0x4 
 .text.fsDirRead
                0x000000000000e590      0x110 C:/devkitPro/libnx/lib\libnx.a(fs.o)
                0x000000000000e590                fsDirRead
 .text.ipcCloseObjectById
                0x000000000000e6a0       0x34 C:/devkitPro/libnx/lib\libnx.a(nv.o)
 *fill*         0x000000000000e6d4        0xc 
 .text._nvSetClientPID
                0x000000000000e6e0       0xd4 C:/devkitPro/libnx/lib\libnx.a(nv.o)
 *fill*         0x000000000000e7b4        0xc 
 .text.ipcQueryPointerBufferSize.constprop.6
                0x000000000000e7c0       0xc4 C:/devkitPro/libnx/lib\libnx.a(nv.o)
 *fill*         0x000000000000e884        0xc 
 .text._nvInitialize.constprop.5
                0x000000000000e890       0xec C:/devkitPro/libnx/lib\libnx.a(nv.o)
 *fill*         0x000000000000e97c        0x4 
 .text.nvExit   0x000000000000e980       0xb0 C:/devkitPro/libnx/lib\libnx.a(nv.o)
                0x000000000000e980                nvExit
 .text.nvInitialize
                0x000000000000ea30      0x198 C:/devkitPro/libnx/lib\libnx.a(nv.o)
                0x000000000000ea30                nvInitialize
 *fill*         0x000000000000ebc8        0x8 
 .text.nvConvertError
                0x000000000000ebd0      0x120 C:/devkitPro/libnx/lib\libnx.a(nv.o)
                0x000000000000ebd0                nvConvertError
 .text.nvOpen   0x000000000000ecf0      0x124 C:/devkitPro/libnx/lib\libnx.a(nv.o)
                0x000000000000ecf0                nvOpen
 *fill*         0x000000000000ee14        0xc 
 .text.nvIoctl  0x000000000000ee20      0x240 C:/devkitPro/libnx/lib\libnx.a(nv.o)
                0x000000000000ee20                nvIoctl
 .text.nvClose  0x000000000000f060       0xd8 C:/devkitPro/libnx/lib\libnx.a(nv.o)
                0x000000000000f060                nvClose
 *fill*         0x000000000000f138        0x8 
 .text.nvQueryEvent
                0x000000000000f140      0x144 C:/devkitPro/libnx/lib\libnx.a(nv.o)
                0x000000000000f140                nvQueryEvent
 *fill*         0x000000000000f284        0xc 
 .text.ipcCloseObjectById
                0x000000000000f290       0x34 C:/devkitPro/libnx/lib\libnx.a(apm.o)
 *fill*         0x000000000000f2c4        0xc 
 .text._apmGetSession.constprop.4
                0x000000000000f2d0      0x12c C:/devkitPro/libnx/lib\libnx.a(apm.o)
 *fill*         0x000000000000f3fc        0x4 
 .text.apmExit  0x000000000000f400       0xf0 C:/devkitPro/libnx/lib\libnx.a(apm.o)
                0x000000000000f400                apmExit
 .text.apmInitialize
                0x000000000000f4f0       0xa4 C:/devkitPro/libnx/lib\libnx.a(apm.o)
                0x000000000000f4f0                apmInitialize
 *fill*         0x000000000000f594        0xc 
 .text.apmSetPerformanceConfiguration
                0x000000000000f5a0       0xcc C:/devkitPro/libnx/lib\libnx.a(apm.o)
                0x000000000000f5a0                apmSetPerformanceConfiguration
 *fill*         0x000000000000f66c        0x4 
 .text.ipcCloseObjectById
                0x000000000000f670       0x34 C:/devkitPro/libnx/lib\libnx.a(vi.o)
 *fill*         0x000000000000f6a4        0xc 
 .text._viGetSession.constprop.6
                0x000000000000f6b0      0x144 C:/devkitPro/libnx/lib\libnx.a(vi.o)
 *fill*         0x000000000000f7f4        0xc 
 .text._viCreatestray_layer.isra.4
                0x000000000000f800      0x130 C:/devkitPro/libnx/lib\libnx.a(vi.o)
 .text._viOpenLayer
                0x000000000000f930      0x138 C:/devkitPro/libnx/lib\libnx.a(vi.o)
 *fill*         0x000000000000fa68        0x8 
 .text.viExit   0x000000000000fa70      0x1d8 C:/devkitPro/libnx/lib\libnx.a(vi.o)
                0x000000000000fa70                viExit
 *fill*         0x000000000000fc48        0x8 
 .text.viInitialize
                0x000000000000fc50      0x29c C:/devkitPro/libnx/lib\libnx.a(vi.o)
                0x000000000000fc50                viInitialize
 *fill*         0x000000000000feec        0x4 
 .text.viGetSession_IHOSBinderDriverRelay
                0x000000000000fef0        0xc C:/devkitPro/libnx/lib\libnx.a(vi.o)
                0x000000000000fef0                viGetSession_IHOSBinderDriverRelay
 *fill*         0x000000000000fefc        0x4 
 .text.viOpenDisplay
                0x000000000000ff00      0x140 C:/devkitPro/libnx/lib\libnx.a(vi.o)
                0x000000000000ff00                viOpenDisplay
 .text.viCloseDisplay
                0x0000000000010040       0xf4 C:/devkitPro/libnx/lib\libnx.a(vi.o)
                0x0000000000010040                viCloseDisplay
 *fill*         0x0000000000010134        0xc 
 .text.viOpenLayer
                0x0000000000010140       0xe0 C:/devkitPro/libnx/lib\libnx.a(vi.o)
                0x0000000000010140                viOpenLayer
 .text.viCloseLayer
                0x0000000000010220      0x104 C:/devkitPro/libnx/lib\libnx.a(vi.o)
                0x0000000000010220                viCloseLayer
 *fill*         0x0000000000010324        0xc 
 .text.viSetLayerScalingMode
                0x0000000000010330       0xe4 C:/devkitPro/libnx/lib\libnx.a(vi.o)
                0x0000000000010330                viSetLayerScalingMode
 *fill*         0x0000000000010414        0xc 
 .text.viGetDisplayVsyncEvent
                0x0000000000010420      0x134 C:/devkitPro/libnx/lib\libnx.a(vi.o)
                0x0000000000010420                viGetDisplayVsyncEvent
 *fill*         0x0000000000010554        0xc 
 .text.ipcCloseObjectById
                0x0000000000010560       0x34 C:/devkitPro/libnx/lib\libnx.a(time.o)
 *fill*         0x0000000000010594        0xc 
 .text._timeGetSession
                0x00000000000105a0      0x13c C:/devkitPro/libnx/lib\libnx.a(time.o)
 *fill*         0x00000000000106dc        0x4 
 .text.timeExit
                0x00000000000106e0      0x1f0 C:/devkitPro/libnx/lib\libnx.a(time.o)
                0x00000000000106e0                timeExit
 .text.timeInitialize
                0x00000000000108d0       0xe0 C:/devkitPro/libnx/lib\libnx.a(time.o)
                0x00000000000108d0                timeInitialize
 .text.timeGetCurrentTime
                0x00000000000109b0      0x128 C:/devkitPro/libnx/lib\libnx.a(time.o)
                0x00000000000109b0                timeGetCurrentTime
 *fill*         0x0000000000010ad8        0x8 
 .text.nvmapobjClose
                0x0000000000010ae0       0x3c C:/devkitPro/libnx/lib\libnx.a(nvgfx.o)
 *fill*         0x0000000000010b1c        0x4 
 .text.nvmapobjInitialize.part.0
                0x0000000000010b20       0x70 C:/devkitPro/libnx/lib\libnx.a(nvgfx.o)
 .text.nvmapobjSetup.constprop.2
                0x0000000000010b90       0x74 C:/devkitPro/libnx/lib\libnx.a(nvgfx.o)
 *fill*         0x0000000000010c04        0xc 
 .text.nvgfxInitialize
                0x0000000000010c10      0xbd4 C:/devkitPro/libnx/lib\libnx.a(nvgfx.o)
                0x0000000000010c10                nvgfxInitialize
 *fill*         0x00000000000117e4        0xc 
 .text.nvgfxExit
                0x00000000000117f0      0x12c C:/devkitPro/libnx/lib\libnx.a(nvgfx.o)
                0x00000000000117f0                nvgfxExit
 *fill*         0x000000000001191c        0x4 
 .text.nvgfxEventWait
                0x0000000000011920       0x68 C:/devkitPro/libnx/lib\libnx.a(nvgfx.o)
                0x0000000000011920                nvgfxEventWait
 *fill*         0x0000000000011988        0x8 
 .text.nvgfxGetFramebuffer
                0x0000000000011990       0x40 C:/devkitPro/libnx/lib\libnx.a(nvgfx.o)
                0x0000000000011990                nvgfxGetFramebuffer
 .text.parcelInitialize
                0x00000000000119d0       0x28 C:/devkitPro/libnx/lib\libnx.a(parcel.o)
                0x00000000000119d0                parcelInitialize
 *fill*         0x00000000000119f8        0x8 
 .text.parcelTransact
                0x0000000000011a00      0x1d0 C:/devkitPro/libnx/lib\libnx.a(parcel.o)
                0x0000000000011a00                parcelTransact
 .text.parcelWriteData
                0x0000000000011bd0       0x88 C:/devkitPro/libnx/lib\libnx.a(parcel.o)
                0x0000000000011bd0                parcelWriteData
 *fill*         0x0000000000011c58        0x8 
 .text.parcelReadData
                0x0000000000011c60       0x8c C:/devkitPro/libnx/lib\libnx.a(parcel.o)
                0x0000000000011c60                parcelReadData
 *fill*         0x0000000000011cec        0x4 
 .text.parcelWriteInt32
                0x0000000000011cf0       0x24 C:/devkitPro/libnx/lib\libnx.a(parcel.o)
                0x0000000000011cf0                parcelWriteInt32
 *fill*         0x0000000000011d14        0xc 
 .text.parcelWriteUInt32
                0x0000000000011d20       0x24 C:/devkitPro/libnx/lib\libnx.a(parcel.o)
                0x0000000000011d20                parcelWriteUInt32
 *fill*         0x0000000000011d44        0xc 
 .text.parcelWriteString16
                0x0000000000011d50       0x74 C:/devkitPro/libnx/lib\libnx.a(parcel.o)
                0x0000000000011d50                parcelWriteString16
 *fill*         0x0000000000011dc4        0xc 
 .text.parcelWriteInterfaceToken
                0x0000000000011dd0       0x30 C:/devkitPro/libnx/lib\libnx.a(parcel.o)
                0x0000000000011dd0                parcelWriteInterfaceToken
 .text.parcelReadInt32
                0x0000000000011e00       0x24 C:/devkitPro/libnx/lib\libnx.a(parcel.o)
                0x0000000000011e00                parcelReadInt32
 *fill*         0x0000000000011e24        0xc 
 .text.parcelReadFlattenedObject
                0x0000000000011e30       0x6c C:/devkitPro/libnx/lib\libnx.a(parcel.o)
                0x0000000000011e30                parcelReadFlattenedObject
 *fill*         0x0000000000011e9c        0x4 
 .text.parcelWriteFlattenedObject
                0x0000000000011ea0       0x4c C:/devkitPro/libnx/lib\libnx.a(parcel.o)
                0x0000000000011ea0                parcelWriteFlattenedObject
 *fill*         0x0000000000011eec        0x4 
 .text.nvioctlNvmap_Create
                0x0000000000011ef0       0x3c C:/devkitPro/libnx/lib\libnx.a(nvmap.o)
                0x0000000000011ef0                nvioctlNvmap_Create
 *fill*         0x0000000000011f2c        0x4 
 .text.nvioctlNvmap_FromId
                0x0000000000011f30       0x3c C:/devkitPro/libnx/lib\libnx.a(nvmap.o)
                0x0000000000011f30                nvioctlNvmap_FromId
 *fill*         0x0000000000011f6c        0x4 
 .text.nvioctlNvmap_Alloc
                0x0000000000011f70       0x30 C:/devkitPro/libnx/lib\libnx.a(nvmap.o)
                0x0000000000011f70                nvioctlNvmap_Alloc
 .text.nvioctlNvmap_GetId
                0x0000000000011fa0       0x3c C:/devkitPro/libnx/lib\libnx.a(nvmap.o)
                0x0000000000011fa0                nvioctlNvmap_GetId
 *fill*         0x0000000000011fdc        0x4 
 .text.nvioctlNvhostAsGpu_BindChannel
                0x0000000000011fe0       0x24 C:/devkitPro/libnx/lib\libnx.a(nvhost-as-gpu.o)
                0x0000000000011fe0                nvioctlNvhostAsGpu_BindChannel
 *fill*         0x0000000000012004        0xc 
 .text.nvioctlNvhostAsGpu_AllocSpace
                0x0000000000012010       0x44 C:/devkitPro/libnx/lib\libnx.a(nvhost-as-gpu.o)
                0x0000000000012010                nvioctlNvhostAsGpu_AllocSpace
 *fill*         0x0000000000012054        0xc 
 .text.nvioctlNvhostAsGpu_MapBufferEx
                0x0000000000012060       0x50 C:/devkitPro/libnx/lib\libnx.a(nvhost-as-gpu.o)
                0x0000000000012060                nvioctlNvhostAsGpu_MapBufferEx
 .text.nvioctlNvhostAsGpu_GetVARegions
                0x00000000000120b0       0x64 C:/devkitPro/libnx/lib\libnx.a(nvhost-as-gpu.o)
                0x00000000000120b0                nvioctlNvhostAsGpu_GetVARegions
 *fill*         0x0000000000012114        0xc 
 .text.nvioctlNvhostAsGpu_InitializeEx
                0x0000000000012120       0x3c C:/devkitPro/libnx/lib\libnx.a(nvhost-as-gpu.o)
                0x0000000000012120                nvioctlNvhostAsGpu_InitializeEx
 *fill*         0x000000000001215c        0x4 
 .text.nvioctlNvhostCtrlGpu_ZCullGetCtxSize
                0x0000000000012160       0x3c C:/devkitPro/libnx/lib\libnx.a(nvhost-ctrl-gpu.o)
                0x0000000000012160                nvioctlNvhostCtrlGpu_ZCullGetCtxSize
 *fill*         0x000000000001219c        0x4 
 .text.nvioctlNvhostCtrlGpu_ZCullGetInfo
                0x00000000000121a0       0x54 C:/devkitPro/libnx/lib\libnx.a(nvhost-ctrl-gpu.o)
                0x00000000000121a0                nvioctlNvhostCtrlGpu_ZCullGetInfo
 *fill*         0x00000000000121f4        0xc 
 .text.nvioctlNvhostCtrlGpu_GetCharacteristics
                0x0000000000012200       0x88 C:/devkitPro/libnx/lib\libnx.a(nvhost-ctrl-gpu.o)
                0x0000000000012200                nvioctlNvhostCtrlGpu_GetCharacteristics
 *fill*         0x0000000000012288        0x8 
 .text.nvioctlNvhostCtrlGpu_GetTpcMasks
                0x0000000000012290       0x5c C:/devkitPro/libnx/lib\libnx.a(nvhost-ctrl-gpu.o)
                0x0000000000012290                nvioctlNvhostCtrlGpu_GetTpcMasks
 *fill*         0x00000000000122ec        0x4 
 .text.nvioctlNvhostCtrlGpu_GetL2State
                0x00000000000122f0       0x3c C:/devkitPro/libnx/lib\libnx.a(nvhost-ctrl-gpu.o)
                0x00000000000122f0                nvioctlNvhostCtrlGpu_GetL2State
 *fill*         0x000000000001232c        0x4 
 .text.nvioctlNvhostCtrl_EventWait
                0x0000000000012330       0x40 C:/devkitPro/libnx/lib\libnx.a(nvhost-ctrl.o)
                0x0000000000012330                nvioctlNvhostCtrl_EventWait
 .text.nvioctlChannel_SetNvmapFd
                0x0000000000012370       0x24 C:/devkitPro/libnx/lib\libnx.a(channel.o)
                0x0000000000012370                nvioctlChannel_SetNvmapFd
 *fill*         0x0000000000012394        0xc 
 .text.nvioctlChannel_AllocObjCtx
                0x00000000000123a0       0x30 C:/devkitPro/libnx/lib\libnx.a(channel.o)
                0x00000000000123a0                nvioctlChannel_AllocObjCtx
 .text.nvioctlChannel_ZCullBind
                0x00000000000123d0       0x28 C:/devkitPro/libnx/lib\libnx.a(channel.o)
                0x00000000000123d0                nvioctlChannel_ZCullBind
 *fill*         0x00000000000123f8        0x8 
 .text.nvioctlChannel_SetErrorNotifier
                0x0000000000012400       0x28 C:/devkitPro/libnx/lib\libnx.a(channel.o)
                0x0000000000012400                nvioctlChannel_SetErrorNotifier
 *fill*         0x0000000000012428        0x8 
 .text.nvioctlChannel_SetPriority
                0x0000000000012430       0x24 C:/devkitPro/libnx/lib\libnx.a(channel.o)
                0x0000000000012430                nvioctlChannel_SetPriority
 *fill*         0x0000000000012454        0xc 
 .text.nvioctlChannel_AllocGpfifoEx2
                0x0000000000012460       0x54 C:/devkitPro/libnx/lib\libnx.a(channel.o)
                0x0000000000012460                nvioctlChannel_AllocGpfifoEx2
 *fill*         0x00000000000124b4        0xc 
 .text.nvioctlChannel_SetUserData
                0x00000000000124c0       0x24 C:/devkitPro/libnx/lib\libnx.a(channel.o)
                0x00000000000124c0                nvioctlChannel_SetUserData
 *fill*         0x00000000000124e4        0xc 
 .text.decode_utf8
                0x00000000000124f0      0x130 C:/devkitPro/libnx/lib\libnx.a(decode_utf8.o)
                0x00000000000124f0                decode_utf8
 .text.mutexInit
                0x0000000000012620        0x8 C:/devkitPro/libnx/lib\libnx.a(newlib.o)
 *fill*         0x0000000000012628        0x8 
 .text.rmutexInit
                0x0000000000012630        0xc C:/devkitPro/libnx/lib\libnx.a(newlib.o)
 *fill*         0x000000000001263c        0x4 
 .text.__libnx_gtod
                0x0000000000012640       0x90 C:/devkitPro/libnx/lib\libnx.a(newlib.o)
                0x0000000000012640                __libnx_gtod
 .text.__libnx_get_reent
                0x00000000000126d0       0x34 C:/devkitPro/libnx/lib\libnx.a(newlib.o)
 *fill*         0x0000000000012704        0xc 
 .text.newlibSetup
                0x0000000000012710       0xec C:/devkitPro/libnx/lib\libnx.a(newlib.o)
                0x0000000000012710                newlibSetup
 *fill*         0x00000000000127fc        0x4 
 .text.bsearch  0x0000000000012800       0xc8 c:/devkitpro/devkita64/bin/../lib/gcc/aarch64-none-elf/7.3.0/../../../../aarch64-none-elf/lib/pic\libg.a(lib_a-bsearch.o)
                0x0000000000012800                bsearch
 .text.__errno  0x00000000000128c8       0x14 c:/devkitpro/devkita64/bin/../lib/gcc/aarch64-none-elf/7.3.0/../../../../aarch64-none-elf/lib/pic\libg.a(lib_a-errno.o)
                0x00000000000128c8                __errno
 *fill*         0x00000000000128dc        0x4 
 .text.__libc_fini_array
                0x00000000000128e0       0x44 c:/devkitpro/devkita64/bin/../lib/gcc/aarch64-none-elf/7.3.0/../../../../aarch64-none-elf/lib/pic\libg.a(lib_a-fini.o)
                0x00000000000128e0                __libc_fini_array
 *fill*         0x0000000000012924        0x4 
 .text.__libc_init_array
                0x0000000000012928       0x8c c:/devkitpro/devkita64/bin/../lib/gcc/aarch64-none-elf/7.3.0/../../../../aarch64-none-elf/lib/pic\libg.a(lib_a-init.o)
                0x0000000000012928                __libc_init_array
 *fill*         0x00000000000129b4        0x4 
 .text.__locale_mb_cur_max
                0x00000000000129b8       0x2c c:/devkitpro/devkita64/bin/../lib/gcc/aarch64-none-elf/7.3.0/../../../../aarch64-none-elf/lib/pic\libg.a(lib_a-locale.o)
                0x00000000000129b8                __locale_mb_cur_max
 *fill*         0x00000000000129e4        0x4 
 .text.__locale_ctype_ptr_l
                0x00000000000129e8        0x8 c:/devkitpro/devkita64/bin/../lib/gcc/aarch64-none-elf/7.3.0/../../../../aarch64-none-elf/lib/pic\libg.a(lib_a-locale.o)
                0x00000000000129e8                __locale_ctype_ptr_l
 .text.__locale_ctype_ptr
                0x00000000000129f0       0x2c c:/devkitpro/devkita64/bin/../lib/gcc/aarch64-none-elf/7.3.0/../../../../aarch64-none-elf/lib/pic\libg.a(lib_a-locale.o)
                0x00000000000129f0                __locale_ctype_ptr
 *fill*         0x0000000000012a1c        0x4 
 .text.memalign
                0x0000000000012a20       0x2c c:/devkitpro/devkita64/bin/../lib/gcc/aarch64-none-elf/7.3.0/../../../../aarch64-none-elf/lib/pic\libg.a(lib_a-malign.o)
                0x0000000000012a20                memalign
 *fill*         0x0000000000012a4c        0x4 
 .text._memalign_r
                0x0000000000012a50      0x1ac c:/devkitpro/devkita64/bin/../lib/gcc/aarch64-none-elf/7.3.0/../../../../aarch64-none-elf/lib/pic\libg.a(lib_a-malignr.o)
                0x0000000000012a50                _memalign_r
 *fill*         0x0000000000012bfc        0x4 
 .text.malloc   0x0000000000012c00       0x24 c:/devkitpro/devkita64/bin/../lib/gcc/aarch64-none-elf/7.3.0/../../../../aarch64-none-elf/lib/pic\libg.a(lib_a-malloc.o)
                0x0000000000012c00                malloc
 *fill*         0x0000000000012c24        0x4 
 .text.free     0x0000000000012c28       0x24 c:/devkitpro/devkita64/bin/../lib/gcc/aarch64-none-elf/7.3.0/../../../../aarch64-none-elf/lib/pic\libg.a(lib_a-malloc.o)
                0x0000000000012c28                free
 *fill*         0x0000000000012c4c        0x4 
 .text._malloc_r
                0x0000000000012c50      0x8b4 c:/devkitpro/devkita64/bin/../lib/gcc/aarch64-none-elf/7.3.0/../../../../aarch64-none-elf/lib/pic\libg.a(lib_a-mallocr.o)
                0x0000000000012c50                _malloc_r
 *fill*         0x0000000000013504        0x4 
 .text.__utf8_mbtowc
                0x0000000000013508      0x2d8 c:/devkitpro/devkita64/bin/../lib/gcc/aarch64-none-elf/7.3.0/../../../../aarch64-none-elf/lib/pic\libg.a(lib_a-mbtowc_r.o)
                0x0000000000013508                __utf8_mbtowc
 .text          0x00000000000137e0       0xd8 c:/devkitpro/devkita64/bin/../lib/gcc/aarch64-none-elf/7.3.0/../../../../aarch64-none-elf/lib/pic\libg.a(lib_a-memchr.o)
                0x00000000000137e0                memchr
 *fill*         0x00000000000138b8        0x8 
 .text          0x00000000000138c0      0x16c c:/devkitpro/devkita64/bin/../lib/gcc/aarch64-none-elf/7.3.0/../../../../aarch64-none-elf/lib/pic\libg.a(lib_a-memcpy.o)
                0x00000000000138c0                memcpy
 *fill*         0x0000000000013a2c       0x14 
 .text          0x0000000000013a40      0x1d8 c:/devkitpro/devkita64/bin/../lib/gcc/aarch64-none-elf/7.3.0/../../../../aarch64-none-elf/lib/pic\libg.a(lib_a-memset.o)
                0x0000000000013a40                memset
 .text.__malloc_lock
                0x0000000000013c18        0xc c:/devkitpro/devkita64/bin/../lib/gcc/aarch64-none-elf/7.3.0/../../../../aarch64-none-elf/lib/pic\libg.a(lib_a-mlock.o)
                0x0000000000013c18                __malloc_lock
 *fill*         0x0000000000013c24        0x4 
 .text.__malloc_unlock
                0x0000000000013c28        0xc c:/devkitpro/devkita64/bin/../lib/gcc/aarch64-none-elf/7.3.0/../../../../aarch64-none-elf/lib/pic\libg.a(lib_a-mlock.o)
                0x0000000000013c28                __malloc_unlock
 *fill*         0x0000000000013c34        0x4 
 .text.printf   0x0000000000013c38       0x90 c:/devkitpro/devkita64/bin/../lib/gcc/aarch64-none-elf/7.3.0/../../../../aarch64-none-elf/lib/pic\libg.a(lib_a-printf.o)
                0x0000000000013c38                printf
 .text.setvbuf  0x0000000000013cc8      0x270 c:/devkitpro/devkita64/bin/../lib/gcc/aarch64-none-elf/7.3.0/../../../../aarch64-none-elf/lib/pic\libg.a(lib_a-setvbuf.o)
                0x0000000000013cc8                setvbuf
 .text.sscanf   0x0000000000013f38       0xc8 c:/devkitpro/devkita64/bin/../lib/gcc/aarch64-none-elf/7.3.0/../../../../aarch64-none-elf/lib/pic\libg.a(lib_a-sscanf.o)
                0x0000000000013f38                sscanf
 .text.__sread  0x0000000000014000       0x50 c:/devkitpro/devkita64/bin/../lib/gcc/aarch64-none-elf/7.3.0/../../../../aarch64-none-elf/lib/pic\libg.a(lib_a-stdio.o)
                0x0000000000014000                __sread
 .text.__seofread
                0x0000000000014050        0x8 c:/devkitpro/devkita64/bin/../lib/gcc/aarch64-none-elf/7.3.0/../../../../aarch64-none-elf/lib/pic\libg.a(lib_a-stdio.o)
                0x0000000000014050                __seofread
 .text.__swrite
                0x0000000000014058       0x68 c:/devkitpro/devkita64/bin/../lib/gcc/aarch64-none-elf/7.3.0/../../../../aarch64-none-elf/lib/pic\libg.a(lib_a-stdio.o)
                0x0000000000014058                __swrite
 .text.__sseek  0x00000000000140c0       0x54 c:/devkitpro/devkita64/bin/../lib/gcc/aarch64-none-elf/7.3.0/../../../../aarch64-none-elf/lib/pic\libg.a(lib_a-stdio.o)
                0x00000000000140c0                __sseek
 *fill*         0x0000000000014114        0x4 
 .text.__sclose
                0x0000000000014118        0x8 c:/devkitpro/devkita64/bin/../lib/gcc/aarch64-none-elf/7.3.0/../../../../aarch64-none-elf/lib/pic\libg.a(lib_a-stdio.o)
                0x0000000000014118                __sclose
 .text          0x0000000000014120       0xdc c:/devkitpro/devkita64/bin/../lib/gcc/aarch64-none-elf/7.3.0/../../../../aarch64-none-elf/lib/pic\libg.a(lib_a-strchr.o)
                0x0000000000014120                strchr
 *fill*         0x00000000000141fc        0x4 
 .text          0x0000000000014200       0xa4 c:/devkitpro/devkita64/bin/../lib/gcc/aarch64-none-elf/7.3.0/../../../../aarch64-none-elf/lib/pic\libg.a(lib_a-strcmp.o)
                0x0000000000014200                strcmp
 *fill*         0x00000000000142a4       0x1c 
 .text          0x00000000000142c0      0x140 c:/devkitpro/devkita64/bin/../lib/gcc/aarch64-none-elf/7.3.0/../../../../aarch64-none-elf/lib/pic\libg.a(lib_a-strlen.o)
                0x00000000000142c0                strlen
 .text.strncat  0x0000000000014400       0x88 c:/devkitpro/devkita64/bin/../lib/gcc/aarch64-none-elf/7.3.0/../../../../aarch64-none-elf/lib/pic\libg.a(lib_a-strncat.o)
                0x0000000000014400                strncat
 *fill*         0x0000000000014488       0x38 
 .text          0x00000000000144c0      0x124 c:/devkitpro/devkita64/bin/../lib/gcc/aarch64-none-elf/7.3.0/../../../../aarch64-none-elf/lib/pic\libg.a(lib_a-strncmp.o)
                0x00000000000144dc                strncmp
 *fill*         0x00000000000145e4        0x4 
 .text.strncpy  0x00000000000145e8       0xb4 c:/devkitpro/devkita64/bin/../lib/gcc/aarch64-none-elf/7.3.0/../../../../aarch64-none-elf/lib/pic\libg.a(lib_a-strncpy.o)
                0x00000000000145e8                strncpy
 *fill*         0x000000000001469c       0x24 
 .text          0x00000000000146c0       0xe0 c:/devkitpro/devkita64/bin/../lib/gcc/aarch64-none-elf/7.3.0/../../../../aarch64-none-elf/lib/pic\libg.a(lib_a-strnlen.o)
                0x00000000000146e4                strnlen
 .text._strtol_l.isra.0
                0x00000000000147a0      0x1d8 c:/devkitpro/devkita64/bin/../lib/gcc/aarch64-none-elf/7.3.0/../../../../aarch64-none-elf/lib/pic\libg.a(lib_a-strtol.o)
 .text._strtol_r
                0x0000000000014978       0x58 c:/devkitpro/devkita64/bin/../lib/gcc/aarch64-none-elf/7.3.0/../../../../aarch64-none-elf/lib/pic\libg.a(lib_a-strtol.o)
                0x0000000000014978                _strtol_r
 .text._strtoul_l.isra.0
                0x00000000000149d0      0x1e0 c:/devkitpro/devkita64/bin/../lib/gcc/aarch64-none-elf/7.3.0/../../../../aarch64-none-elf/lib/pic\libg.a(lib_a-strtoul.o)
 .text._strtoul_r
                0x0000000000014bb0       0x58 c:/devkitpro/devkita64/bin/../lib/gcc/aarch64-none-elf/7.3.0/../../../../aarch64-none-elf/lib/pic\libg.a(lib_a-strtoul.o)
                0x0000000000014bb0                _strtoul_r
 .text.strtoul  0x0000000000014c08       0x5c c:/devkitpro/devkita64/bin/../lib/gcc/aarch64-none-elf/7.3.0/../../../../aarch64-none-elf/lib/pic\libg.a(lib_a-strtoul.o)
                0x0000000000014c08                strtoul
 .text.get_arg  0x0000000000014c64       0x5c c:/devkitpro/devkita64/bin/../lib/gcc/aarch64-none-elf/7.3.0/../../../../aarch64-none-elf/lib/pic\libg.a(lib_a-svfscanf.o)
 .text.__ssvfscanf_r
                0x0000000000014cc0     0x2f30 c:/devkitpro/devkita64/bin/../lib/gcc/aarch64-none-elf/7.3.0/../../../../aarch64-none-elf/lib/pic\libg.a(lib_a-svfscanf.o)
                0x0000000000014cc0                __ssvfscanf_r
 .text.close    0x0000000000017bf0       0x24 c:/devkitpro/devkita64/bin/../lib/gcc/aarch64-none-elf/7.3.0/../../../../aarch64-none-elf/lib/pic\libg.a(lib_a-sysclose.o)
                0x0000000000017bf0                close
 .text.__sprint_r
                0x0000000000017c14       0x3c c:/devkitpro/devkita64/bin/../lib/gcc/aarch64-none-elf/7.3.0/../../../../aarch64-none-elf/lib/pic\libg.a(lib_a-vfiprintf.o)
                0x0000000000017c14                __sprint_r
 .text.get_arg  0x0000000000017c50      0x778 c:/devkitpro/devkita64/bin/../lib/gcc/aarch64-none-elf/7.3.0/../../../../aarch64-none-elf/lib/pic\libg.a(lib_a-vfprintf.o)
 .text._vfprintf_r
                0x00000000000183c8     0x3bc0 c:/devkitpro/devkita64/bin/../lib/gcc/aarch64-none-elf/7.3.0/../../../../aarch64-none-elf/lib/pic\libg.a(lib_a-vfprintf.o)
                0x00000000000183c8                _vfprintf_r
 .text.__sbprintf
                0x000000000001bf88       0xf4 c:/devkitpro/devkita64/bin/../lib/gcc/aarch64-none-elf/7.3.0/../../../../aarch64-none-elf/lib/pic\libg.a(lib_a-vfprintf.o)
 *fill*         0x000000000001c07c        0x4 
 .text._vsprintf_r
                0x000000000001c080       0x50 c:/devkitpro/devkita64/bin/../lib/gcc/aarch64-none-elf/7.3.0/../../../../aarch64-none-elf/lib/pic\libg.a(lib_a-vsprintf.o)
                0x000000000001c080                _vsprintf_r
 .text.vsprintf
                0x000000000001c0d0       0x50 c:/devkitpro/devkita64/bin/../lib/gcc/aarch64-none-elf/7.3.0/../../../../aarch64-none-elf/lib/pic\libg.a(lib_a-vsprintf.o)
                0x000000000001c0d0                vsprintf
 .text._wcrtomb_r
                0x000000000001c120       0xdc c:/devkitpro/devkita64/bin/../lib/gcc/aarch64-none-elf/7.3.0/../../../../aarch64-none-elf/lib/pic\libg.a(lib_a-wcrtomb.o)
                0x000000000001c120                _wcrtomb_r
 *fill*         0x000000000001c1fc        0x4 
 .text._wcsrtombs_r
                0x000000000001c200       0x10 c:/devkitpro/devkita64/bin/../lib/gcc/aarch64-none-elf/7.3.0/../../../../aarch64-none-elf/lib/pic\libg.a(lib_a-wcsrtombs.o)
                0x000000000001c200                _wcsrtombs_r
 .text.__utf8_wctomb
                0x000000000001c210       0xe8 c:/devkitpro/devkita64/bin/../lib/gcc/aarch64-none-elf/7.3.0/../../../../aarch64-none-elf/lib/pic\libg.a(lib_a-wctomb_r.o)
                0x000000000001c210                __utf8_wctomb
 .text.__swsetup_r
                0x000000000001c2f8      0x13c c:/devkitpro/devkita64/bin/../lib/gcc/aarch64-none-elf/7.3.0/../../../../aarch64-none-elf/lib/pic\libg.a(lib_a-wsetup.o)
                0x000000000001c2f8                __swsetup_r
 *fill*         0x000000000001c434        0x4 
 .text.quorem   0x000000000001c438      0x1b0 c:/devkitpro/devkita64/bin/../lib/gcc/aarch64-none-elf/7.3.0/../../../../aarch64-none-elf/lib/pic\libg.a(lib_a-dtoa.o)
 .text._dtoa_r  0x000000000001c5e8     0x11c4 c:/devkitpro/devkita64/bin/../lib/gcc/aarch64-none-elf/7.3.0/../../../../aarch64-none-elf/lib/pic\libg.a(lib_a-dtoa.o)
                0x000000000001c5e8                _dtoa_r
 *fill*         0x000000000001d7ac        0x4 
 .text.__sflush_r
                0x000000000001d7b0      0x278 c:/devkitpro/devkita64/bin/../lib/gcc/aarch64-none-elf/7.3.0/../../../../aarch64-none-elf/lib/pic\libg.a(lib_a-fflush.o)
                0x000000000001d7b0                __sflush_r
 .text._fflush_r
                0x000000000001da28       0xa4 c:/devkitpro/devkita64/bin/../lib/gcc/aarch64-none-elf/7.3.0/../../../../aarch64-none-elf/lib/pic\libg.a(lib_a-fflush.o)
                0x000000000001da28                _fflush_r
 *fill*         0x000000000001dacc        0x4 
 .text.std      0x000000000001dad0       0x78 c:/devkitpro/devkita64/bin/../lib/gcc/aarch64-none-elf/7.3.0/../../../../aarch64-none-elf/lib/pic\libg.a(lib_a-findfp.o)
 .text._cleanup_r
                0x000000000001db48        0xc c:/devkitpro/devkita64/bin/../lib/gcc/aarch64-none-elf/7.3.0/../../../../aarch64-none-elf/lib/pic\libg.a(lib_a-findfp.o)
                0x000000000001db48                _cleanup_r
 *fill*         0x000000000001db54        0x4 
 .text.__sfp_lock_acquire
                0x000000000001db58        0xc c:/devkitpro/devkita64/bin/../lib/gcc/aarch64-none-elf/7.3.0/../../../../aarch64-none-elf/lib/pic\libg.a(lib_a-findfp.o)
                0x000000000001db58                __sfp_lock_acquire
 *fill*         0x000000000001db64        0x4 
 .text.__sfp_lock_release
                0x000000000001db68        0xc c:/devkitpro/devkita64/bin/../lib/gcc/aarch64-none-elf/7.3.0/../../../../aarch64-none-elf/lib/pic\libg.a(lib_a-findfp.o)
                0x000000000001db68                __sfp_lock_release
 *fill*         0x000000000001db74        0x4 
 .text.__sinit_lock_acquire
                0x000000000001db78        0xc c:/devkitpro/devkita64/bin/../lib/gcc/aarch64-none-elf/7.3.0/../../../../aarch64-none-elf/lib/pic\libg.a(lib_a-findfp.o)
                0x000000000001db78                __sinit_lock_acquire
 *fill*         0x000000000001db84        0x4 
 .text.__sinit_lock_release
                0x000000000001db88        0xc c:/devkitpro/devkita64/bin/../lib/gcc/aarch64-none-elf/7.3.0/../../../../aarch64-none-elf/lib/pic\libg.a(lib_a-findfp.o)
                0x000000000001db88                __sinit_lock_release
 *fill*         0x000000000001db94        0x4 
 .text.__sinit  0x000000000001db98       0x80 c:/devkitpro/devkita64/bin/../lib/gcc/aarch64-none-elf/7.3.0/../../../../aarch64-none-elf/lib/pic\libg.a(lib_a-findfp.o)
                0x000000000001db98                __sinit
 .text._malloc_trim_r
                0x000000000001dc18      0x11c c:/devkitpro/devkita64/bin/../lib/gcc/aarch64-none-elf/7.3.0/../../../../aarch64-none-elf/lib/pic\libg.a(lib_a-freer.o)
                0x000000000001dc18                _malloc_trim_r
 *fill*         0x000000000001dd34        0x4 
 .text._free_r  0x000000000001dd38      0x314 c:/devkitpro/devkita64/bin/../lib/gcc/aarch64-none-elf/7.3.0/../../../../aarch64-none-elf/lib/pic\libg.a(lib_a-freer.o)
                0x000000000001dd38                _free_r
 *fill*         0x000000000001e04c        0x4 
 .text.__sfvwrite_r
                0x000000000001e050      0x4f4 c:/devkitpro/devkita64/bin/../lib/gcc/aarch64-none-elf/7.3.0/../../../../aarch64-none-elf/lib/pic\libg.a(lib_a-fvwrite.o)
                0x000000000001e050                __sfvwrite_r
 *fill*         0x000000000001e544        0x4 
 .text._fwalk_reent
                0x000000000001e548       0xcc c:/devkitpro/devkita64/bin/../lib/gcc/aarch64-none-elf/7.3.0/../../../../aarch64-none-elf/lib/pic\libg.a(lib_a-fwalk.o)
                0x000000000001e548                _fwalk_reent
 *fill*         0x000000000001e614        0x4 
 .text.iswspace
                0x000000000001e618       0x80 c:/devkitpro/devkita64/bin/../lib/gcc/aarch64-none-elf/7.3.0/../../../../aarch64-none-elf/lib/pic\libg.a(lib_a-iswspace.o)
                0x000000000001e618                iswspace
 .text.__jp2uc  0x000000000001e698      0x24c c:/devkitpro/devkita64/bin/../lib/gcc/aarch64-none-elf/7.3.0/../../../../aarch64-none-elf/lib/pic\libg.a(lib_a-jp2uc.o)
 *fill*         0x000000000001e8e4        0x4 
 .text._jp2uc   0x000000000001e8e8       0xd0 c:/devkitpro/devkita64/bin/../lib/gcc/aarch64-none-elf/7.3.0/../../../../aarch64-none-elf/lib/pic\libg.a(lib_a-jp2uc.o)
                0x000000000001e8e8                _jp2uc
 .text.__localeconv_l
                0x000000000001e9b8        0x8 c:/devkitpro/devkita64/bin/../lib/gcc/aarch64-none-elf/7.3.0/../../../../aarch64-none-elf/lib/pic\libg.a(lib_a-localeconv.o)
                0x000000000001e9b8                __localeconv_l
 .text._localeconv_r
                0x000000000001e9c0       0x28 c:/devkitpro/devkita64/bin/../lib/gcc/aarch64-none-elf/7.3.0/../../../../aarch64-none-elf/lib/pic\libg.a(lib_a-localeconv.o)
                0x000000000001e9c0                _localeconv_r
 .text.__swhatbuf_r
                0x000000000001e9e8       0xac c:/devkitpro/devkita64/bin/../lib/gcc/aarch64-none-elf/7.3.0/../../../../aarch64-none-elf/lib/pic\libg.a(lib_a-makebuf.o)
                0x000000000001e9e8                __swhatbuf_r
 *fill*         0x000000000001ea94        0x4 
 .text.__smakebuf_r
                0x000000000001ea98      0x110 c:/devkitpro/devkita64/bin/../lib/gcc/aarch64-none-elf/7.3.0/../../../../aarch64-none-elf/lib/pic\libg.a(lib_a-makebuf.o)
                0x000000000001ea98                __smakebuf_r
 .text._mbrtowc_r
                0x000000000001eba8       0xf4 c:/devkitpro/devkita64/bin/../lib/gcc/aarch64-none-elf/7.3.0/../../../../aarch64-none-elf/lib/pic\libg.a(lib_a-mbrtowc.o)
                0x000000000001eba8                _mbrtowc_r
 *fill*         0x000000000001ec9c       0x24 
 .text          0x000000000001ecc0       0xac c:/devkitpro/devkita64/bin/../lib/gcc/aarch64-none-elf/7.3.0/../../../../aarch64-none-elf/lib/pic\libg.a(lib_a-memmove.o)
                0x000000000001ecc0                memmove
 *fill*         0x000000000001ed6c        0x4 
 .text._Balloc  0x000000000001ed70       0xa4 c:/devkitpro/devkita64/bin/../lib/gcc/aarch64-none-elf/7.3.0/../../../../aarch64-none-elf/lib/pic\libg.a(lib_a-mprec.o)
                0x000000000001ed70                _Balloc
 *fill*         0x000000000001ee14        0x4 
 .text._Bfree   0x000000000001ee18       0x1c c:/devkitpro/devkita64/bin/../lib/gcc/aarch64-none-elf/7.3.0/../../../../aarch64-none-elf/lib/pic\libg.a(lib_a-mprec.o)
                0x000000000001ee18                _Bfree
 *fill*         0x000000000001ee34        0x4 
 .text.__multadd
                0x000000000001ee38       0xe0 c:/devkitpro/devkita64/bin/../lib/gcc/aarch64-none-elf/7.3.0/../../../../aarch64-none-elf/lib/pic\libg.a(lib_a-mprec.o)
                0x000000000001ee38                __multadd
 .text.__s2b    0x000000000001ef18      0x120 c:/devkitpro/devkita64/bin/../lib/gcc/aarch64-none-elf/7.3.0/../../../../aarch64-none-elf/lib/pic\libg.a(lib_a-mprec.o)
                0x000000000001ef18                __s2b
 .text.__hi0bits
                0x000000000001f038       0x5c c:/devkitpro/devkita64/bin/../lib/gcc/aarch64-none-elf/7.3.0/../../../../aarch64-none-elf/lib/pic\libg.a(lib_a-mprec.o)
                0x000000000001f038                __hi0bits
 *fill*         0x000000000001f094        0x4 
 .text.__lo0bits
                0x000000000001f098       0xa8 c:/devkitpro/devkita64/bin/../lib/gcc/aarch64-none-elf/7.3.0/../../../../aarch64-none-elf/lib/pic\libg.a(lib_a-mprec.o)
                0x000000000001f098                __lo0bits
 .text.__i2b    0x000000000001f140       0x2c c:/devkitpro/devkita64/bin/../lib/gcc/aarch64-none-elf/7.3.0/../../../../aarch64-none-elf/lib/pic\libg.a(lib_a-mprec.o)
                0x000000000001f140                __i2b
 *fill*         0x000000000001f16c        0x4 
 .text.__multiply
                0x000000000001f170      0x1d8 c:/devkitpro/devkita64/bin/../lib/gcc/aarch64-none-elf/7.3.0/../../../../aarch64-none-elf/lib/pic\libg.a(lib_a-mprec.o)
                0x000000000001f170                __multiply
 .text.__pow5mult
                0x000000000001f348      0x108 c:/devkitpro/devkita64/bin/../lib/gcc/aarch64-none-elf/7.3.0/../../../../aarch64-none-elf/lib/pic\libg.a(lib_a-mprec.o)
                0x000000000001f348                __pow5mult
 .text.__lshift